Component: ARM Compiler 5.06 update 5 (build 528) Tool: armlink [4d35e2]

==============================================================================

Section Cross References

    startup_stm32l476xx.o(STACK) refers (Special) to heapauxi.o(.text) for __use_two_region_memory
    startup_stm32l476xx.o(HEAP) refers (Special) to heapauxi.o(.text) for __use_two_region_memory
    startup_stm32l476xx.o(RESET) refers (Special) to heapauxi.o(.text) for __use_two_region_memory
    startup_stm32l476xx.o(RESET) refers to startup_stm32l476xx.o(STACK) for __initial_sp
    startup_stm32l476xx.o(RESET) refers to startup_stm32l476xx.o(.text) for Reset_Handler
    startup_stm32l476xx.o(RESET) refers to stm32l4xx_it.o(i.NMI_Handler) for NMI_Handler
    startup_stm32l476xx.o(RESET) refers to stm32l4xx_it.o(i.HardFault_Handler) for HardFault_Handler
    startup_stm32l476xx.o(RESET) refers to stm32l4xx_it.o(i.MemManage_Handler) for MemManage_Handler
    startup_stm32l476xx.o(RESET) refers to stm32l4xx_it.o(i.BusFault_Handler) for BusFault_Handler
    startup_stm32l476xx.o(RESET) refers to stm32l4xx_it.o(i.UsageFault_Handler) for UsageFault_Handler
    startup_stm32l476xx.o(RESET) refers to port.o(.emb_text) for SVC_Handler
    startup_stm32l476xx.o(RESET) refers to stm32l4xx_it.o(i.DebugMon_Handler) for DebugMon_Handler
    startup_stm32l476xx.o(RESET) refers to port.o(i.SysTick_Handler) for SysTick_Handler
    startup_stm32l476xx.o(RESET) refers to stm32l4xx_it.o(i.DMA1_Channel1_IRQHandler) for DMA1_Channel1_IRQHandler
    startup_stm32l476xx.o(RESET) refers to stm32l4xx_it.o(i.ADC1_2_IRQHandler) for ADC1_2_IRQHandler
    startup_stm32l476xx.o(RESET) refers to stm32l4xx_it.o(i.TIM1_CC_IRQHandler) for TIM1_CC_IRQHandler
    startup_stm32l476xx.o(RESET) refers to stm32l4xx_it.o(i.TIM2_IRQHandler) for TIM2_IRQHandler
    startup_stm32l476xx.o(RESET) refers to stm32l4xx_it.o(i.USART1_IRQHandler) for USART1_IRQHandler
    startup_stm32l476xx.o(.text) refers (Special) to heapauxi.o(.text) for __use_two_region_memory
    startup_stm32l476xx.o(.text) refers to system_stm32l4xx.o(i.SystemInit) for SystemInit
    startup_stm32l476xx.o(.text) refers to __main.o(!!!main) for __main
    startup_stm32l476xx.o(.text) refers to startup_stm32l476xx.o(HEAP) for Heap_Mem
    startup_stm32l476xx.o(.text) refers to startup_stm32l476xx.o(STACK) for Stack_Mem
    main.o(i.HAL_TIM_PeriodElapsedCallback) refers to stm32l4xx_hal.o(i.HAL_IncTick) for HAL_IncTick
    main.o(i.main) refers to stm32l4xx_hal.o(i.HAL_Init) for HAL_Init
    main.o(i.main) refers to app_main.o(i.app_main_init) for app_main_init
    main.o(i.main) refers to cmsis_os.o(i.osKernelStart) for osKernelStart
    freertos.o(i.vApplicationGetIdleTaskMemory) refers to freertos.o(.bss) for .bss
    stm32l4xx_it.o(i.ADC1_2_IRQHandler) refers to mcal_adc.o(i.mcal_adc_get_handle1) for mcal_adc_get_handle1
    stm32l4xx_it.o(i.ADC1_2_IRQHandler) refers to stm32l4xx_hal_adc.o(i.HAL_ADC_IRQHandler) for HAL_ADC_IRQHandler
    stm32l4xx_it.o(i.ADC1_2_IRQHandler) refers to mcal_adc.o(i.mcal_adc_get_handle2) for mcal_adc_get_handle2
    stm32l4xx_it.o(i.DMA1_Channel1_IRQHandler) refers to mcal_dma.o(i.mcal_dma_get_handle_adc1) for mcal_dma_get_handle_adc1
    stm32l4xx_it.o(i.DMA1_Channel1_IRQHandler) refers to stm32l4xx_hal_dma.o(i.HAL_DMA_IRQHandler) for HAL_DMA_IRQHandler
    stm32l4xx_it.o(i.TIM1_CC_IRQHandler) refers to mcal_timer.o(i.mcal_timer_get_handle1) for mcal_timer_get_handle1
    stm32l4xx_it.o(i.TIM1_CC_IRQHandler) refers to stm32l4xx_hal_tim.o(i.HAL_TIM_IRQHandler) for HAL_TIM_IRQHandler
    stm32l4xx_it.o(i.TIM2_IRQHandler) refers to mcal_timer.o(i.mcal_timer_get_handle2) for mcal_timer_get_handle2
    stm32l4xx_it.o(i.TIM2_IRQHandler) refers to stm32l4xx_hal_tim.o(i.HAL_TIM_IRQHandler) for HAL_TIM_IRQHandler
    stm32l4xx_it.o(i.USART1_IRQHandler) refers to mcal_uart.o(i.mcal_uart_get_handle1) for mcal_uart_get_handle1
    stm32l4xx_it.o(i.USART1_IRQHandler) refers to stm32l4xx_hal_uart.o(i.HAL_UART_IRQHandler) for HAL_UART_IRQHandler
    stm32l4xx_hal_msp.o(i.HAL_MspInit) refers to stm32l4xx_hal_cortex.o(i.HAL_NVIC_SetPriority) for HAL_NVIC_SetPriority
    stm32l4xx_hal_msp.o(i.HAL_TIM_Base_MspDeInit) refers to stm32l4xx_hal_cortex.o(i.HAL_NVIC_DisableIRQ) for HAL_NVIC_DisableIRQ
    stm32l4xx_hal_msp.o(i.HAL_TIM_Base_MspInit) refers to stm32l4xx_hal_cortex.o(i.HAL_NVIC_SetPriority) for HAL_NVIC_SetPriority
    stm32l4xx_hal_msp.o(i.HAL_TIM_Base_MspInit) refers to stm32l4xx_hal_cortex.o(i.HAL_NVIC_EnableIRQ) for HAL_NVIC_EnableIRQ
    stm32l4xx_hal_msp.o(i.HAL_TIM_IC_MspDeInit) refers to stm32l4xx_hal_gpio.o(i.HAL_GPIO_DeInit) for HAL_GPIO_DeInit
    stm32l4xx_hal_msp.o(i.HAL_TIM_IC_MspDeInit) refers to stm32l4xx_hal_cortex.o(i.HAL_NVIC_DisableIRQ) for HAL_NVIC_DisableIRQ
    stm32l4xx_hal_msp.o(i.HAL_TIM_IC_MspInit) refers to rt_memclr_w.o(.text) for __aeabi_memclr4
[...]
    PendSV_Handler                           0x08000331   Thumb Code    88  port.o(.emb_text)
    vPortGetIPSR                             0x0800038d   Thumb Code     6  port.o(.emb_text)
    Reset_Handler                            0x080003b5   Thumb Code     8  startup_stm32l476xx.o(.text)
    ADC3_IRQHandler                          0x080003cf   Thumb Code     0  startup_stm32l476xx.o(.text)
    CAN1_RX0_IRQHandler                      0x080003cf   Thumb Code     0  startup_stm32l476xx.o(.text)
    CAN1_RX1_IRQHandler                      0x080003cf   Thumb Code     0  startup_stm32l476xx.o(.text)
    CAN1_SCE_IRQHandler                      0x080003cf   Thumb Code     0  startup_stm32l476xx.o(.text)
    CAN1_TX_IRQHandler                       0x080003cf   Thumb Code     0  startup_stm32l476xx.o(.text)
    COMP_IRQHandler                          0x080003cf   Thumb Code     0  startup_stm32l476xx.o(.text)
    DFSDM1_FLT0_IRQHandler                   0x080003cf   Thumb Code     0  startup_stm32l476xx.o(.text)
    DFSDM1_FLT1_IRQHandler                   0x080003cf   Thumb Code     0  startup_stm32l476xx.o(.text)
    DFSDM1_FLT2_IRQHandler                   0x080003cf   Thumb Code     0  startup_stm32l476xx.o(.text)
    DFSDM1_FLT3_IRQHandler                   0x080003cf   Thumb Code     0  startup_stm32l476xx.o(.text)
    DMA1_Channel2_IRQHandler                 0x080003cf   Thumb Code     0  startup_stm32l476xx.o(.text)
    DMA1_Channel3_IRQHandler                 0x080003cf   Thumb Code     0  startup_stm32l476xx.o(.text)
    DMA1_Channel4_IRQHandler                 0x080003cf   Thumb Code     0  startup_stm32l476xx.o(.text)
    DMA1_Channel5_IRQHandler                 0x080003cf   Thumb Code     0  startup_stm32l476xx.o(.text)
    DMA1_Channel6_IRQHandler                 0x080003cf   Thumb Code     0  startup_stm32l476xx.o(.text)
    DMA1_Channel7_IRQHandler                 0x080003cf   Thumb Code     0  startup_stm32l476xx.o(.text)
    DMA2_Channel1_IRQHandler                 0x080003cf   Thumb Code     0  startup_stm32l476xx.o(.text)
    DMA2_Channel2_IRQHandler                 0x080003cf   Thumb Code     0  startup_stm32l476xx.o(.text)
    DMA2_Channel3_IRQHandler                 0x080003cf   Thumb Code     0  startup_stm32l476xx.o(.text)
    DMA2_Channel4_IRQHandler                 0x080003cf   Thumb Code     0  startup_stm32l476xx.o(.text)
    DMA2_Channel5_IRQHandler                 0x080003cf   Thumb Code     0  startup_stm32l476xx.o(.text)
    DMA2_Channel6_IRQHandler                 0x080003cf   Thumb Code     0  startup_stm32l476xx.o(.text)
    DMA2_Channel7_IRQHandler                 0x080003cf   Thumb Code     0  startup_stm32l476xx.o(.text)
    EXTI0_IRQHandler                         0x080003cf   Thumb Code     0  startup_stm32l476xx.o(.text)
    EXTI15_10_IRQHandler                     0x080003cf   Thumb Code     0  startup_stm32l476xx.o(.text)
    EXTI1_IRQHandler                         0x080003cf   Thumb Code     0  startup_stm32l476xx.o(.text)
    EXTI2_IRQHandler                         0x080003cf   Thumb Code     0  startup_stm32l476xx.o(.text)
    EXTI3_IRQHandler                         0x080003cf   Thumb Code     0  startup_stm32l476xx.o(.text)
    EXTI4_IRQHandler                         0x080003cf   Thumb Code     0  startup_stm32l476xx.o(.text)
    EXTI9_5_IRQHandler                       0x080003cf   Thumb Code     0  startup_stm32l476xx.o(.text)
    FLASH_IRQHandler                         0x080003cf   Thumb Code     0  startup_stm32l476xx.o(.text)
    FMC_IRQHandler                           0x080003cf   Thumb Code     0  startup_stm32l476xx.o(.text)
    FPU_IRQHandler                           0x080003cf   Thumb Code     0  startup_stm32l476xx.o(.text)
    I2C1_ER_IRQHandler                       0x080003cf   Thumb Code     0  startup_stm32l476xx.o(.text)
    I2C1_EV_IRQHandler                       0x080003cf   Thumb Code     0  startup_stm32l476xx.o(.text)
    I2C2_ER_IRQHandler                       0x080003cf   Thumb Code     0  startup_stm32l476xx.o(.text)
    I2C2_EV_IRQHandler                       0x080003cf   Thumb Code     0  startup_stm32l476xx.o(.text)
    I2C3_ER_IRQHandler                       0x080003cf   Thumb Code     0  startup_stm32l476xx.o(.text)
    I2C3_EV_IRQHandler                       0x080003cf   Thumb Code     0  startup_stm32l476xx.o(.text)
    LCD_IRQHandler                           0x080003cf   Thumb Code     0  startup_stm32l476xx.o(.text)
    LPTIM1_IRQHandler                        0x080003cf   Thumb Code     0  startup_stm32l476xx.o(.text)
    LPTIM2_IRQHandler                        0x080003cf   Thumb Code     0  startup_stm32l476xx.o(.text)
    LPUART1_IRQHandler                       0x080003cf   Thumb Code     0  startup_stm32l476xx.o(.text)
    OTG_FS_IRQHandler                        0x080003cf   Thumb Code     0  startup_stm32l476xx.o(.text)
    PVD_PVM_IRQHandler                       0x080003cf   Thumb Code     0  startup_stm32l476xx.o(.text)
    QUADSPI_IRQHandler                       0x080003cf   Thumb Code     0  startup_stm32l476xx.o(.text)
    RCC_IRQHandler                           0x080003cf   Thumb Code     0  startup_stm32l476xx.o(.text)
    RNG_IRQHandler                           0x080003cf   Thumb Code     0  startup_stm32l476xx.o(.text)
    RTC_Alarm_IRQHandler                     0x080003cf   Thumb Code     0  startup_stm32l476xx.o(.text)
    RTC_WKUP_IRQHandler                      0x080003cf   Thumb Code     0  startup_stm32l476xx.o(.text)
    SAI1_IRQHandler                          0x080003cf   Thumb Code     0  startup_stm32l476xx.o(.text)
    SAI2_IRQHandler                          0x080003cf   Thumb Code     0  startup_stm32l476xx.o(.text)
    SDMMC1_IRQHandler                        0x080003cf   Thumb Code     0  startup_stm32l476xx.o(.text)
    SPI1_IRQHandler                          0x080003cf   Thumb Code     0  startup_stm32l476xx.o(.text)
    SPI2_IRQHandler                          0x080003cf   Thumb Code     0  startup_stm32l476xx.o(.text)
    SPI3_IRQHandler                          0x080003cf   Thumb Code     0  startup_stm32l476xx.o(.text)
    SWPMI1_IRQHandler                        0x080003cf   Thumb Code     0  startup_stm32l476xx.o(.text)
    TAMP_STAMP_IRQHandler                    0x080003cf   Thumb Code     0  startup_stm32l476xx.o(.text)
    TIM1_BRK_TIM15_IRQHandler                0x080003cf   Thumb Code     0  startup_stm32l476xx.o(.text)
    TIM1_TRG_COM_TIM17_IRQHandler            0x080003cf   Thumb Code     0  startup_stm32l476xx.o(.text)
    TIM1_UP_TIM16_IRQHandler                 0x080003cf   Thumb Code     0  startup_stm32l476xx.o(.text)
    TIM3_IRQHandler                          0x080003cf   Thumb Code     0  startup_stm32l476xx.o(.text)
    TIM4_IRQHandler                          0x080003cf   Thumb Code     0  startup_stm32l476xx.o(.text)
    TIM5_IRQHandler                          0x080003cf   Thumb Code     0  startup_stm32l476xx.o(.text)
    TIM6_DAC_IRQHandler                      0x080003cf   Thumb Code     0  startup_stm32l476xx.o(.text)
    TIM7_IRQHandler                          0x080003cf   Thumb Code     0  startup_stm32l476xx.o(.text)
    TIM8_BRK_IRQHandler                      0x080003cf   Thumb Code     0  startup_stm32l476xx.o(.text)
    TIM8_CC_IRQHandler                       0x080003cf   Thumb Code     0  startup_stm32l476xx.o(.text)
    TIM8_TRG_COM_IRQHandler                  0x080003cf   Thumb Code     0  startup_stm32l476xx.o(.text)
    TIM8_UP_IRQHandler                       0x080003cf   Thumb Code     0  startup_stm32l476xx.o(.text)
    TSC_IRQHandler                           0x080003cf   Thumb Code     0  startup_stm32l476xx.o(.text)
    UART4_IRQHandler                         0x080003cf   Thumb Code     0  startup_stm32l476xx.o(.text)
    UART5_IRQHandler                         0x080003cf   Thumb Code     0  startup_stm32l476xx.o(.text)
    USART2_IRQHandler                        0x080003cf   Thumb Code     0  startup_stm32l476xx.o(.text)
    USART3_IRQHandler                        0x080003cf   Thumb Code     0  startup_stm32l476xx.o(.text)
    WWDG_IRQHandler                          0x080003cf   Thumb Code     0  startup_stm32l476xx.o(.text)
    __user_initial_stackheap                 0x080003d1   Thumb Code     0  startup_stm32l476xx.o(.text)
    __aeabi_uldivmod                         0x080003f5   Thumb Code     0  lludivv7m.o(.text)
    _ll_udiv                                 0x080003f5   Thumb Code   238  lludivv7m.o(.text)
    __aeabi_ldivmod                          0x080004e3   Thumb Code     0  llsdiv.o(.text)
    _ll_sdiv                                 0x080004e3   Thumb Code    72  llsdiv.o(.text)
    vsnprintf                                0x0800052d   Thumb Code    48  vsnprintf.o(.text)
    _printf_pre_padding                      0x08000561   Thumb Code    44  _printf_pad.o(.text)
    _printf_post_padding                     0x0800058d   Thumb Code    34  _printf_pad.o(.text)
    _printf_str                              0x080005af   Thumb Code    82  _printf_str.o(.text)
    _printf_int_dec                          0x08000601   Thumb Code   104  _printf_dec.o(.text)
    __printf                                 0x08000679   Thumb Code   388  __printf_flags_ss_wp.o(.text)
    __aeabi_memset                           0x08000807   Thumb Code    16  aeabi_memset.o(.text)
    __aeabi_memclr4                          0x08000817   Thumb Code     0  rt_memclr_w.o(.text)
    __aeabi_memclr8                          0x08000817   Thumb Code     0  rt_memclr_w.o(.text)
    __rt_memclr_w                            0x08000817   Thumb Code    78  rt_memclr_w.o(.text)
    _memset_w                                0x0800081b   Thumb Code     0  rt_memclr_w.o(.text)
    __use_two_region_memory                  0x08000865   Thumb Code     2  heapauxi.o(.text)
    __rt_heap_escrow$2region                 0x08000867   Thumb Code     2  heapauxi.o(.text)
    __rt_heap_expand$2region                 0x08000869   Thumb Code     2  heapauxi.o(.text)
    _printf_truncate_signed                  0x0800086b   Thumb Code    18  _printf_truncate.o(.text)
    _printf_truncate_unsigned                0x0800087d   Thumb Code    18  _printf_truncate.o(.text)
    _printf_int_common                       0x0800088f   Thumb Code   178  _printf_intcommon.o(.text)
    _printf_charcount                        0x08000941   Thumb Code    40  _printf_charcount.o(.text)
    _printf_char_common                      0x08000973   Thumb Code    32  _printf_char_common.o(.text)
    _sputc                                   0x08000999   Thumb Code    10  _sputc.o(.text)
    _snputc                                  0x080009a3   Thumb Code    16  _snputc.o(.text)
    _printf_cs_common                        0x080009b3   Thumb Code    20  _printf_char.o(.text)
    _printf_char                             0x080009c7   Thumb Code    16  _printf_char.o(.text)
    _printf_string                           0x080009d7   Thumb Code     8  _printf_char.o(.text)
    _printf_wctomb                           0x080009e1   Thumb Code   182  _printf_wctomb.o(.text)
    _printf_longlong_dec                     0x08000aa5   Thumb Code   108  _printf_longlong_dec.o(.text)
    _printf_longlong_oct                     0x08000b21   Thumb Code    66  _printf_oct_int_ll.o(.text)
    _printf_int_oct                          0x08000b63   Thumb Code    24  _printf_oct_int_ll.o(.text)
    _printf_ll_oct                           0x08000b7b   Thumb Code    12  _printf_oct_int_ll.o(.text)
    _printf_longlong_hex                     0x08000b91   Thumb Code    86  _printf_hex_int_ll_ptr.o(.text)
    _printf_int_hex                          0x08000be7   Thumb Code    28  _printf_hex_int_ll_ptr.o(.text)
    _printf_ll_hex                           0x08000c03   Thumb Code    12  _printf_hex_int_ll_ptr.o(.text)
    _printf_hex_ptr                          0x08000c0f   Thumb Code    18  _printf_hex_int_ll_ptr.o(.text)
    __aeabi_memclr                           0x08000c25   Thumb Code     0  rt_memclr.o(.text)
    __rt_memclr                              0x08000c25   Thumb Code    68  rt_memclr.o(.text)
    _memset                                  0x08000c29   Thumb Code     0  rt_memclr.o(.text)
    _ll_udiv10                               0x08000c69   Thumb Code   138  lludiv10.o(.text)
    __lib_sel_fp_printf                      0x08000cf3   Thumb Code     2  _printf_fp_dec.o(.text)
    _printf_fp_dec_real                      0x08000ea5   Thumb Code   620  _printf_fp_dec.o(.text)
    _printf_fp_hex_real                      0x08001119   Thumb Code   756  _printf_fp_hex.o(.text)
    _printf_lcs_common                       0x0800141b   Thumb Code    20  _printf_wchar.o(.text)
    _printf_wchar                            0x0800142f   Thumb Code    16  _printf_wchar.o(.text)
    _printf_wstring                          0x0800143f   Thumb Code     8  _printf_wchar.o(.text)
    _wcrtomb                                 0x08001447   Thumb Code    64  _wcrtomb.o(.text)
    __user_setup_stackheap                   0x08001487   Thumb Code    74  sys_stackheap_outer.o(.text)
    __rt_ctype_table                         0x080014d1   Thumb Code    16  rt_ctype_table.o(.text)
    __rt_locale                              0x080014e1   Thumb Code     8  rt_locale_intlibspace.o(.text)
    _printf_fp_infnan                        0x080014e9   Thumb Code   112  _printf_fp_infnan.o(.text)
    _btod_etento                             0x08001569   Thumb Code   224  bigflt0.o(.text)
    exit                                     0x0800164d   Thumb Code    18  exit.o(.text)
    __user_libspace                          0x08001661   Thumb Code     8  libspace.o(.text)
    __user_perproc_libspace                  0x08001661   Thumb Code     0  libspace.o(.text)
    __user_perthread_libspace                0x08001661   Thumb Code     0  libspace.o(.text)
    strcmp                                   0x08001669   Thumb Code   128  strcmpv7m.o(.text)
    _sys_exit                                0x080016e9   Thumb Code     8  sys_exit.o(.text)
    __I$use$semihosting                      0x080016f5   Thumb Code     0  use_no_semi.o(.text)
    __use_no_semihosting_swi                 0x080016f5   Thumb Code     2  use_no_semi.o(.text)
    __semihosting_library_function           0x080016f7   Thumb Code     0  indicate_semi.o(.text)
    _btod_d2e                                0x080016f7   Thumb Code    62  btod.o(CL$$btod_d2e)
    _d2e_denorm_low                          0x08001735   Thumb Code    70  btod.o(CL$$btod_d2e_denorm_low)
    _d2e_norm_op1                            0x0800177b   Thumb Code    96  btod.o(CL$$btod_d2e_norm_op1)
    __btod_div_common                        0x080017db   Thumb Code   696  btod.o(CL$$btod_div_common)
    _e2e                                     0x08001b13   Thumb Code   220  btod.o(CL$$btod_e2e)
    _btod_ediv                               0x08001bef   Thumb Code    42  btod.o(CL$$btod_ediv)
    _btod_emul                               0x08001c19   Thumb Code    42  btod.o(CL$$btod_emul)
    __btod_mult_common                       0x08001c43   Thumb Code   580  btod.o(CL$$btod_mult_common)
    ADC1_2_IRQHandler                        0x08001e87   Thumb Code    22  stm32l4xx_it.o(i.ADC1_2_IRQHandler)
    BusFault_Handler                         0x08001e9d   Thumb Code     2  stm32l4xx_it.o(i.BusFault_Handler)
    DMA1_Channel1_IRQHandler                 0x08001e9f   Thumb Code    14  stm32l4xx_it.o(i.DMA1_Channel1_IRQHandler)
    DebugMon_Handler                         0x08001ead   Thumb Code     2  stm32l4xx_it.o(i.DebugMon_Handler)
    Error_Handler                            0x08001eaf   Thumb Code     4  main.o(i.Error_Handler)
    HAL_ADCEx_EndOfSamplingCallback          0x08001eb3   Thumb Code     2  stm32l4xx_hal_adc_ex.o(i.HAL_ADCEx_EndOfSamplingCallback)
    HAL_ADCEx_InjectedConvCpltCallback       0x08001eb5   Thumb Code     2  stm32l4xx_hal_adc_ex.o(i.HAL_ADCEx_InjectedConvCpltCallback)
    HAL_ADCEx_InjectedQueueOverflowCallback  0x08001eb7   Thumb Code     2  stm32l4xx_hal_adc_ex.o(i.HAL_ADCEx_InjectedQueueOverflowCallback)
    HAL_ADCEx_LevelOutOfWindow2Callback      0x08001eb9   Thumb Code     2  stm32l4xx_hal_adc_ex.o(i.HAL_ADCEx_LevelOutOfWindow2Callback)
    HAL_ADCEx_LevelOutOfWindow3Callback      0x08001ebb   Thumb Code     2  stm32l4xx_hal_adc_ex.o(i.HAL_ADCEx_LevelOutOfWindow3Callback)
    HAL_ADCEx_MultiModeConfigChannel         0x08001ebd   Thumb Code   234  stm32l4xx_hal_adc_ex.o(i.HAL_ADCEx_MultiModeConfigChannel)
    HAL_ADC_ConfigChannel                    0x08001fb9   Thumb Code   966  stm32l4xx_hal_adc.o(i.HAL_ADC_ConfigChannel)
    HAL_ADC_ConvCpltCallback                 0x080023b9   Thumb Code    38  mcal_adc.o(i.HAL_ADC_ConvCpltCallback)
    HAL_ADC_ErrorCallback                    0x080023e5   Thumb Code     2  stm32l4xx_hal_adc.o(i.HAL_ADC_ErrorCallback)
    HAL_ADC_IRQHandler                       0x080023e9   Thumb Code   612  stm32l4xx_hal_adc.o(i.HAL_ADC_IRQHandler)
    HAL_ADC_Init                             0x08002669   Thumb Code   410  stm32l4xx_hal_adc.o(i.HAL_ADC_Init)
    HAL_ADC_LevelOutOfWindowCallback         0x0800282d   Thumb Code     2  stm32l4xx_hal_adc.o(i.HAL_ADC_LevelOutOfWindowCallback)
    HAL_ADC_MspInit                          0x08002831   Thumb Code   114  mcal_adc.o(i.HAL_ADC_MspInit)
    HAL_DMA_Abort                            0x080028b1   Thumb Code    76  stm32l4xx_hal_dma.o(i.HAL_DMA_Abort)
    HAL_DMA_Abort_IT                         0x080028fd   Thumb Code    78  stm32l4xx_hal_dma.o(i.HAL_DMA_Abort_IT)
    HAL_DMA_IRQHandler                       0x0800294d   Thumb Code   204  stm32l4xx_hal_dma.o(i.HAL_DMA_IRQHandler)
    HAL_DMA_Init                             0x08002a21   Thumb Code   184  stm32l4xx_hal_dma.o(i.HAL_DMA_Init)
    HAL_Delay                                0x08002ae5   Thumb Code    32  stm32l4xx_hal.o(i.HAL_Delay)
    HAL_GPIO_Init                            0x08002b09   Thumb Code   500  stm32l4xx_hal_gpio.o(i.HAL_GPIO_Init)
    HAL_GPIO_ReadPin                         0x08002d27   Thumb Code    10  stm32l4xx_hal_gpio.o(i.HAL_GPIO_ReadPin)
    HAL_GPIO_WritePin                        0x08002d31   Thumb Code    10  stm32l4xx_hal_gpio.o(i.HAL_GPIO_WritePin)
    HAL_GetTick                              0x08002d3d   Thumb Code     6  stm32l4xx_hal.o(i.HAL_GetTick)
    HAL_I2CEx_ConfigAnalogFilter             0x08002d49   Thumb Code    86  stm32l4xx_hal_i2c_ex.o(i.HAL_I2CEx_ConfigAnalogFilter)
    HAL_I2CEx_ConfigDigitalFilter            0x08002d9f   Thumb Code    82  stm32l4xx_hal_i2c_ex.o(i.HAL_I2CEx_ConfigDigitalFilter)
    HAL_I2C_Init                             0x08002df1   Thumb Code   184  stm32l4xx_hal_i2c.o(i.HAL_I2C_Init)
    HAL_I2C_Mem_Read                         0x08002ead   Thumb Code   348  stm32l4xx_hal_i2c.o(i.HAL_I2C_Mem_Read)
    HAL_I2C_Mem_Write                        0x08003019   Thumb Code   340  stm32l4xx_hal_i2c.o(i.HAL_I2C_Mem_Write)
    HAL_I2C_MspInit                          0x08003179   Thumb Code    72  mcal_i2c.o(i.HAL_I2C_MspInit)
    HAL_IncTick                              0x080031cd   Thumb Code    12  stm32l4xx_hal.o(i.HAL_IncTick)
    HAL_Init                                 0x080031dd   Thumb Code    30  stm32l4xx_hal.o(i.HAL_Init)
    HAL_InitTick                             0x080031fd   Thumb Code   132  stm32l4xx_hal_timebase_tim.o(i.HAL_InitTick)
    HAL_MspInit                              0x08003295   Thumb Code    48  stm32l4xx_hal_msp.o(i.HAL_MspInit)
    HAL_NVIC_EnableIRQ                       0x080032c9   Thumb Code    26  stm32l4xx_hal_cortex.o(i.HAL_NVIC_EnableIRQ)
    HAL_NVIC_SetPriority                     0x080032e5   Thumb Code    60  stm32l4xx_hal_cortex.o(i.HAL_NVIC_SetPriority)
    HAL_NVIC_SetPriorityGrouping             0x08003325   Thumb Code    26  stm32l4xx_hal_cortex.o(i.HAL_NVIC_SetPriorityGrouping)
    HAL_PWREx_ControlVoltageScaling          0x08003349   Thumb Code    90  stm32l4xx_hal_pwr_ex.o(i.HAL_PWREx_ControlVoltageScaling)
    HAL_PWREx_GetVoltageRange                0x080033b1   Thumb Code    10  stm32l4xx_hal_pwr_ex.o(i.HAL_PWREx_GetVoltageRange)
    HAL_RCCEx_PeriphCLKConfig                0x080033c1   Thumb Code   928  stm32l4xx_hal_rcc_ex.o(i.HAL_RCCEx_PeriphCLKConfig)
    HAL_RCC_ClockConfig                      0x08003771   Thumb Code   304  stm32l4xx_hal_rcc.o(i.HAL_RCC_ClockConfig)
    HAL_RCC_GetClockConfig                   0x080038b5   Thumb Code    54  stm32l4xx_hal_rcc.o(i.HAL_RCC_GetClockConfig)
    HAL_RCC_GetPCLK1Freq                     0x080038f5   Thumb Code    24  stm32l4xx_hal_rcc.o(i.HAL_RCC_GetPCLK1Freq)
    HAL_RCC_GetPCLK2Freq                     0x08003919   Thumb Code    24  stm32l4xx_hal_rcc.o(i.HAL_RCC_GetPCLK2Freq)
    HAL_RCC_GetSysClockFreq                  0x0800393d   Thumb Code   150  stm32l4xx_hal_rcc.o(i.HAL_RCC_GetSysClockFreq)
    HAL_RCC_OscConfig                        0x080039e1   Thumb Code  1294  stm32l4xx_hal_rcc.o(i.HAL_RCC_OscConfig)
    HAL_SPI_Init                             0x08003ef9   Thumb Code   224  stm32l4xx_hal_spi.o(i.HAL_SPI_Init)
    HAL_SPI_MspInit                          0x08003fd9   Thumb Code    72  mcal_spi.o(i.HAL_SPI_MspInit)
    HAL_TIMEx_Break2Callback                 0x08004029   Thumb Code     2  stm32l4xx_hal_tim_ex.o(i.HAL_TIMEx_Break2Callback)
    HAL_TIMEx_BreakCallback                  0x0800402b   Thumb Code     2  stm32l4xx_hal_tim_ex.o(i.HAL_TIMEx_BreakCallback)
    HAL_TIMEx_CommutCallback                 0x0800402d   Thumb Code     2  stm32l4xx_hal_tim_ex.o(i.HAL_TIMEx_CommutCallback)
    HAL_TIMEx_MasterConfigSynchronization    0x08004031   Thumb Code   130  stm32l4xx_hal_tim_ex.o(i.HAL_TIMEx_MasterConfigSynchronization)
    HAL_TIM_Base_Init                        0x080040cd   Thumb Code    98  stm32l4xx_hal_tim.o(i.HAL_TIM_Base_Init)
    HAL_TIM_Base_MspInit                     0x08004131   Thumb Code    72  stm32l4xx_hal_msp.o(i.HAL_TIM_Base_MspInit)
    HAL_TIM_Base_Start_IT                    0x08004181   Thumb Code   100  stm32l4xx_hal_tim.o(i.HAL_TIM_Base_Start_IT)
    HAL_TIM_ConfigClockSource                0x08004201   Thumb Code   220  stm32l4xx_hal_tim.o(i.HAL_TIM_ConfigClockSource)
    HAL_TIM_IC_CaptureCallback               0x080042e1   Thumb Code     2  stm32l4xx_hal_tim.o(i.HAL_TIM_IC_CaptureCallback)
    HAL_TIM_IC_ConfigChannel                 0x080042e5   Thumb Code   310  stm32l4xx_hal_tim.o(i.HAL_TIM_IC_ConfigChannel)
    HAL_TIM_IC_Init                          0x08004425   Thumb Code    98  stm32l4xx_hal_tim.o(i.HAL_TIM_IC_Init)
    HAL_TIM_IC_MspInit                       0x08004489   Thumb Code   106  stm32l4xx_hal_msp.o(i.HAL_TIM_IC_MspInit)
    HAL_TIM_IRQHandler                       0x080044fd   Thumb Code   330  stm32l4xx_hal_tim.o(i.HAL_TIM_IRQHandler)
    HAL_TIM_OC_DelayElapsedCallback          0x08004647   Thumb Code     2  stm32l4xx_hal_tim.o(i.HAL_TIM_OC_DelayElapsedCallback)
    HAL_TIM_PWM_PulseFinishedCallback        0x08004649   Thumb Code     2  stm32l4xx_hal_tim.o(i.HAL_TIM_PWM_PulseFinishedCallback)
    HAL_TIM_PeriodElapsedCallback            0x0800464d   Thumb Code    14  main.o(i.HAL_TIM_PeriodElapsedCallback)
    HAL_TIM_TriggerCallback                  0x08004661   Thumb Code     2  stm32l4xx_hal_tim.o(i.HAL_TIM_TriggerCallback)
    HAL_UARTEx_RxEventCallback               0x08004663   Thumb Code     2  stm32l4xx_hal_uart.o(i.HAL_UARTEx_RxEventCallback)
    HAL_UARTEx_WakeupCallback                0x08004665   Thumb Code     2  stm32l4xx_hal_uart_ex.o(i.HAL_UARTEx_WakeupCallback)
    HAL_UART_ErrorCallback                   0x08004667   Thumb Code     2  stm32l4xx_hal_uart.o(i.HAL_UART_ErrorCallback)
    HAL_UART_IRQHandler                      0x08004669   Thumb Code   704  stm32l4xx_hal_uart.o(i.HAL_UART_IRQHandler)
    HAL_UART_Init                            0x08004931   Thumb Code   102  stm32l4xx_hal_uart.o(i.HAL_UART_Init)
    HAL_UART_MspInit                         0x08004999   Thumb Code    74  mcal_uart.o(i.HAL_UART_MspInit)
    HAL_UART_Transmit                        0x080049ed   Thumb Code   172  stm32l4xx_hal_uart.o(i.HAL_UART_Transmit)
    HAL_UART_TxCpltCallback                  0x08004a9f   Thumb Code     2  stm32l4xx_hal_uart.o(i.HAL_UART_TxCpltCallback)
    HardFault_Handler                        0x08004aa1   Thumb Code     2  stm32l4xx_it.o(i.HardFault_Handler)
    MemManage_Handler                        0x08004e55   Thumb Code     2  stm32l4xx_it.o(i.MemManage_Handler)
    NMI_Handler                              0x08004e57   Thumb Code     2  stm32l4xx_it.o(i.NMI_Handler)
    PostSleepProcessing                      0x08004e59   Thumb Code     2  freertos.o(i.PostSleepProcessing)
    PreSleepProcessing                       0x08004e5b   Thumb Code     2  freertos.o(i.PreSleepProcessing)
    SysTick_Handler                          0x0800510d   Thumb Code    38  port.o(i.SysTick_Handler)
    SystemInit                               0x08005139   Thumb Code    12  system_stm32l4xx.o(i.SystemInit)
    TIM1_CC_IRQHandler                       0x08005149   Thumb Code    14  stm32l4xx_it.o(i.TIM1_CC_IRQHandler)
    TIM2_IRQHandler                          0x08005157   Thumb Code    14  stm32l4xx_it.o(i.TIM2_IRQHandler)
    TIM_Base_SetConfig                       0x08005165   Thumb Code   168  stm32l4xx_hal_tim.o(i.TIM_Base_SetConfig)
    TIM_ETR_SetConfig                        0x0800522d   Thumb Code    20  stm32l4xx_hal_tim.o(i.TIM_ETR_SetConfig)
    TIM_TI1_SetConfig                        0x080052ad   Thumb Code   128  stm32l4xx_hal_tim.o(i.TIM_TI1_SetConfig)
    UART_AdvFeatureConfig                    0x080053e1   Thumb Code   200  stm32l4xx_hal_uart.o(i.UART_AdvFeatureConfig)
    UART_CheckIdleState                      0x080054a9   Thumb Code   168  stm32l4xx_hal_uart.o(i.UART_CheckIdleState)
    UART_SetConfig                           0x080055a9   Thumb Code   542  stm32l4xx_hal_uart.o(i.UART_SetConfig)
    UART_WaitOnFlagUntilTimeout              0x080057f1   Thumb Code   148  stm32l4xx_hal_uart.o(i.UART_WaitOnFlagUntilTimeout)
    USART1_IRQHandler                        0x08005885   Thumb Code    14  stm32l4xx_it.o(i.USART1_IRQHandler)
    UsageFault_Handler                       0x08005893   Thumb Code     2  stm32l4xx_it.o(i.UsageFault_Handler)
    __ARM_fpclassify                         0x08005895   Thumb Code    48  fpclassify.o(i.__ARM_fpclassify)
    _is_digit                                0x08005a7d   Thumb Code    14  __printf_wp.o(i._is_digit)
    app_main_init                            0x08005cc1   Thumb Code    82  app_main.o(i.app_main_init)
    app_sensor_init                          0x08005d45   Thumb Code    18  app_sensor.o(i.app_sensor_init)
    app_sensor_task                          0x08005d61   Thumb Code    26  app_sensor.o(i.app_sensor_task)
    app_task_create_all                      0x08005d85   Thumb Code    38  app_task.o(i.app_task_create_all)
    bsw_bmp280_init                          0x08005fb9   Thumb Code   158  bsw_bmp280.o(i.bsw_bmp280_init)
    bsw_bmp280_read                          0x0800605d   Thumb Code   188  bsw_bmp280.o(i.bsw_bmp280_read)
    bsw_bmp280_set_tick_source               0x08006121   Thumb Code     6  bsw_bmp280.o(i.bsw_bmp280_set_tick_source)
    bsw_ds18b20_get_result                   0x0800612d   Thumb Code   146  bsw_ds18b20.o(i.bsw_ds18b20_get_result)
    bsw_ds18b20_set_tick_source              0x080061c9   Thumb Code     6  bsw_ds18b20.o(i.bsw_ds18b20_set_tick_source)
    bsw_log                                  0x080061d5   Thumb Code    50  bsw_log.o(i.bsw_log)
    eTaskConfirmSleepModeStatus              0x08006335   Thumb Code    38  tasks.o(i.eTaskConfirmSleepModeStatus)
    main                                     0x08006375   Thumb Code    14  main.o(i.main)
    mcal_adc_get_handle1                     0x08006391   Thumb Code     4  mcal_adc.o(i.mcal_adc_get_handle1)
    mcal_adc_get_handle2                     0x08006399   Thumb Code     4  mcal_adc.o(i.mcal_adc_get_handle2)
    mcal_adc_init                            0x080063a1   Thumb Code    48  mcal_adc.o(i.mcal_adc_init)
    mcal_clock_init                          0x080063d5   Thumb Code    68  mcal_clock.o(i.mcal_clock_init)
    mcal_dma_get_handle_adc1                 0x08006419   Thumb Code     4  mcal_dma.o(i.mcal_dma_get_handle_adc1)
    mcal_dma_init                            0x08006421   Thumb Code    88  mcal_dma.o(i.mcal_dma_init)
    mcal_gpio_init                           0x08006485   Thumb Code     2  mcal_gpio.o(i.mcal_gpio_init)
    mcal_gpio_read                           0x08006489   Thumb Code    34  mcal_gpio.o(i.mcal_gpio_read)
    mcal_gpio_set_input                      0x080064b1   Thumb Code    56  mcal_gpio.o(i.mcal_gpio_set_input)
    mcal_gpio_set_output_od                  0x080064ed   Thumb Code    60  mcal_gpio.o(i.mcal_gpio_set_output_od)
    mcal_gpio_write                          0x0800652d   Thumb Code    46  mcal_gpio.o(i.mcal_gpio_write)
    mcal_i2c_init                            0x08006561   Thumb Code    10  mcal_i2c.o(i.mcal_i2c_init)
    mcal_i2c_read_buf                        0x0800656d   Thumb Code    28  mcal_i2c.o(i.mcal_i2c_read_buf)
    mcal_i2c_read_reg                        0x0800658d   Thumb Code    44  mcal_i2c.o(i.mcal_i2c_read_reg)
    mcal_i2c_write_reg                       0x080065bd   Thumb Code    40  mcal_i2c.o(i.mcal_i2c_write_reg)
    mcal_ow_read_bit                         0x080065e9   Thumb Code    52  mcal_ow.o(i.mcal_ow_read_bit)
    mcal_ow_read_byte                        0x0800661d   Thumb Code    30  mcal_ow.o(i.mcal_ow_read_byte)
    mcal_ow_reset                            0x0800663b   Thumb Code    64  mcal_ow.o(i.mcal_ow_reset)
    mcal_ow_write_bit                        0x0800667b   Thumb Code    58  mcal_ow.o(i.mcal_ow_write_bit)
    mcal_ow_write_byte                       0x080066b5   Thumb Code    28  mcal_ow.o(i.mcal_ow_write_byte)
    mcal_spi_init                            0x080066d1   Thumb Code    10  mcal_spi.o(i.mcal_spi_init)
    mcal_timer_delay_ms                      0x080066db   Thumb Code     4  mcal_timer.o(i.mcal_timer_delay_ms)
    mcal_timer_delay_us                      0x080066e1   Thumb Code    70  mcal_timer.o(i.mcal_timer_delay_us)
    mcal_timer_get_handle1                   0x0800673d   Thumb Code     4  mcal_timer.o(i.mcal_timer_get_handle1)
    mcal_timer_get_handle2                   0x08006745   Thumb Code     4  mcal_timer.o(i.mcal_timer_get_handle2)
    mcal_timer_init                          0x0800674d   Thumb Code    18  mcal_timer.o(i.mcal_timer_init)
    mcal_uart_get_handle1                    0x08006761   Thumb Code     4  mcal_uart.o(i.mcal_uart_get_handle1)
    mcal_uart_init                           0x08006769   Thumb Code    30  mcal_uart.o(i.mcal_uart_init)
    mcal_uart_write                          0x0800678d   Thumb Code    44  mcal_uart.o(i.mcal_uart_write)
    osDelay                                  0x080067d5   Thumb Code    14  cmsis_os.o(i.osDelay)
    osKernelStart                            0x080067e3   Thumb Code    10  cmsis_os.o(i.osKernelStart)
    osThreadCreate                           0x080067ed   Thumb Code    84  cmsis_os.o(i.osThreadCreate)
    pvPortMalloc                             0x08006c11   Thumb Code   216  heap_4.o(i.pvPortMalloc)
    pxPortInitialiseStack                    0x08006ced   Thumb Code    40  port.o(i.pxPortInitialiseStack)
    uxListRemove                             0x08006d19   Thumb Code    38  list.o(i.uxListRemove)
    vApplicationGetIdleTaskMemory            0x08006d41   Thumb Code    18  freertos.o(i.vApplicationGetIdleTaskMemory)
    vApplicationStackOverflowHook            0x08006d59   Thumb Code     2  freertos.o(i.vApplicationStackOverflowHook)
    vListInitialise                          0x08006d5b   Thumb Code    22  list.o(i.vListInitialise)
    vListInitialiseItem                      0x08006d71   Thumb Code     6  list.o(i.vListInitialiseItem)
    vListInsert                              0x08006d77   Thumb Code    48  list.o(i.vListInsert)
    vListInsertEnd                           0x08006da7   Thumb Code    24  list.o(i.vListInsertEnd)
    vPortEnterCritical                       0x08006dc1   Thumb Code    54  port.o(i.vPortEnterCritical)
    vPortExitCritical                        0x08006e01   Thumb Code    34  port.o(i.vPortExitCritical)
    vPortFree                                0x08006e29   Thumb Code    94  heap_4.o(i.vPortFree)
    vPortSetupTimerInterrupt                 0x08006e8d   Thumb Code    64  port.o(i.vPortSetupTimerInterrupt)
    vPortSuppressTicksAndSleep               0x08006ed5   Thumb Code   212  port.o(i.vPortSuppressTicksAndSleep)
    vTaskDelay                               0x08006fad   Thumb Code    66  tasks.o(i.vTaskDelay)
    vTaskStartScheduler                      0x08006ff9   Thumb Code    90  tasks.o(i.vTaskStartScheduler)
    vTaskStepTick                            0x08007065   Thumb Code    36  tasks.o(i.vTaskStepTick)
    vTaskSuspendAll                          0x0800708d   Thumb Code    10  tasks.o(i.vTaskSuspendAll)
    vTaskSwitchContext                       0x0800709d   Thumb Code   126  tasks.o(i.vTaskSwitchContext)
    xPortStartScheduler                      0x08007125   Thumb Code   222  port.o(i.xPortStartScheduler)
    xTaskCreate                              0x08007219   Thumb Code    90  tasks.o(i.xTaskCreate)
    xTaskCreateStatic                        0x08007279   Thumb Code    86  tasks.o(i.xTaskCreateStatic)
    xTaskIncrementTick                       0x080072d1   Thumb Code   194  tasks.o(i.xTaskIncrementTick)
    xTaskResumeAll                           0x0800739d   Thumb Code   182  tasks.o(i.xTaskResumeAll)
    _get_lc_numeric                          0x08007461   Thumb Code    44  lc_numeric_c.o(locale$$code)
    _get_lc_ctype                            0x0800748d   Thumb Code    44  lc_ctype_c.o(locale$$code)
    _fp_init                                 0x080074b9   Thumb Code    10  fpinit.o(x$fpl$fpinit)
    __fplib_config_fpu_vfp                   0x080074c1   Thumb Code     0  fpinit.o(x$fpl$fpinit)
    __fplib_config_pureend_doubles           0x080074c1   Thumb Code     0  fpinit.o(x$fpl$fpinit)
    _printf_fp_dec                           0x080074c3   Thumb Code     4  printf1.o(x$fpl$printf1)
    _printf_fp_hex                           0x080074c7   Thumb Code     4  printf2.o(x$fpl$printf2)
    __I$use$fp                               0x080074ca   Number         0  usenofp.o(x$fpl$usenofp)
    AHBPrescTable                            0x080074cc   Data          16  system_stm32l4xx.o(.constdata)
    MSIRangeTable                            0x080074dc   Data          48  system_stm32l4xx.o(.constdata)
    APBPrescTable                            0x0800750c   Data           8  system_stm32l4xx.o(.constdata)
    os_thread_def_Sensor                     0x08007534   Data          28  app_task.o(.constdata)
    Region$$Table$$Base                      0x08007664   Number         0  anon$$obj.o(Region$$Table)
    Region$$Table$$Limit                     0x08007684   Number         0  anon$$obj.o(Region$$Table)
    __ctype                                  0x080076ad   Data           0  lc_ctype_c.o(locale$$data)
    uwTickFreq                               0x20000000   Data           1  stm32l4xx_hal.o(.data)
    uwTickPrio                               0x20000004   Data           4  stm32l4xx_hal.o(.data)
    uwTick                                   0x20000008   Data           4  stm32l4xx_hal.o(.data)
    SystemCoreClock                          0x2000000c   Data           4  system_stm32l4xx.o(.data)
    pxCurrentTCB                             0x20000010   Data           4  tasks.o(.data)
    htim7                                    0x200004fc   Data          76  stm32l4xx_hal_timebase_tim.o(.bss)
    __libspace_start                         0x2000463c   Data          96  libspace.o(.bss)
    __temporary_stack_top$libspace           0x2000469c   Data           0  libspace.o(.bss)



==============================================================================

Memory Map of the image

  Image Entry point : 0x08000189

  Load Region LR_IROM1 (Base: 0x08000000, Size: 0x00007858, Max: 0x00100000, ABSOLUTE)

    Execution Region ER_IROM1 (Exec base: 0x08000000, Load base: 0x08000000, Size: 0x000077b0, Max: 0x00100000, ABSOLUTE)

    Exec Addr    Load Addr    Size         Type   Attr      Idx    E Section Name        Object

    0x08000000   0x08000000   0x00000188   Data   RO            3    RESET               startup_stm32l476xx.o
    0x08000188   0x08000188   0x00000008   Code   RO         6991  * !!!main             c_w.l(__main.o)
    0x08000190   0x08000190   0x00000034   Code   RO         7296    !!!scatter          c_w.l(__scatter.o)
    0x080001c4   0x080001c4   0x0000001a   Code   RO         7298    !!handler_copy      c_w.l(__scatter_copy.o)
    0x080001de   0x080001de   0x00000002   PAD
    0x080001e0   0x080001e0   0x0000001c   Code   RO         7300    !!handler_zi        c_w.l(__scatter_zi.o)
    0x080001fc   0x080001fc   0x00000000   Code   RO         6978    .ARM.Collect$$_printf_percent$$00000000  c_w.l(_printf_percent.o)
    0x080001fc   0x080001fc   0x00000006   Code   RO         7045    .ARM.Collect$$_printf_percent$$00000001  c_w.l(_printf_n.o)
    0x08000202   0x08000202   0x00000006   Code   RO         7047    .ARM.Collect$$_printf_percent$$00000002  c_w.l(_printf_p.o)
    0x08000208   0x08000208   0x00000006   Code   RO         7050    .ARM.Collect$$_printf_percent$$00000003  c_w.l(_printf_f.o)
    0x0800020e   0x0800020e   0x00000006   Code   RO         7051    .ARM.Collect$$_printf_percent$$00000004  c_w.l(_printf_e.o)
    0x08000214   0x08000214   0x00000006   Code   RO         7052    .ARM.Collect$$_printf_percent$$00000005  c_w.l(_printf_g.o)
    0x0800021a   0x0800021a   0x00000006   Code   RO         7053    .ARM.Collect$$_printf_percent$$00000006  c_w.l(_printf_a.o)
    0x08000220   0x08000220   0x0000000a   Code   RO         7058    .ARM.Collect$$_printf_percent$$00000007  c_w.l(_printf_ll.o)
    0x0800022a   0x0800022a   0x00000006   Code   RO         7049    .ARM.Collect$$_printf_percent$$00000008  c_w.l(_printf_i.o)
    0x08000230   0x08000230   0x00000006   Code   RO         6976    .ARM.Collect$$_printf_percent$$00000009  c_w.l(_printf_d.o)
    0x08000236   0x08000236   0x00000006   Code   RO         6977    .ARM.Collect$$_printf_percent$$0000000A  c_w.l(_printf_u.o)
    0x0800023c   0x0800023c   0x00000006   Code   RO         7048    .ARM.Collect$$_printf_percent$$0000000B  c_w.l(_printf_o.o)
    0x08000242   0x08000242   0x00000006   Code   RO         7046    .ARM.Collect$$_printf_percent$$0000000C  c_w.l(_printf_x.o)
    0x08000248   0x08000248   0x00000006   Code   RO         7055    .ARM.Collect$$_printf_percent$$0000000D  c_w.l(_printf_lli.o)
    0x0800024e   0x0800024e   0x00000006   Code   RO         7056    .ARM.Collect$$_printf_percent$$0000000E  c_w.l(_printf_lld.o)
    0x08000254   0x08000254   0x00000006   Code   RO         7057    .ARM.Collect$$_printf_percent$$0000000F  c_w.l(_printf_llu.o)
    0x0800025a   0x0800025a   0x00000006   Code   RO         7062    .ARM.Collect$$_printf_percent$$00000010  c_w.l(_printf_llo.o)
    0x08000260   0x08000260   0x00000006   Code   RO         7063    .ARM.Collect$$_printf_percent$$00000011  c_w.l(_printf_llx.o)
    0x08000266   0x08000266   0x0000000a   Code   RO         7059    .ARM.Collect$$_printf_percent$$00000012  c_w.l(_printf_l.o)
    0x08000270   0x08000270   0x00000006   Code   RO         7044    .ARM.Collect$$_printf_percent$$00000013  c_w.l(_printf_c.o)
    0x08000276   0x08000276   0x00000006   Code   RO         6975    .ARM.Collect$$_printf_percent$$00000014  c_w.l(_printf_s.o)
    0x0800027c   0x0800027c   0x00000006   Code   RO         7060    .ARM.Collect$$_printf_percent$$00000015  c_w.l(_printf_lc.o)
    0x08000282   0x08000282   0x00000006   Code   RO         7061    .ARM.Collect$$_printf_percent$$00000016  c_w.l(_printf_ls.o)
    0x08000288   0x08000288   0x00000004   Code   RO         7054    .ARM.Collect$$_printf_percent$$00000017  c_w.l(_printf_percent_end.o)
    0x0800028c   0x0800028c   0x00000002   Code   RO         7156    .ARM.Collect$$libinit$$00000000  c_w.l(libinit.o)
    0x0800028e   0x0800028e   0x00000004   Code   RO         7178    .ARM.Collect$$libinit$$00000001  c_w.l(libinit2.o)
    0x08000292   0x08000292   0x00000000   Code   RO         7181    .ARM.Collect$$libinit$$00000004  c_w.l(libinit2.o)
    0x08000292   0x08000292   0x00000000   Code   RO         7184    .ARM.Collect$$libinit$$0000000A  c_w.l(libinit2.o)
    0x08000292   0x08000292   0x00000000   Code   RO         7186    .ARM.Collect$$libinit$$0000000C  c_w.l(libinit2.o)
    0x08000292   0x08000292   0x00000000   Code   RO         7188    .ARM.Collect$$libinit$$0000000E  c_w.l(libinit2.o)
    0x08000292   0x08000292   0x00000006   Code   RO         7189    .ARM.Collect$$libinit$$0000000F  c_w.l(libinit2.o)
    0x08000298   0x08000298   0x00000000   Code   RO         7191    .ARM.Collect$$libinit$$00000011  c_w.l(libinit2.o)
    0x08000298   0x08000298   0x0000000c   Code   RO         7192    .ARM.Collect$$libinit$$00000012  c_w.l(libinit2.o)
    0x080002a4   0x080002a4   0x00000000   Code   RO         7193    .ARM.Collect$$libinit$$00000013  c_w.l(libinit2.o)
    0x080002a4   0x080002a4   0x00000000   Code   RO         7195    .ARM.Collect$$libinit$$00000015  c_w.l(libinit2.o)
    0x080002a4   0x080002a4   0x0000000a   Code   RO         7196    .ARM.Collect$$libinit$$00000016  c_w.l(libinit2.o)
    0x080002ae   0x080002ae   0x00000000   Code   RO         7197    .ARM.Collect$$libinit$$00000017  c_w.l(libinit2.o)
    0x080002ae   0x080002ae   0x00000000   Code   RO         7199    .ARM.Collect$$libinit$$00000019  c_w.l(libinit2.o)
    0x080002ae   0x080002ae   0x00000000   Code   RO         7201    .ARM.Collect$$libinit$$0000001B  c_w.l(libinit2.o)
    0x080002ae   0x080002ae   0x00000000   Code   RO         7203    .ARM.Collect$$libinit$$0000001D  c_w.l(libinit2.o)
    0x080002ae   0x080002ae   0x00000000   Code   RO         7205    .ARM.Collect$$libinit$$0000001F  c_w.l(libinit2.o)
    0x080002ae   0x080002ae   0x00000000   Code   RO         7207    .ARM.Collect$$libinit$$00000021  c_w.l(libinit2.o)
    0x080002ae   0x080002ae   0x00000000   Code   RO         7209    .ARM.Collect$$libinit$$00000023  c_w.l(libinit2.o)
    0x080002ae   0x080002ae   0x00000000   Code   RO         7211    .ARM.Collect$$libinit$$00000025  c_w.l(libinit2.o)
    0x080002ae   0x080002ae   0x00000000   Code   RO         7215    .ARM.Collect$$libinit$$0000002C  c_w.l(libinit2.o)
    0x080002ae   0x080002ae   0x00000000   Code   RO         7217    .ARM.Collect$$libinit$$0000002E  c_w.l(libinit2.o)
    0x080002ae   0x080002ae   0x00000000   Code   RO         7219    .ARM.Collect$$libinit$$00000030  c_w.l(libinit2.o)
    0x080002ae   0x080002ae   0x00000000   Code   RO         7221    .ARM.Collect$$libinit$$00000032  c_w.l(libinit2.o)
    0x080002ae   0x080002ae   0x00000002   Code   RO         7222    .ARM.Collect$$libinit$$00000033  c_w.l(libinit2.o)
    0x080002b0   0x080002b0   0x00000002   Code   RO         7253    .ARM.Collect$$libshutdown$$00000000  c_w.l(libshutdown.o)
    0x080002b2   0x080002b2   0x00000000   Code   RO         7279    .ARM.Collect$$libshutdown$$00000002  c_w.l(libshutdown2.o)
    0x080002b2   0x080002b2   0x00000000   Code   RO         7281    .ARM.Collect$$libshutdown$$00000004  c_w.l(libshutdown2.o)
    0x080002b2   0x080002b2   0x00000000   Code   RO         7284    .ARM.Collect$$libshutdown$$00000007  c_w.l(libshutdown2.o)
    0x080002b2   0x080002b2   0x00000000   Code   RO         7287    .ARM.Collect$$libshutdown$$0000000A  c_w.l(libshutdown2.o)
    0x080002b2   0x080002b2   0x00000000   Code   RO         7289    .ARM.Collect$$libshutdown$$0000000C  c_w.l(libshutdown2.o)
    0x080002b2   0x080002b2   0x00000000   Code   RO         7292    .ARM.Collect$$libshutdown$$0000000F  c_w.l(libshutdown2.o)
    0x080002b2   0x080002b2   0x00000002   Code   RO         7293    .ARM.Collect$$libshutdown$$00000010  c_w.l(libshutdown2.o)
    0x080002b4   0x080002b4   0x00000000   Code   RO         6993    .ARM.Collect$$rtentry$$00000000  c_w.l(__rtentry.o)
    0x080002b4   0x080002b4   0x00000000   Code   RO         7077    .ARM.Collect$$rtentry$$00000002  c_w.l(__rtentry2.o)
    0x080002b4   0x080002b4   0x00000006   Code   RO         7089    .ARM.Collect$$rtentry$$00000004  c_w.l(__rtentry4.o)
    0x080002ba   0x080002ba   0x00000000   Code   RO         7079    .ARM.Collect$$rtentry$$00000009  c_w.l(__rtentry2.o)
    0x080002ba   0x080002ba   0x00000004   Code   RO         7080    .ARM.Collect$$rtentry$$0000000A  c_w.l(__rtentry2.o)
    0x080002be   0x080002be   0x00000000   Code   RO         7082    .ARM.Collect$$rtentry$$0000000C  c_w.l(__rtentry2.o)
    0x080002be   0x080002be   0x00000008   Code   RO         7083    .ARM.Collect$$rtentry$$0000000D  c_w.l(__rtentry2.o)
    0x080002c6   0x080002c6   0x00000002   Code   RO         7165    .ARM.Collect$$rtexit$$00000000  c_w.l(rtexit.o)
    0x080002c8   0x080002c8   0x00000000   Code   RO         7226    .ARM.Collect$$rtexit$$00000002  c_w.l(rtexit2.o)
    0x080002c8   0x080002c8   0x00000004   Code   RO         7227    .ARM.Collect$$rtexit$$00000003  c_w.l(rtexit2.o)
    0x080002cc   0x080002cc   0x00000006   Code   RO         7228    .ARM.Collect$$rtexit$$00000004  c_w.l(rtexit2.o)
    0x080002d2   0x080002d2   0x00000002   PAD
    0x080002d4   0x080002d4   0x000000de   Code   RO         6012    .emb_text           port.o
    0x080003b2   0x080003b2   0x00000002   PAD
    0x080003b4   0x080003b4   0x00000040   Code   RO            4    .text               startup_stm32l476xx.o
    0x080003f4   0x080003f4   0x000000ee   Code   RO         6937    .text               c_w.l(lludivv7m.o)
    0x080004e2   0x080004e2   0x00000048   Code   RO         6939    .text               c_w.l(llsdiv.o)
    0x0800052a   0x0800052a   0x00000002   PAD
    0x0800052c   0x0800052c   0x00000034   Code   RO         6941    .text               c_w.l(vsnprintf.o)
    0x08000560   0x08000560   0x0000004e   Code   RO         6949    .text               c_w.l(_printf_pad.o)
    0x080005ae   0x080005ae   0x00000052   Code   RO         6951    .text               c_w.l(_printf_str.o)
    0x08000600   0x08000600   0x00000078   Code   RO         6953    .text               c_w.l(_printf_dec.o)
    0x08000678   0x08000678   0x0000018e   Code   RO         6972    .text               c_w.l(__printf_flags_ss_wp.o)
    0x08000806   0x08000806   0x00000010   Code   RO         6985    .text               c_w.l(aeabi_memset.o)
    0x08000816   0x08000816   0x0000004e   Code   RO         6987    .text               c_w.l(rt_memclr_w.o)
    0x08000864   0x08000864   0x00000006   Code   RO         6989    .text               c_w.l(heapauxi.o)
    0x0800086a   0x0800086a   0x00000024   Code   RO         6998    .text               c_w.l(_printf_truncate.o)
    0x0800088e   0x0800088e   0x000000b2   Code   RO         7000    .text               c_w.l(_printf_intcommon.o)
    0x08000940   0x08000940   0x00000028   Code   RO         7002    .text               c_w.l(_printf_charcount.o)
    0x08000968   0x08000968   0x00000030   Code   RO         7004    .text               c_w.l(_printf_char_common.o)
    0x08000998   0x08000998   0x0000000a   Code   RO         7006    .text               c_w.l(_sputc.o)
    0x080009a2   0x080009a2   0x00000010   Code   RO         7008    .text               c_w.l(_snputc.o)
    0x080009b2   0x080009b2   0x0000002c   Code   RO         7010    .text               c_w.l(_printf_char.o)
    0x080009de   0x080009de   0x00000002   PAD
    0x080009e0   0x080009e0   0x000000c2   Code   RO         7012    .text               c_w.l(_printf_wctomb.o)
    0x08000aa2   0x08000aa2   0x00000002   PAD
    0x08000aa4   0x08000aa4   0x0000007c   Code   RO         7015    .text               c_w.l(_printf_longlong_dec.o)
    0x08000b20   0x08000b20   0x00000070   Code   RO         7021    .text               c_w.l(_printf_oct_int_ll.o)
    0x08000b90   0x08000b90   0x00000094   Code   RO         7041    .text               c_w.l(_printf_hex_int_ll_ptr.o)
    0x08000c24   0x08000c24   0x00000044   Code   RO         7066    .text               c_w.l(rt_memclr.o)
    0x08000c68   0x08000c68   0x0000008a   Code   RO         7093    .text               c_w.l(lludiv10.o)
    0x08000cf2   0x08000cf2   0x00000424   Code   RO         7095    .text               c_w.l(_printf_fp_dec.o)
    0x08001116   0x08001116   0x00000002   PAD
    0x08001118   0x08001118   0x00000302   Code   RO         7097    .text               c_w.l(_printf_fp_hex.o)
    0x0800141a   0x0800141a   0x0000002c   Code   RO         7102    .text               c_w.l(_printf_wchar.o)
    0x08001446   0x08001446   0x00000040   Code   RO         7104    .text               c_w.l(_wcrtomb.o)
    0x08001486   0x08001486   0x0000004a   Code   RO         7106    .text               c_w.l(sys_stackheap_outer.o)
    0x080014d0   0x080014d0   0x00000010   Code   RO         7108    .text               c_w.l(rt_ctype_table.o)
    0x080014e0   0x080014e0   0x00000008   Code   RO         7113    .text               c_w.l(rt_locale_intlibspace.o)
    0x080014e8   0x080014e8   0x00000080   Code   RO         7115    .text               c_w.l(_printf_fp_infnan.o)
    0x08001568   0x08001568   0x000000e4   Code   RO         7117    .text               c_w.l(bigflt0.o)
    0x0800164c   0x0800164c   0x00000012   Code   RO         7145    .text               c_w.l(exit.o)
    0x0800165e   0x0800165e   0x00000002   PAD
    0x08001660   0x08001660   0x00000008   Code   RO         7162    .text               c_w.l(libspace.o)
    0x08001668   0x08001668   0x00000080   Code   RO         7176    .text               c_w.l(strcmpv7m.o)
    0x080016e8   0x080016e8   0x0000000c   Code   RO         7223    .text               c_w.l(sys_exit.o)
    0x080016f4   0x080016f4   0x00000002   Code   RO         7242    .text               c_w.l(use_no_semi.o)
    0x080016f6   0x080016f6   0x00000000   Code   RO         7244    .text               c_w.l(indicate_semi.o)
    0x080016f6   0x080016f6   0x0000003e   Code   RO         7120    CL$$btod_d2e        c_w.l(btod.o)
    0x08001734   0x08001734   0x00000046   Code   RO         7122    CL$$btod_d2e_denorm_low  c_w.l(btod.o)
    0x0800177a   0x0800177a   0x00000060   Code   RO         7121    CL$$btod_d2e_norm_op1  c_w.l(btod.o)
    0x080017da   0x080017da   0x00000338   Code   RO         7130    CL$$btod_div_common  c_w.l(btod.o)
    0x08001b12   0x08001b12   0x000000dc   Code   RO         7127    CL$$btod_e2e        c_w.l(btod.o)
    0x08001bee   0x08001bee   0x0000002a   Code   RO         7124    CL$$btod_ediv       c_w.l(btod.o)
    0x08001c18   0x08001c18   0x0000002a   Code   RO         7123    CL$$btod_emul       c_w.l(btod.o)
    0x08001c42   0x08001c42   0x00000244   Code   RO         7129    CL$$btod_mult_common  c_w.l(btod.o)
    0x08001e86   0x08001e86   0x00000016   Code   RO          268    i.ADC1_2_IRQHandler  stm32l4xx_it.o
    0x08001e9c   0x08001e9c   0x00000002   Code   RO          269    i.BusFault_Handler  stm32l4xx_it.o
    0x08001e9e   0x08001e9e   0x0000000e   Code   RO          270    i.DMA1_Channel1_IRQHandler  stm32l4xx_it.o
    0x08001eac   0x08001eac   0x00000002   Code   RO          271    i.DebugMon_Handler  stm32l4xx_it.o
    0x08001eae   0x08001eae   0x00000004   Code   RO           13    i.Error_Handler     main.o
    0x08001eb2   0x08001eb2   0x00000002   Code   RO         1691    i.HAL_ADCEx_EndOfSamplingCallback  stm32l4xx_hal_adc_ex.o
    0x08001eb4   0x08001eb4   0x00000002   Code   RO         1694    i.HAL_ADCEx_InjectedConvCpltCallback  stm32l4xx_hal_adc_ex.o
    0x08001eb6   0x08001eb6   0x00000002   Code   RO         1697    i.HAL_ADCEx_InjectedQueueOverflowCallback  stm32l4xx_hal_adc_ex.o
    0x08001eb8   0x08001eb8   0x00000002   Code   RO         1702    i.HAL_ADCEx_LevelOutOfWindow2Callback  stm32l4xx_hal_adc_ex.o
    0x08001eba   0x08001eba   0x00000002   Code   RO         1703    i.HAL_ADCEx_LevelOutOfWindow3Callback  stm32l4xx_hal_adc_ex.o
    0x08001ebc   0x08001ebc   0x000000fc   Code   RO         1704    i.HAL_ADCEx_MultiModeConfigChannel  stm32l4xx_hal_adc_ex.o
    0x08001fb8   0x08001fb8   0x000003fe   Code   RO         1463    i.HAL_ADC_ConfigChannel  stm32l4xx_hal_adc.o
    0x080023b6   0x080023b6   0x00000002   PAD
    0x080023b8   0x080023b8   0x0000002c   Code   RO         6287    i.HAL_ADC_ConvCpltCallback  mcal_adc.o
    0x080023e4   0x080023e4   0x00000002   Code   RO         1467    i.HAL_ADC_ErrorCallback  stm32l4xx_hal_adc.o
    0x080023e6   0x080023e6   0x00000002   PAD
    0x080023e8   0x080023e8   0x00000280   Code   RO         1471    i.HAL_ADC_IRQHandler  stm32l4xx_hal_adc.o
    0x08002668   0x08002668   0x000001c4   Code   RO         1472    i.HAL_ADC_Init      stm32l4xx_hal_adc.o
    0x0800282c   0x0800282c   0x00000002   Code   RO         1473    i.HAL_ADC_LevelOutOfWindowCallback  stm32l4xx_hal_adc.o
    0x0800282e   0x0800282e   0x00000002   PAD
    0x08002830   0x08002830   0x00000080   Code   RO         6289    i.HAL_ADC_MspInit   mcal_adc.o
    0x080028b0   0x080028b0   0x0000004c   Code   RO         3186    i.HAL_DMA_Abort     stm32l4xx_hal_dma.o
    0x080028fc   0x080028fc   0x0000004e   Code   RO         3187    i.HAL_DMA_Abort_IT  stm32l4xx_hal_dma.o
    0x0800294a   0x0800294a   0x00000002   PAD
    0x0800294c   0x0800294c   0x000000d4   Code   RO         3191    i.HAL_DMA_IRQHandler  stm32l4xx_hal_dma.o
    0x08002a20   0x08002a20   0x000000c4   Code   RO         3192    i.HAL_DMA_Init      stm32l4xx_hal_dma.o
    0x08002ae4   0x08002ae4   0x00000024   Code   RO         1900    i.HAL_Delay         stm32l4xx_hal.o
    0x08002b08   0x08002b08   0x0000021e   Code   RO         2596    i.HAL_GPIO_Init     stm32l4xx_hal_gpio.o
    0x08002d26   0x08002d26   0x0000000a   Code   RO         2598    i.HAL_GPIO_ReadPin  stm32l4xx_hal_gpio.o
    0x08002d30   0x08002d30   0x0000000a   Code   RO         2600    i.HAL_GPIO_WritePin  stm32l4xx_hal_gpio.o
    0x08002d3a   0x08002d3a   0x00000002   PAD
    0x08002d3c   0x08002d3c   0x0000000c   Code   RO         1904    i.HAL_GetTick       stm32l4xx_hal.o
    0x08002d48   0x08002d48   0x00000056   Code   RO         3131    i.HAL_I2CEx_ConfigAnalogFilter  stm32l4xx_hal_i2c_ex.o
    0x08002d9e   0x08002d9e   0x00000052   Code   RO         3132    i.HAL_I2CEx_ConfigDigitalFilter  stm32l4xx_hal_i2c_ex.o
    0x08002df0   0x08002df0   0x000000bc   Code   RO         2670    i.HAL_I2C_Init      stm32l4xx_hal_i2c.o
    0x08002eac   0x08002eac   0x0000016a   Code   RO         2688    i.HAL_I2C_Mem_Read  stm32l4xx_hal_i2c.o
    0x08003016   0x08003016   0x00000002   PAD
    0x08003018   0x08003018   0x0000015e   Code   RO         2691    i.HAL_I2C_Mem_Write  stm32l4xx_hal_i2c.o
    0x08003176   0x08003176   0x00000002   PAD
    0x08003178   0x08003178   0x00000054   Code   RO         6585    i.HAL_I2C_MspInit   mcal_i2c.o
    0x080031cc   0x080031cc   0x00000010   Code   RO         1910    i.HAL_IncTick       stm32l4xx_hal.o
    0x080031dc   0x080031dc   0x0000001e   Code   RO         1911    i.HAL_Init          stm32l4xx_hal.o
    0x080031fa   0x080031fa   0x00000002   PAD
    0x080031fc   0x080031fc   0x00000098   Code   RO          416    i.HAL_InitTick      stm32l4xx_hal_timebase_tim.o
    0x08003294   0x08003294   0x00000034   Code   RO          367    i.HAL_MspInit       stm32l4xx_hal_msp.o
    0x080032c8   0x080032c8   0x0000001a   Code   RO         3683    i.HAL_NVIC_EnableIRQ  stm32l4xx_hal_cortex.o
    0x080032e2   0x080032e2   0x00000002   PAD
    0x080032e4   0x080032e4   0x00000040   Code   RO         3689    i.HAL_NVIC_SetPriority  stm32l4xx_hal_cortex.o
    0x08003324   0x08003324   0x00000024   Code   RO         3690    i.HAL_NVIC_SetPriorityGrouping  stm32l4xx_hal_cortex.o
    0x08003348   0x08003348   0x00000068   Code   RO         3413    i.HAL_PWREx_ControlVoltageScaling  stm32l4xx_hal_pwr_ex.o
    0x080033b0   0x080033b0   0x00000010   Code   RO         3446    i.HAL_PWREx_GetVoltageRange  stm32l4xx_hal_pwr_ex.o
    0x080033c0   0x080033c0   0x000003ae   Code   RO         2249    i.HAL_RCCEx_PeriphCLKConfig  stm32l4xx_hal_rcc_ex.o
    0x0800376e   0x0800376e   0x00000002   PAD
    0x08003770   0x08003770   0x00000144   Code   RO         2128    i.HAL_RCC_ClockConfig  stm32l4xx_hal_rcc.o
    0x080038b4   0x080038b4   0x00000040   Code   RO         2131    i.HAL_RCC_GetClockConfig  stm32l4xx_hal_rcc.o
    0x080038f4   0x080038f4   0x00000024   Code   RO         2134    i.HAL_RCC_GetPCLK1Freq  stm32l4xx_hal_rcc.o
    0x08003918   0x08003918   0x00000024   Code   RO         2135    i.HAL_RCC_GetPCLK2Freq  stm32l4xx_hal_rcc.o
    0x0800393c   0x0800393c   0x000000a4   Code   RO         2137    i.HAL_RCC_GetSysClockFreq  stm32l4xx_hal_rcc.o
    0x080039e0   0x080039e0   0x00000518   Code   RO         2140    i.HAL_RCC_OscConfig  stm32l4xx_hal_rcc.o
    0x08003ef8   0x08003ef8   0x000000e0   Code   RO         3906    i.HAL_SPI_Init      stm32l4xx_hal_spi.o
    0x08003fd8   0x08003fd8   0x00000050   Code   RO         6527    i.HAL_SPI_MspInit   mcal_spi.o
    0x08004028   0x08004028   0x00000002   Code   RO         1171    i.HAL_TIMEx_Break2Callback  stm32l4xx_hal_tim_ex.o
    0x0800402a   0x0800402a   0x00000002   Code   RO         1172    i.HAL_TIMEx_BreakCallback  stm32l4xx_hal_tim_ex.o
    0x0800402c   0x0800402c   0x00000002   Code   RO         1173    i.HAL_TIMEx_CommutCallback  stm32l4xx_hal_tim_ex.o
    0x0800402e   0x0800402e   0x00000002   PAD
    0x08004030   0x08004030   0x0000009c   Code   RO         1193    i.HAL_TIMEx_MasterConfigSynchronization  stm32l4xx_hal_tim_ex.o
    0x080040cc   0x080040cc   0x00000062   Code   RO          457    i.HAL_TIM_Base_Init  stm32l4xx_hal_tim.o
    0x0800412e   0x0800412e   0x00000002   PAD
    0x08004130   0x08004130   0x00000050   Code   RO          369    i.HAL_TIM_Base_MspInit  stm32l4xx_hal_msp.o
    0x08004180   0x08004180   0x00000080   Code   RO          462    i.HAL_TIM_Base_Start_IT  stm32l4xx_hal_tim.o
    0x08004200   0x08004200   0x000000e0   Code   RO          466    i.HAL_TIM_ConfigClockSource  stm32l4xx_hal_tim.o
    0x080042e0   0x080042e0   0x00000002   Code   RO          491    i.HAL_TIM_IC_CaptureCallback  stm32l4xx_hal_tim.o
    0x080042e2   0x080042e2   0x00000002   PAD
    0x080042e4   0x080042e4   0x00000140   Code   RO          493    i.HAL_TIM_IC_ConfigChannel  stm32l4xx_hal_tim.o
    0x08004424   0x08004424   0x00000062   Code   RO          496    i.HAL_TIM_IC_Init   stm32l4xx_hal_tim.o
    0x08004486   0x08004486   0x00000002   PAD
    0x08004488   0x08004488   0x00000074   Code   RO          371    i.HAL_TIM_IC_MspInit  stm32l4xx_hal_msp.o
    0x080044fc   0x080044fc   0x0000014a   Code   RO          505    i.HAL_TIM_IRQHandler  stm32l4xx_hal_tim.o
    0x08004646   0x08004646   0x00000002   Code   RO          508    i.HAL_TIM_OC_DelayElapsedCallback  stm32l4xx_hal_tim.o
    0x08004648   0x08004648   0x00000002   Code   RO          535    i.HAL_TIM_PWM_PulseFinishedCallback  stm32l4xx_hal_tim.o
    0x0800464a   0x0800464a   0x00000002   PAD
    0x0800464c   0x0800464c   0x00000014   Code   RO           14    i.HAL_TIM_PeriodElapsedCallback  main.o
    0x08004660   0x08004660   0x00000002   Code   RO          548    i.HAL_TIM_TriggerCallback  stm32l4xx_hal_tim.o
    0x08004662   0x08004662   0x00000002   Code   RO         4255    i.HAL_UARTEx_RxEventCallback  stm32l4xx_hal_uart.o
    0x08004664   0x08004664   0x00000002   Code   RO         4649    i.HAL_UARTEx_WakeupCallback  stm32l4xx_hal_uart_ex.o
    0x08004666   0x08004666   0x00000002   Code   RO         4271    i.HAL_UART_ErrorCallback  stm32l4xx_hal_uart.o
    0x08004668   0x08004668   0x000002c8   Code   RO         4274    i.HAL_UART_IRQHandler  stm32l4xx_hal_uart.o
    0x08004930   0x08004930   0x00000066   Code   RO         4275    i.HAL_UART_Init     stm32l4xx_hal_uart.o
    0x08004996   0x08004996   0x00000002   PAD
    0x08004998   0x08004998   0x00000054   Code   RO         6223    i.HAL_UART_MspInit  mcal_uart.o
    0x080049ec   0x080049ec   0x000000b2   Code   RO         4284    i.HAL_UART_Transmit  stm32l4xx_hal_uart.o
    0x08004a9e   0x08004a9e   0x00000002   Code   RO         4287    i.HAL_UART_TxCpltCallback  stm32l4xx_hal_uart.o
    0x08004aa0   0x08004aa0   0x00000002   Code   RO          272    i.HardFault_Handler  stm32l4xx_it.o
    0x08004aa2   0x08004aa2   0x00000022   Code   RO         2717    i.I2C_Flush_TXDR    stm32l4xx_hal_i2c.o
    0x08004ac4   0x08004ac4   0x0000010c   Code   RO         2725    i.I2C_IsErrorOccurred  stm32l4xx_hal_i2c.o
    0x08004bd0   0x08004bd0   0x00000064   Code   RO         2730    i.I2C_RequestMemoryRead  stm32l4xx_hal_i2c.o
    0x08004c34   0x08004c34   0x00000064   Code   RO         2731    i.I2C_RequestMemoryWrite  stm32l4xx_hal_i2c.o
    0x08004c98   0x08004c98   0x00000030   Code   RO         2734    i.I2C_TransferConfig  stm32l4xx_hal_i2c.o
    0x08004cc8   0x08004cc8   0x0000007a   Code   RO         2736    i.I2C_WaitOnFlagUntilTimeout  stm32l4xx_hal_i2c.o
    0x08004d42   0x08004d42   0x00000056   Code   RO         2738    i.I2C_WaitOnSTOPFlagUntilTimeout  stm32l4xx_hal_i2c.o
    0x08004d98   0x08004d98   0x0000005a   Code   RO         2739    i.I2C_WaitOnTXISFlagUntilTimeout  stm32l4xx_hal_i2c.o
    0x08004df2   0x08004df2   0x0000000c   Code   RO         1485    i.LL_ADC_GetOffsetChannel  stm32l4xx_hal_adc.o
    0x08004dfe   0x08004dfe   0x00000008   Code   RO         1486    i.LL_ADC_INJ_IsConversionOngoing  stm32l4xx_hal_adc.o
    0x08004e06   0x08004e06   0x00000008   Code   RO         1487    i.LL_ADC_REG_IsConversionOngoing  stm32l4xx_hal_adc.o
    0x08004e0e   0x08004e0e   0x00000008   Code   RO         1714    i.LL_ADC_REG_IsConversionOngoing  stm32l4xx_hal_adc_ex.o
    0x08004e16   0x08004e16   0x00000010   Code   RO         1488    i.LL_ADC_REG_IsTriggerSourceSWStart  stm32l4xx_hal_adc.o
    0x08004e26   0x08004e26   0x0000001e   Code   RO         1490    i.LL_ADC_SetChannelSamplingTime  stm32l4xx_hal_adc.o
    0x08004e44   0x08004e44   0x00000010   Code   RO         1491    i.LL_ADC_SetOffsetState  stm32l4xx_hal_adc.o
    0x08004e54   0x08004e54   0x00000002   Code   RO          273    i.MemManage_Handler  stm32l4xx_it.o
    0x08004e56   0x08004e56   0x00000002   Code   RO          274    i.NMI_Handler       stm32l4xx_it.o
    0x08004e58   0x08004e58   0x00000002   Code   RO          216    i.PostSleepProcessing  freertos.o
    0x08004e5a   0x08004e5a   0x00000002   Code   RO          217    i.PreSleepProcessing  freertos.o
    0x08004e5c   0x08004e5c   0x0000012c   Code   RO         2253    i.RCCEx_PLLSAI1_Config  stm32l4xx_hal_rcc_ex.o
    0x08004f88   0x08004f88   0x00000108   Code   RO         2254    i.RCCEx_PLLSAI2_Config  stm32l4xx_hal_rcc_ex.o
    0x08005090   0x08005090   0x0000007c   Code   RO         2141    i.RCC_SetFlashLatencyFromMSIRange  stm32l4xx_hal_rcc.o
    0x0800510c   0x0800510c   0x0000002c   Code   RO         6013    i.SysTick_Handler   port.o
    0x08005138   0x08005138   0x00000010   Code   RO         4729    i.SystemInit        system_stm32l4xx.o
    0x08005148   0x08005148   0x0000000e   Code   RO          275    i.TIM1_CC_IRQHandler  stm32l4xx_it.o
    0x08005156   0x08005156   0x0000000e   Code   RO          276    i.TIM2_IRQHandler   stm32l4xx_it.o
    0x08005164   0x08005164   0x000000c8   Code   RO          550    i.TIM_Base_SetConfig  stm32l4xx_hal_tim.o
    0x0800522c   0x0800522c   0x00000014   Code   RO          561    i.TIM_ETR_SetConfig  stm32l4xx_hal_tim.o
    0x08005240   0x08005240   0x00000010   Code   RO          562    i.TIM_ITRx_SetConfig  stm32l4xx_hal_tim.o
    0x08005250   0x08005250   0x0000005c   Code   RO          570    i.TIM_TI1_ConfigInputStage  stm32l4xx_hal_tim.o
    0x080052ac   0x080052ac   0x000000a0   Code   RO          571    i.TIM_TI1_SetConfig  stm32l4xx_hal_tim.o
    0x0800534c   0x0800534c   0x00000040   Code   RO          572    i.TIM_TI2_ConfigInputStage  stm32l4xx_hal_tim.o
    0x0800538c   0x0800538c   0x00000054   Code   RO          573    i.TIM_TI2_SetConfig  stm32l4xx_hal_tim.o
    0x080053e0   0x080053e0   0x000000c8   Code   RO         4289    i.UART_AdvFeatureConfig  stm32l4xx_hal_uart.o
    0x080054a8   0x080054a8   0x000000a8   Code   RO         4290    i.UART_CheckIdleState  stm32l4xx_hal_uart.o
    0x08005550   0x08005550   0x0000000a   Code   RO         4291    i.UART_DMAAbortOnError  stm32l4xx_hal_uart.o
    0x0800555a   0x0800555a   0x0000004c   Code   RO         4301    i.UART_EndRxTransfer  stm32l4xx_hal_uart.o
    0x080055a6   0x080055a6   0x00000002   PAD
    0x080055a8   0x080055a8   0x00000248   Code   RO         4305    i.UART_SetConfig    stm32l4xx_hal_uart.o
    0x080057f0   0x080057f0   0x00000094   Code   RO         4310    i.UART_WaitOnFlagUntilTimeout  stm32l4xx_hal_uart.o
    0x08005884   0x08005884   0x0000000e   Code   RO          277    i.USART1_IRQHandler  stm32l4xx_it.o
    0x08005892   0x08005892   0x00000002   Code   RO          278    i.UsageFault_Handler  stm32l4xx_it.o
    0x08005894   0x08005894   0x00000030   Code   RO         7160    i.__ARM_fpclassify  m_wm.l(fpclassify.o)
    0x080058c4   0x080058c4   0x00000020   Code   RO         3696    i.__NVIC_SetPriority  stm32l4xx_hal_cortex.o
    0x080058e4   0x080058e4   0x00000098   Code   RO         6290    i._adc1_init        mcal_adc.o
    0x0800597c   0x0800597c   0x0000007c   Code   RO         6291    i._adc2_init        mcal_adc.o
    0x080059f8   0x080059f8   0x0000002c   Code   RO         6292    i._find_dev_by_hadc  mcal_adc.o
    0x08005a24   0x08005a24   0x00000058   Code   RO         6586    i._i2c1_init        mcal_i2c.o
    0x08005a7c   0x08005a7c   0x0000000e   Code   RO         6965    i._is_digit         c_w.l(__printf_wp.o)
    0x08005a8a   0x08005a8a   0x00000002   PAD
    0x08005a8c   0x08005a8c   0x00000050   Code   RO         6528    i._spi1_init        mcal_spi.o
    0x08005adc   0x08005adc   0x00000072   Code   RO         6439    i._system_clock_config  mcal_clock.o
    0x08005b4e   0x08005b4e   0x00000002   PAD
    0x08005b50   0x08005b50   0x00000084   Code   RO         6157    i._tim1_init        mcal_timer.o
    0x08005bd4   0x08005bd4   0x00000068   Code   RO         6158    i._tim2_init        mcal_timer.o
    0x08005c3c   0x08005c3c   0x00000048   Code   RO         6159    i._tim6_init        mcal_timer.o
    0x08005c84   0x08005c84   0x0000003c   Code   RO         6224    i._usart1_init      mcal_uart.o
    0x08005cc0   0x08005cc0   0x00000084   Code   RO         6830    i.app_main_init     app_main.o
    0x08005d44   0x08005d44   0x0000001c   Code   RO         6859    i.app_sensor_init   app_sensor.o
    0x08005d60   0x08005d60   0x00000024   Code   RO         6860    i.app_sensor_task   app_sensor.o
    0x08005d84   0x08005d84   0x00000074   Code   RO         6902    i.app_task_create_all  app_task.o
    0x08005df8   0x08005df8   0x00000186   Code   RO         6766    i.bmp280_compensate_pressure  bsw_bmp280.o
    0x08005f7e   0x08005f7e   0x00000002   PAD
    0x08005f80   0x08005f80   0x00000038   Code   RO         6767    i.bmp280_parse_calib  bsw_bmp280.o
    0x08005fb8   0x08005fb8   0x000000a4   Code   RO         6769    i.bsw_bmp280_init   bsw_bmp280.o
    0x0800605c   0x0800605c   0x000000c4   Code   RO         6771    i.bsw_bmp280_read   bsw_bmp280.o
    0x08006120   0x08006120   0x0000000c   Code   RO         6772    i.bsw_bmp280_set_tick_source  bsw_bmp280.o
    0x0800612c   0x0800612c   0x0000009c   Code   RO         6650    i.bsw_ds18b20_get_result  bsw_ds18b20.o
    0x080061c8   0x080061c8   0x0000000c   Code   RO         6653    i.bsw_ds18b20_set_tick_source  bsw_ds18b20.o
    0x080061d4   0x080061d4   0x00000038   Code   RO         6724    i.bsw_log           bsw_log.o
    0x0800620c   0x0800620c   0x00000058   Code   RO         6861    i.do_collect        app_sensor.o
    0x08006264   0x08006264   0x000000b2   Code   RO         6655    i.ds18b20_read_result  bsw_ds18b20.o
    0x08006316   0x08006316   0x0000001e   Code   RO         6656    i.ds18b20_start_convert  bsw_ds18b20.o
    0x08006334   0x08006334   0x00000030   Code   RO         5242    i.eTaskConfirmSleepModeStatus  tasks.o
    0x08006364   0x08006364   0x00000010   Code   RO         6903    i.entry_sensor      app_task.o
    0x08006374   0x08006374   0x0000000e   Code   RO           15    i.main              main.o
    0x08006382   0x08006382   0x0000000c   Code   RO         5578    i.makeFreeRtosPriority  cmsis_os.o
    0x0800638e   0x0800638e   0x00000002   PAD
    0x08006390   0x08006390   0x00000008   Code   RO         6293    i.mcal_adc_get_handle1  mcal_adc.o
    0x08006398   0x08006398   0x00000008   Code   RO         6294    i.mcal_adc_get_handle2  mcal_adc.o
    0x080063a0   0x080063a0   0x00000034   Code   RO         6295    i.mcal_adc_init     mcal_adc.o
    0x080063d4   0x080063d4   0x00000044   Code   RO         6440    i.mcal_clock_init   mcal_clock.o
    0x08006418   0x08006418   0x00000008   Code   RO         6473    i.mcal_dma_get_handle_adc1  mcal_dma.o
    0x08006420   0x08006420   0x00000064   Code   RO         6474    i.mcal_dma_init     mcal_dma.o
    0x08006484   0x08006484   0x00000002   Code   RO         6098    i.mcal_gpio_init    mcal_gpio.o
    0x08006486   0x08006486   0x00000002   PAD
    0x08006488   0x08006488   0x00000028   Code   RO         6099    i.mcal_gpio_read    mcal_gpio.o
    0x080064b0   0x080064b0   0x0000003c   Code   RO         6100    i.mcal_gpio_set_input  mcal_gpio.o
    0x080064ec   0x080064ec   0x00000040   Code   RO         6102    i.mcal_gpio_set_output_od  mcal_gpio.o
    0x0800652c   0x0800652c   0x00000034   Code   RO         6103    i.mcal_gpio_write   mcal_gpio.o
    0x08006560   0x08006560   0x0000000a   Code   RO         6588    i.mcal_i2c_init     mcal_i2c.o
    0x0800656a   0x0800656a   0x00000002   PAD
    0x0800656c   0x0800656c   0x00000020   Code   RO         6589    i.mcal_i2c_read_buf  mcal_i2c.o
    0x0800658c   0x0800658c   0x00000030   Code   RO         6590    i.mcal_i2c_read_reg  mcal_i2c.o
    0x080065bc   0x080065bc   0x0000002c   Code   RO         6591    i.mcal_i2c_write_reg  mcal_i2c.o
    0x080065e8   0x080065e8   0x00000034   Code   RO         6388    i.mcal_ow_read_bit  mcal_ow.o
    0x0800661c   0x0800661c   0x0000001e   Code   RO         6389    i.mcal_ow_read_byte  mcal_ow.o
    0x0800663a   0x0800663a   0x00000040   Code   RO         6390    i.mcal_ow_reset     mcal_ow.o
    0x0800667a   0x0800667a   0x0000003a   Code   RO         6391    i.mcal_ow_write_bit  mcal_ow.o
    0x080066b4   0x080066b4   0x0000001c   Code   RO         6392    i.mcal_ow_write_byte  mcal_ow.o
    0x080066d0   0x080066d0   0x0000000a   Code   RO         6530    i.mcal_spi_init     mcal_spi.o
    0x080066da   0x080066da   0x00000004   Code   RO         6160    i.mcal_timer_delay_ms  mcal_timer.o
    0x080066de   0x080066de   0x00000002   PAD
    0x080066e0   0x080066e0   0x0000005c   Code   RO         6161    i.mcal_timer_delay_us  mcal_timer.o
    0x0800673c   0x0800673c   0x00000008   Code   RO         6162    i.mcal_timer_get_handle1  mcal_timer.o
    0x08006744   0x08006744   0x00000008   Code   RO         6163    i.mcal_timer_get_handle2  mcal_timer.o
    0x0800674c   0x0800674c   0x00000012   Code   RO         6164    i.mcal_timer_init   mcal_timer.o
    0x0800675e   0x0800675e   0x00000002   PAD
    0x08006760   0x08006760   0x00000008   Code   RO         6225    i.mcal_uart_get_handle1  mcal_uart.o
    0x08006768   0x08006768   0x00000024   Code   RO         6226    i.mcal_uart_init    mcal_uart.o
    0x0800678c   0x0800678c   0x00000030   Code   RO         6229    i.mcal_uart_write   mcal_uart.o
    0x080067bc   0x080067bc   0x00000018   Code   RO         6657    i.on_error          bsw_ds18b20.o
    0x080067d4   0x080067d4   0x0000000e   Code   RO         5580    i.osDelay           cmsis_os.o
    0x080067e2   0x080067e2   0x0000000a   Code   RO         5583    i.osKernelStart     cmsis_os.o
    0x080067ec   0x080067ec   0x00000054   Code   RO         5617    i.osThreadCreate    cmsis_os.o
    0x08006840   0x08006840   0x00000070   Code   RO         5244    i.prvAddCurrentTaskToDelayedList  tasks.o
    0x080068b0   0x080068b0   0x000000d0   Code   RO         5245    i.prvAddNewTaskToReadyList  tasks.o
    0x08006980   0x08006980   0x00000034   Code   RO         5246    i.prvDeleteTCB      tasks.o
    0x080069b4   0x080069b4   0x00000034   Code   RO         5247    i.prvGetExpectedIdleTime  tasks.o
    0x080069e8   0x080069e8   0x0000004c   Code   RO         5945    i.prvHeapInit       heap_4.o
    0x08006a34   0x08006a34   0x00000090   Code   RO         5248    i.prvIdleTask       tasks.o
    0x08006ac4   0x08006ac4   0x000000b6   Code   RO         5249    i.prvInitialiseNewTask  tasks.o
    0x08006b7a   0x08006b7a   0x00000002   PAD
    0x08006b7c   0x08006b7c   0x0000004c   Code   RO         5946    i.prvInsertBlockIntoFreeList  heap_4.o
    0x08006bc8   0x08006bc8   0x00000020   Code   RO         5250    i.prvResetNextTaskUnblockTime  tasks.o
    0x08006be8   0x08006be8   0x00000028   Code   RO         6014    i.prvTaskExitError  port.o
    0x08006c10   0x08006c10   0x000000dc   Code   RO         5947    i.pvPortMalloc      heap_4.o
    0x08006cec   0x08006cec   0x0000002c   Code   RO         6015    i.pxPortInitialiseStack  port.o
    0x08006d18   0x08006d18   0x00000026   Code   RO         4867    i.uxListRemove      list.o
    0x08006d3e   0x08006d3e   0x00000002   PAD
    0x08006d40   0x08006d40   0x00000018   Code   RO          218    i.vApplicationGetIdleTaskMemory  freertos.o
    0x08006d58   0x08006d58   0x00000002   Code   RO          219    i.vApplicationStackOverflowHook  freertos.o
    0x08006d5a   0x08006d5a   0x00000016   Code   RO         4868    i.vListInitialise   list.o
    0x08006d70   0x08006d70   0x00000006   Code   RO         4869    i.vListInitialiseItem  list.o
    0x08006d76   0x08006d76   0x00000030   Code   RO         4870    i.vListInsert       list.o
    0x08006da6   0x08006da6   0x00000018   Code   RO         4871    i.vListInsertEnd    list.o
    0x08006dbe   0x08006dbe   0x00000002   PAD
    0x08006dc0   0x08006dc0   0x00000040   Code   RO         6017    i.vPortEnterCritical  port.o
    0x08006e00   0x08006e00   0x00000028   Code   RO         6018    i.vPortExitCritical  port.o
    0x08006e28   0x08006e28   0x00000064   Code   RO         5948    i.vPortFree         heap_4.o
    0x08006e8c   0x08006e8c   0x00000048   Code   RO         6019    i.vPortSetupTimerInterrupt  port.o
    0x08006ed4   0x08006ed4   0x000000d8   Code   RO         6020    i.vPortSuppressTicksAndSleep  port.o
    0x08006fac   0x08006fac   0x0000004c   Code   RO         5259    i.vTaskDelay        tasks.o
    0x08006ff8   0x08006ff8   0x0000006c   Code   RO         5272    i.vTaskStartScheduler  tasks.o
    0x08007064   0x08007064   0x00000028   Code   RO         5273    i.vTaskStepTick     tasks.o
    0x0800708c   0x0800708c   0x00000010   Code   RO         5275    i.vTaskSuspendAll   tasks.o
    0x0800709c   0x0800709c   0x00000088   Code   RO         5276    i.vTaskSwitchContext  tasks.o
    0x08007124   0x08007124   0x000000f4   Code   RO         6022    i.xPortStartScheduler  port.o
    0x08007218   0x08007218   0x00000060   Code   RO         5279    i.xTaskCreate       tasks.o
    0x08007278   0x08007278   0x00000056   Code   RO         5280    i.xTaskCreateStatic  tasks.o
    0x080072ce   0x080072ce   0x00000002   PAD
    0x080072d0   0x080072d0   0x000000cc   Code   RO         5287    i.xTaskIncrementTick  tasks.o
    0x0800739c   0x0800739c   0x000000c4   Code   RO         5293    i.xTaskResumeAll    tasks.o
    0x08007460   0x08007460   0x0000002c   Code   RO         7143    locale$$code        c_w.l(lc_numeric_c.o)
    0x0800748c   0x0800748c   0x0000002c   Code   RO         7170    locale$$code        c_w.l(lc_ctype_c.o)
    0x080074b8   0x080074b8   0x0000000a   Code   RO         7238    x$fpl$fpinit        fz_wm.l(fpinit.o)
    0x080074c2   0x080074c2   0x00000004   Code   RO         7068    x$fpl$printf1       fz_wm.l(printf1.o)
    0x080074c6   0x080074c6   0x00000004   Code   RO         7070    x$fpl$printf2       fz_wm.l(printf2.o)
    0x080074ca   0x080074ca   0x00000000   Code   RO         7159    x$fpl$usenofp       fz_wm.l(usenofp.o)
    0x080074ca   0x080074ca   0x00000002   PAD
    0x080074cc   0x080074cc   0x00000040   Data   RO         4730    .constdata          system_stm32l4xx.o
    0x0800750c   0x0800750c   0x00000008   Data   RO         4731    .constdata          system_stm32l4xx.o
    0x08007514   0x08007514   0x00000020   Data   RO         6104    .constdata          mcal_gpio.o
    0x08007534   0x08007534   0x0000001c   Data   RO         6904    .constdata          app_task.o
    0x08007550   0x08007550   0x0000000c   Data   RO         6905    .constdata          app_task.o
    0x0800755c   0x0800755c   0x00000011   Data   RO         6973    .constdata          c_w.l(__printf_flags_ss_wp.o)
    0x0800756d   0x0800756d   0x00000003   PAD
    0x08007570   0x08007570   0x00000008   Data   RO         7013    .constdata          c_w.l(_printf_wctomb.o)
    0x08007578   0x08007578   0x00000028   Data   RO         7042    .constdata          c_w.l(_printf_hex_int_ll_ptr.o)
    0x080075a0   0x080075a0   0x00000026   Data   RO         7098    .constdata          c_w.l(_printf_fp_hex.o)
    0x080075c6   0x080075c6   0x00000002   PAD
    0x080075c8   0x080075c8   0x00000094   Data   RO         7118    .constdata          c_w.l(bigflt0.o)
    0x0800765c   0x0800765c   0x00000007   Data   RO         6906    .conststring        app_task.o
    0x08007663   0x08007663   0x00000001   PAD
    0x08007664   0x08007664   0x00000020   Data   RO         7294    Region$$Table       anon$$obj.o
    0x08007684   0x08007684   0x0000001c   Data   RO         7142    locale$$data        c_w.l(lc_numeric_c.o)
    0x080076a0   0x080076a0   0x00000110   Data   RO         7169    locale$$data        c_w.l(lc_ctype_c.o)


    Execution Region RW_IRAM2 (Exec base: 0x10000000, Load base: 0x08007858, Size: 0x00000000, Max: 0x00008000, ABSOLUTE)

    **** No section assigned to this execution region ****


    Execution Region RW_IRAM1 (Exec base: 0x20000000, Load base: 0x080077b0, Size: 0x00004ca0, Max: 0x00018000, ABSOLUTE)

    Exec Addr    Load Addr    Size         Type   Attr      Idx    E Section Name        Object

    0x20000000   0x080077b0   0x0000000c   Data   RW         1928    .data               stm32l4xx_hal.o
    0x2000000c   0x080077bc   0x00000004   Data   RW         4732    .data               system_stm32l4xx.o
    0x20000010   0x080077c0   0x0000003c   Data   RW         5296    .data               tasks.o
    0x2000004c   0x080077fc   0x00000020   Data   RW         5954    .data               heap_4.o
    0x2000006c   0x0800781c   0x00000018   Data   RW         6023    .data               port.o
    0x20000084   0x08007834   0x00000004   Data   RW         6166    .data               mcal_timer.o
    0x20000088   0x08007838   0x00000008   Data   RW         6659    .data               bsw_ds18b20.o
    0x20000090   0x08007840   0x00000001   Data   RW         6726    .data               bsw_log.o
    0x20000091   0x08007841   0x00000003   PAD
    0x20000094   0x08007844   0x0000000c   Data   RW         6774    .data               bsw_bmp280.o
    0x200000a0   0x08007850   0x00000004   Data   RW         6863    .data               app_sensor.o
    0x200000a4   0x08007854   0x00000004   Data   RW         6908    .data               app_task.o
    0x200000a8        -       0x00000454   Zero   RW          220    .bss                freertos.o
    0x200004fc        -       0x0000004c   Zero   RW          419    .bss                stm32l4xx_hal_timebase_tim.o
    0x20000548        -       0x00000104   Zero   RW         5295    .bss                tasks.o
    0x2000064c        -       0x00003c00   Zero   RW         5953    .bss                heap_4.o
    0x2000424c        -       0x000000e4   Zero   RW         6165    .bss                mcal_timer.o
    0x20004330        -       0x000000a0   Zero   RW         6230    .bss                mcal_uart.o
    0x200043d0        -       0x000000f8   Zero   RW         6301    .bss                mcal_adc.o
    0x200044c8        -       0x00000048   Zero   RW         6477    .bss                mcal_dma.o
    0x20004510        -       0x00000064   Zero   RW         6533    .bss                mcal_spi.o
    0x20004574        -       0x00000054   Zero   RW         6592    .bss                mcal_i2c.o
    0x200045c8        -       0x0000000c   Zero   RW         6658    .bss                bsw_ds18b20.o
    0x200045d4        -       0x00000028   Zero   RW         6773    .bss                bsw_bmp280.o
    0x200045fc        -       0x00000040   Zero   RW         6862    .bss                app_sensor.o
    0x2000463c        -       0x00000060   Zero   RW         7163    .bss                c_w.l(libspace.o)
    0x2000469c   0x08007858   0x00000004   PAD
    0x200046a0        -       0x00000200   Zero   RW            2    HEAP                startup_stm32l476xx.o
    0x200048a0        -       0x00000400   Zero   RW            1    STACK               startup_stm32l476xx.o


==============================================================================

Image component sizes


      Code (inc. data)   RO Data    RW Data    ZI Data      Debug   Object Name

       132         50          0          0          0       1160   app_main.o
       152         24          0          4         64       3473   app_sensor.o
       132         78         47          4          0       2073   app_task.o
       818         38          0         12         40       6969   bsw_bmp280.o
       400         20          0          8         12       6091   bsw_ds18b20.o
        56          6          0          1          0       1470   bsw_log.o
       120          0          0          0          0      23473   cmsis_os.o
         0          0          0          0          0      16872   event_groups.o
        30          6          0          0       1108       2995   freertos.o
       472         24          0         32      15360       7683   heap_4.o
       138          0          0          0          0       3770   list.o
        38          6          0          0          0     925687   main.o
       560         64          0          0        248       5899   mcal_adc.o
       182          0          0          0          0       1786   mcal_clock.o
       108         16          0          0         72       1767   mcal_dma.o
       218         20         32          0          0       4052   mcal_gpio.o
       306         36          0          0         84       4807   mcal_i2c.o
       232          0          0          0          0       3624   mcal_ow.o
       170         16          0          0        100       2430   mcal_spi.o
       438         50          0          4        228       5652   mcal_timer.o
       236         34          0          0        160       4026   mcal_uart.o
       986         80          0         24          0      12793   port.o
        64         26        392          0       1536        884   startup_stm32l476xx.o
        94         14          0         12          0      13974   stm32l4xx_hal.o
      2208        104          0          0          0      69151   stm32l4xx_hal_adc.o
       270         18          0          0          0      63356   stm32l4xx_hal_adc_ex.o
       158         14          0          0          0      33234   stm32l4xx_hal_cortex.o
       562         20          0          0          0       3675   stm32l4xx_hal_dma.o
       562         36          0          0          0       3175   stm32l4xx_hal_gpio.o
      1748         36          0          0          0      12754   stm32l4xx_hal_i2c.o
       168          0          0          0          0       2031   stm32l4xx_hal_i2c_ex.o
       248         22          0          0          0       2470   stm32l4xx_hal_msp.o
       120         20          0          0          0       1442   stm32l4xx_hal_pwr_ex.o
      2052        108          0          0          0       7901   stm32l4xx_hal_rcc.o
      1506         44          0          0          0       4212   stm32l4xx_hal_rcc_ex.o
       224          0          0          0          0       1347   stm32l4xx_hal_spi.o
      1842        144          0          0          0      14662   stm32l4xx_hal_tim.o
       162         26          0          0          0       3300   stm32l4xx_hal_tim_ex.o
       152         20          0          0         76       1595   stm32l4xx_hal_timebase_tim.o
      2184         70          0          0          0      11799   stm32l4xx_hal_uart.o
         2          0          0          0          0       1104   stm32l4xx_hal_uart_ex.o
        90          0          0          0          0       6419   stm32l4xx_it.o
         0          0          0          0          0        384   stream_buffer.o
        16          4         72          4          0       1301   system_stm32l4xx.o
      1788        136          0         60        260      22720   tasks.o

    ----------------------------------------------------------------------
     22202       1430        576        168      19348    1331442   Object Totals
         0          0         32          0          0          0   (incl. Generated)
        58          0          1          3          0          0   (incl. Padding)

    ----------------------------------------------------------------------

      Code (inc. data)   RO Data    RW Data    ZI Data      Debug   Library Member Name

         8          0          0          0          0         68   __main.o
       398          4         17          0          0         92   __printf_flags_ss_wp.o
        14          0          0          0          0         68   __printf_wp.o
         0          0          0          0          0          0   __rtentry.o
        12          0          0          0          0          0   __rtentry2.o
         6          0          0          0          0          0   __rtentry4.o
        52          8          0          0          0          0   __scatter.o
        26          0          0          0          0          0   __scatter_copy.o
        28          0          0          0          0          0   __scatter_zi.o
         6          0          0          0          0          0   _printf_a.o
         6          0          0          0          0          0   _printf_c.o
        44          0          0          0          0        108   _printf_char.o
        48          6          0          0          0         96   _printf_char_common.o
        40          0          0          0          0         68   _printf_charcount.o
         6          0          0          0          0          0   _printf_d.o
       120         16          0          0          0         92   _printf_dec.o
         6          0          0          0          0          0   _printf_e.o
         6          0          0          0          0          0   _printf_f.o
      1060          0          0          0          0        216   _printf_fp_dec.o
       770          8         38          0          0        100   _printf_fp_hex.o
       128         16          0          0          0         84   _printf_fp_infnan.o
         6          0          0          0          0          0   _printf_g.o
       148          4         40          0          0        160   _printf_hex_int_ll_ptr.o
         6          0          0          0          0          0   _printf_i.o
       178          0          0          0          0         88   _printf_intcommon.o
        10          0          0          0          0          0   _printf_l.o
         6          0          0          0          0          0   _printf_lc.o
        10          0          0          0          0          0   _printf_ll.o
         6          0          0          0          0          0   _printf_lld.o
         6          0          0          0          0          0   _printf_lli.o
         6          0          0          0          0          0   _printf_llo.o
         6          0          0          0          0          0   _printf_llu.o
         6          0          0          0          0          0   _printf_llx.o
       124         16          0          0          0         92   _printf_longlong_dec.o
         6          0          0          0          0          0   _printf_ls.o
         6          0          0          0          0          0   _printf_n.o
         6          0          0          0          0          0   _printf_o.o
       112         10          0          0          0        124   _printf_oct_int_ll.o
         6          0          0          0          0          0   _printf_p.o
        78          0          0          0          0        108   _printf_pad.o
         0          0          0          0          0          0   _printf_percent.o
         4          0          0          0          0          0   _printf_percent_end.o
         6          0          0          0          0          0   _printf_s.o
        82          0          0          0          0         80   _printf_str.o
        36          0          0          0          0         84   _printf_truncate.o
         6          0          0          0          0          0   _printf_u.o
        44          0          0          0          0        108   _printf_wchar.o
       194          6          8          0          0         92   _printf_wctomb.o
         6          0          0          0          0          0   _printf_x.o
        16          0          0          0          0         68   _snputc.o
        10          0          0          0          0         68   _sputc.o
        64          0          0          0          0         92   _wcrtomb.o
        16          0          0          0          0         68   aeabi_memset.o
       228          4        148          0          0         96   bigflt0.o
      1936        128          0          0          0        672   btod.o
        18          0          0          0          0         80   exit.o
         6          0          0          0          0        152   heapauxi.o
         0          0          0          0          0          0   indicate_semi.o
        44         10        272          0          0         76   lc_ctype_c.o
        44         10         28          0          0         76   lc_numeric_c.o
         2          0          0          0          0          0   libinit.o
        34          0          0          0          0          0   libinit2.o
         2          0          0          0          0          0   libshutdown.o
         2          0          0          0          0          0   libshutdown2.o
         8          4          0          0         96         68   libspace.o
        72          0          0          0          0         76   llsdiv.o
       138          0          0          0          0         80   lludiv10.o
       238          0          0          0          0        100   lludivv7m.o
        16          4          0          0          0         76   rt_ctype_table.o
         8          4          0          0          0         68   rt_locale_intlibspace.o
        68          0          0          0          0         68   rt_memclr.o
        78          0          0          0          0         80   rt_memclr_w.o
         2          0          0          0          0          0   rtexit.o
        10          0          0          0          0          0   rtexit2.o
       128          0          0          0          0         68   strcmpv7m.o
        12          4          0          0          0         68   sys_exit.o
        74          0          0          0          0         80   sys_stackheap_outer.o
         2          0          0          0          0         68   use_no_semi.o
        52          4          0          0          0         80   vsnprintf.o
        10          0          0          0          0        116   fpinit.o
         4          0          0          0          0        116   printf1.o
         4          0          0          0          0        116   printf2.o
         0          0          0          0          0          0   usenofp.o
        48          0          0          0          0        124   fpclassify.o

    ----------------------------------------------------------------------
      7306        266        556          0        100       4828   Library Totals
        18          0          5          0          4          0   (incl. Padding)

    ----------------------------------------------------------------------

      Code (inc. data)   RO Data    RW Data    ZI Data      Debug   Library Name

      7222        266        551          0         96       4356   c_w.l
        18          0          0          0          0        348   fz_wm.l
        48          0          0          0          0        124   m_wm.l

    ----------------------------------------------------------------------
      7306        266        556          0        100       4828   Library Totals

    ----------------------------------------------------------------------

==============================================================================


      Code (inc. data)   RO Data    RW Data    ZI Data      Debug   

     29508       1696       1132        168      19448    1312678   Grand Totals
     29508       1696       1132        168      19448    1312678   ELF Image Totals
     29508       1696       1132        168          0          0   ROM Totals

==============================================================================

    Total RO  Size (Code + RO Data)                30640 (  29.92kB)
    Total RW  Size (RW Data + ZI Data)             19616 (  19.16kB)
    Total ROM Size (Code + RO Data + RW Data)      30808 (  30.09kB)

==============================================================================

