Component: ARM Compiler 5.06 update 5 (build 528) Tool: armlink [4d35e2]

==============================================================================

Section Cross References

    startup_stm32l476xx.o(STACK) refers (Special) to heapauxi.o(.text) for __use_two_region_memory
    startup_stm32l476xx.o(HEAP) refers (Special) to heapauxi.o(.text) for __use_two_region_memory
    startup_stm32l476xx.o(RESET) refers (Special) to heapauxi.o(.text) for __use_two_region_memory
    startup_stm32l476xx.o(RESET) refers to startup_stm32l476xx.o(STACK) for __initial_sp
    startup_stm32l476xx.o(RESET) refers to startup_stm32l476xx.o(.text) for Reset_Handler
    startup_stm32l476xx.o(RESET) refers to stm32l4xx_it.o(i.NMI_Handler) for NMI_Handler
    startup_stm32l476xx.o(RESET) refers to stm32l4xx_it.o(i.HardFault_Handler) for HardFault_Handler
    startup_stm32l476xx.o(RESET) refers to stm32l4xx_it.o(i.MemManage_Handler) for MemManage_Handler
    startup_stm32l476xx.o(RESET) refers to stm32l4xx_it.o(i.BusFault_Handler) for BusFault_Handler
    startup_stm32l476xx.o(RESET) refers to stm32l4xx_it.o(i.UsageFault_Handler) for UsageFault_Handler
    startup_stm32l476xx.o(RESET) refers to port.o(.emb_text) for SVC_Handler
    startup_stm32l476xx.o(RESET) refers to stm32l4xx_it.o(i.DebugMon_Handler) for DebugMon_Handler
    startup_stm32l476xx.o(RESET) refers to port.o(i.SysTick_Handler) for SysTick_Handler
    startup_stm32l476xx.o(RESET) refers to stm32l4xx_it.o(i.DMA1_Channel1_IRQHandler) for DMA1_Channel1_IRQHandler
    startup_stm32l476xx.o(RESET) refers to stm32l4xx_it.o(i.ADC1_2_IRQHandler) for ADC1_2_IRQHandler
    startup_stm32l476xx.o(RESET) refers to stm32l4xx_it.o(i.TIM1_CC_IRQHandler) for TIM1_CC_IRQHandler
    startup_stm32l476xx.o(RESET) refers to stm32l4xx_it.o(i.TIM2_IRQHandler) for TIM2_IRQHandler
    startup_stm32l476xx.o(RESET) refers to stm32l4xx_it.o(i.USART1_IRQHandler) for USART1_IRQHandler
    startup_stm32l476xx.o(.text) refers (Special) to heapauxi.o(.text) for __use_two_region_memory
    startup_stm32l476xx.o(.text) refers to system_stm32l4xx.o(i.SystemInit) for SystemInit
    startup_stm32l476xx.o(.text) refers to __main.o(!!!main) for __main
    startup_stm32l476xx.o(.text) refers to startup_stm32l476xx.o(HEAP) for Heap_Mem
    startup_stm32l476xx.o(.text) refers to startup_stm32l476xx.o(STACK) for Stack_Mem
    main.o(i.HAL_TIM_PeriodElapsedCallback) refers to stm32l4xx_hal.o(i.HAL_IncTick) for HAL_IncTick
    main.o(i.main) refers to stm32l4xx_hal.o(i.HAL_Init) for HAL_Init
    main.o(i.main) refers to app_main.o(i.app_main_init) for app_main_init
    main.o(i.main) refers to cmsis_os.o(i.osKernelStart) for osKernelStart
    freertos.o(i.vApplicationGetIdleTaskMemory) refers to freertos.o(.bss) for .bss
    stm32l4xx_it.o(i.ADC1_2_IRQHandler) refers to mcal_adc.o(i.mcal_adc_get_handle1) for mcal_adc_get_handle1
    stm32l4xx_it.o(i.ADC1_2_IRQHandler) refers to stm32l4xx_hal_adc.o(i.HAL_ADC_IRQHandler) for HAL_ADC_IRQHandler
    stm32l4xx_it.o(i.ADC1_2_IRQHandler) refers to mcal_adc.o(i.mcal_adc_get_handle2) for mcal_adc_get_handle2
    stm32l4xx_it.o(i.DMA1_Channel1_IRQHandler) refers to mcal_dma.o(i.mcal_dma_get_handle_adc1) for mcal_dma_get_handle_adc1
    stm32l4xx_it.o(i.DMA1_Channel1_IRQHandler) refers to stm32l4xx_hal_dma.o(i.HAL_DMA_IRQHandler) for HAL_DMA_IRQHandler
    stm32l4xx_it.o(i.TIM1_CC_IRQHandler) refers to mcal_timer.o(i.mcal_timer_get_handle1) for mcal_timer_get_handle1
    stm32l4xx_it.o(i.TIM1_CC_IRQHandler) refers to stm32l4xx_hal_tim.o(i.HAL_TIM_IRQHandler) for HAL_TIM_IRQHandler
    stm32l4xx_it.o(i.TIM2_IRQHandler) refers to mcal_timer.o(i.mcal_timer_get_handle2) for mcal_timer_get_handle2
    stm32l4xx_it.o(i.TIM2_IRQHandler) refers to stm32l4xx_hal_tim.o(i.HAL_TIM_IRQHandler) for HAL_TIM_IRQHandler
    stm32l4xx_it.o(i.USART1_IRQHandler) refers to mcal_uart.o(i.mcal_uart_get_handle1) for mcal_uart_get_handle1
    stm32l4xx_it.o(i.USART1_IRQHandler) refers to stm32l4xx_hal_uart.o(i.HAL_UART_IRQHandler) for HAL_UART_IRQHandler
    stm32l4xx_hal_msp.o(i.HAL_MspInit) refers to stm32l4xx_hal_cortex.o(i.HAL_NVIC_SetPriority) for HAL_NVIC_SetPriority
    stm32l4xx_hal_msp.o(i.HAL_TIM_Base_MspDeInit) refers to stm32l4xx_hal_cortex.o(i.HAL_NVIC_DisableIRQ) for HAL_NVIC_DisableIRQ
    stm32l4xx_hal_msp.o(i.HAL_TIM_Base_MspInit) refers to stm32l4xx_hal_cortex.o(i.HAL_NVIC_SetPriority) for HAL_NVIC_SetPriority
    stm32l4xx_hal_msp.o(i.HAL_TIM_Base_MspInit) refers to stm32l4xx_hal_cortex.o(i.HAL_NVIC_EnableIRQ) for HAL_NVIC_EnableIRQ
    stm32l4xx_hal_msp.o(i.HAL_TIM_IC_MspDeInit) refers to stm32l4xx_hal_gpio.o(i.HAL_GPIO_DeInit) for HAL_GPIO_DeInit
    stm32l4xx_hal_msp.o(i.HAL_TIM_IC_MspDeInit) refers to stm32l4xx_hal_cortex.o(i.HAL_NVIC_DisableIRQ) for HAL_NVIC_DisableIRQ
    stm32l4xx_hal_msp.o(i.HAL_TIM_IC_MspInit) refers to rt_memclr_w.o(.text) for __aeabi_memclr4
[...]
    task_sensor                              0x08004925   Thumb Code    20  app_task.o(i.task_sensor)
    i.uxListRemove                           0x08004938   Section        0  list.o(i.uxListRemove)
    i.vApplicationGetIdleTaskMemory          0x08004960   Section        0  freertos.o(i.vApplicationGetIdleTaskMemory)
    i.vApplicationStackOverflowHook          0x08004978   Section        0  freertos.o(i.vApplicationStackOverflowHook)
    i.vListInitialise                        0x0800497a   Section        0  list.o(i.vListInitialise)
    i.vListInitialiseItem                    0x08004990   Section        0  list.o(i.vListInitialiseItem)
    i.vListInsert                            0x08004996   Section        0  list.o(i.vListInsert)
    i.vListInsertEnd                         0x080049c6   Section        0  list.o(i.vListInsertEnd)
    i.vPortEnterCritical                     0x080049e0   Section        0  port.o(i.vPortEnterCritical)
    i.vPortExitCritical                      0x08004a20   Section        0  port.o(i.vPortExitCritical)
    i.vPortFree                              0x08004a48   Section        0  heap_4.o(i.vPortFree)
    i.vPortSetupTimerInterrupt               0x08004aac   Section        0  port.o(i.vPortSetupTimerInterrupt)
    i.vPortSuppressTicksAndSleep             0x08004af4   Section        0  port.o(i.vPortSuppressTicksAndSleep)
    i.vTaskDelay                             0x08004bcc   Section        0  tasks.o(i.vTaskDelay)
    i.vTaskStartScheduler                    0x08004c18   Section        0  tasks.o(i.vTaskStartScheduler)
    i.vTaskStepTick                          0x08004c84   Section        0  tasks.o(i.vTaskStepTick)
    i.vTaskSuspendAll                        0x08004cac   Section        0  tasks.o(i.vTaskSuspendAll)
    i.vTaskSwitchContext                     0x08004cbc   Section        0  tasks.o(i.vTaskSwitchContext)
    i.xPortStartScheduler                    0x08004d44   Section        0  port.o(i.xPortStartScheduler)
    i.xQueueGenericCreate                    0x08004e38   Section        0  queue.o(i.xQueueGenericCreate)
    i.xQueueGenericReset                     0x08004e7c   Section        0  queue.o(i.xQueueGenericReset)
    i.xTaskCreate                            0x08004f04   Section        0  tasks.o(i.xTaskCreate)
    i.xTaskCreateStatic                      0x08004f64   Section        0  tasks.o(i.xTaskCreateStatic)
    i.xTaskIncrementTick                     0x08004fbc   Section        0  tasks.o(i.xTaskIncrementTick)
    i.xTaskRemoveFromEventList               0x08005088   Section        0  tasks.o(i.xTaskRemoveFromEventList)
    i.xTaskResumeAll                         0x08005104   Section        0  tasks.o(i.xTaskResumeAll)
    x$fpl$fpinit                             0x080051c8   Section       10  fpinit.o(x$fpl$fpinit)
    $v0                                      0x080051c8   Number         0  fpinit.o(x$fpl$fpinit)
    .constdata                               0x080051d4   Section       64  system_stm32l4xx.o(.constdata)
    .constdata                               0x08005214   Section        8  system_stm32l4xx.o(.constdata)
    .constdata                               0x0800521c   Section       32  mcal_gpio.o(.constdata)
    s_gpio_map                               0x0800521c   Data          32  mcal_gpio.o(.constdata)
    .constdata                               0x0800523c   Section       16  app_main.o(.constdata)
    .data                                    0x20000000   Section       12  stm32l4xx_hal.o(.data)
    .data                                    0x2000000c   Section        4  system_stm32l4xx.o(.data)
    .data                                    0x20000010   Section       60  tasks.o(.data)
    uxDeletedTasksWaitingCleanUp             0x20000014   Data           4  tasks.o(.data)
    uxCurrentNumberOfTasks                   0x20000018   Data           4  tasks.o(.data)
    xTickCount                               0x2000001c   Data           4  tasks.o(.data)
    uxTopReadyPriority                       0x20000020   Data           4  tasks.o(.data)
    xSchedulerRunning                        0x20000024   Data           4  tasks.o(.data)
    xPendedTicks                             0x20000028   Data           4  tasks.o(.data)
    xYieldPending                            0x2000002c   Data           4  tasks.o(.data)
    xNumOfOverflows                          0x20000030   Data           4  tasks.o(.data)
    uxTaskNumber                             0x20000034   Data           4  tasks.o(.data)
    xNextTaskUnblockTime                     0x20000038   Data           4  tasks.o(.data)
    xIdleTaskHandle                          0x2000003c   Data           4  tasks.o(.data)
    uxSchedulerSuspended                     0x20000040   Data           4  tasks.o(.data)
    pxDelayedTaskList                        0x20000044   Data           4  tasks.o(.data)
    pxOverflowDelayedTaskList                0x20000048   Data           4  tasks.o(.data)
    .data                                    0x2000004c   Section       32  heap_4.o(.data)
    pxEnd                                    0x2000004c   Data           4  heap_4.o(.data)
    xFreeBytesRemaining                      0x20000050   Data           4  heap_4.o(.data)
    xMinimumEverFreeBytesRemaining           0x20000054   Data           4  heap_4.o(.data)
    xNumberOfSuccessfulAllocations           0x20000058   Data           4  heap_4.o(.data)
    xNumberOfSuccessfulFrees                 0x2000005c   Data           4  heap_4.o(.data)
    xBlockAllocatedBit                       0x20000060   Data           4  heap_4.o(.data)
    xStart                                   0x20000064   Data           8  heap_4.o(.data)
    .data                                    0x2000006c   Section       24  port.o(.data)
    ucMaxSysCallPriority                     0x2000006c   Data           1  port.o(.data)
    uxCriticalNesting                        0x20000070   Data           4  port.o(.data)
    ulTimerCountsForOneTick                  0x20000074   Data           4  port.o(.data)
    xMaximumPossibleSuppressedTicks          0x20000078   Data           4  port.o(.data)
    ulStoppedTimerCompensation               0x2000007c   Data           4  port.o(.data)
    ulMaxPRIGROUPValue                       0x20000080   Data           4  port.o(.data)
    .data                                    0x20000084   Section        4  mcal_timer.o(.data)
    s_dwt_inited                             0x20000084   Data           4  mcal_timer.o(.data)
    .data                                    0x20000088   Section        4  bsw_frame.o(.data)
    g_state                                  0x20000088   Data           1  bsw_frame.o(.data)
    g_buf_idx                                0x2000008a   Data           2  bsw_frame.o(.data)
    .data                                    0x2000008c   Section        2  bsw_ds18b20.o(.data)
    s_state                                  0x2000008c   Data           1  bsw_ds18b20.o(.data)
    s_consec_err                             0x2000008d   Data           1  bsw_ds18b20.o(.data)
    .data                                    0x20000090   Section       40  app_task.o(.data)
    g_queue_demod                            0x20000090   Data           4  app_task.o(.data)
    g_queue_comm                             0x20000094   Data           4  app_task.o(.data)
    g_queue_sensor                           0x20000098   Data           4  app_task.o(.data)
    g_sem_scan                               0x2000009c   Data           4  app_task.o(.data)
    g_sem_frame                              0x200000a0   Data           4  app_task.o(.data)
    g_handle_demod                           0x200000a4   Data           4  app_task.o(.data)
    g_handle_comm                            0x200000a8   Data           4  app_task.o(.data)
    g_handle_sensor                          0x200000ac   Data           4  app_task.o(.data)
    g_handle_app                             0x200000b0   Data           4  app_task.o(.data)
    g_handle_print                           0x200000b4   Data           4  app_task.o(.data)
    .data                                    0x200000b8   Section        8  app_sensor.o(.data)
    s_last_sample_time                       0x200000b8   Data           4  app_sensor.o(.data)
    s_callback                               0x200000bc   Data           4  app_sensor.o(.data)
    .bss                                     0x200000c0   Section     1108  freertos.o(.bss)
    xIdleTaskTCBBuffer                       0x200000c0   Data          84  freertos.o(.bss)
    xIdleStack                               0x20000114   Data        1024  freertos.o(.bss)
    .bss                                     0x20000514   Section       76  stm32l4xx_hal_timebase_tim.o(.bss)
    .bss                                     0x20000560   Section      260  tasks.o(.bss)
    pxReadyTasksLists                        0x20000560   Data         160  tasks.o(.bss)
    xDelayedTaskList1                        0x20000600   Data          20  tasks.o(.bss)
    xDelayedTaskList2                        0x20000614   Data          20  tasks.o(.bss)
    xPendingReadyList                        0x20000628   Data          20  tasks.o(.bss)
    xTasksWaitingTermination                 0x2000063c   Data          20  tasks.o(.bss)
    xSuspendedTaskList                       0x20000650   Data          20  tasks.o(.bss)
    .bss                                     0x20000664   Section    15360  heap_4.o(.bss)
    ucHeap                                   0x20000664   Data       15360  heap_4.o(.bss)
    .bss                                     0x20004264   Section      228  mcal_timer.o(.bss)
    s_htim1                                  0x20004264   Data          76  mcal_timer.o(.bss)
    s_htim2                                  0x200042b0   Data          76  mcal_timer.o(.bss)
    s_htim6                                  0x200042fc   Data          76  mcal_timer.o(.bss)
    .bss                                     0x20004348   Section      160  mcal_uart.o(.bss)
    s_uart_ch                                0x20004348   Data          24  mcal_uart.o(.bss)
    s_huart1                                 0x20004360   Data         136  mcal_uart.o(.bss)
    .bss                                     0x200043e8   Section      248  mcal_adc.o(.bss)
    s_dev                                    0x200043e8   Data          48  mcal_adc.o(.bss)
    s_hadc1                                  0x20004418   Data         100  mcal_adc.o(.bss)
    s_hadc2                                  0x2000447c   Data         100  mcal_adc.o(.bss)
    .bss                                     0x200044e0   Section       72  mcal_dma.o(.bss)
    s_hdma_adc1                              0x200044e0   Data          72  mcal_dma.o(.bss)
    .bss                                     0x20004528   Section      100  mcal_spi.o(.bss)
    s_hspi1                                  0x20004528   Data         100  mcal_spi.o(.bss)
    .bss                                     0x2000458c   Section       84  mcal_i2c.o(.bss)
    s_hi2c1                                  0x2000458c   Data          84  mcal_i2c.o(.bss)
    .bss                                     0x200045e0   Section       16  bsw_bfsk.o(.bss)
    g_cfg                                    0x200045e0   Data          16  bsw_bfsk.o(.bss)
    .bss                                     0x200045f0   Section       12  bsw_ds18b20.o(.bss)
    s_cached                                 0x200045f0   Data          12  bsw_ds18b20.o(.bss)
    .bss                                     0x200045fc   Section       28  app_sensor.o(.bss)
    s_data                                   0x200045fc   Data          12  app_sensor.o(.bss)
    buf                                      0x20004608   Data          16  app_sensor.o(.bss)
    .bss                                     0x20004618   Section       96  libspace.o(.bss)
    HEAP                                     0x20004678   Section      512  startup_stm32l476xx.o(HEAP)
    Heap_Mem                                 0x20004678   Data         512  startup_stm32l476xx.o(HEAP)
    STACK                                    0x20004878   Section     1024  startup_stm32l476xx.o(STACK)
    Stack_Mem                                0x20004878   Data        1024  startup_stm32l476xx.o(STACK)
    __initial_sp                             0x20004c78   Data           0  startup_stm32l476xx.o(STACK)

    Global Symbols

    Symbol Name                              Value     Ov Type        Size  Object(Section)

    BuildAttributes$$THM_ISAv4$E$P$D$K$B$S$7EM$VFPi3$EXTD16$VFPS$VFMA$PE$A:L22UL41UL21$X:L11$S22US41US21$IEEE1$IW$USESV6$~STKCKD$USESV7$~SHL$OTIME$ROPI$IEEEJ$EBA8$UX$STANDARDLIB$REQ8$PRES8$EABIv2 0x00000000   Number         0  anon$$obj.o ABSOLUTE
    __ARM_use_no_argv                        0x00000000   Number         0  main.o ABSOLUTE
    _printf_flags                            0x00000000   Number         0  printf_stubs.o ABSOLUTE
    _printf_return_value                     0x00000000   Number         0  printf_stubs.o ABSOLUTE
    _printf_sizespec                         0x00000000   Number         0  printf_stubs.o ABSOLUTE
    _printf_widthprec                        0x00000000   Number         0  printf_stubs.o ABSOLUTE
    __ARM_exceptions_init                     - Undefined Weak Reference
    __alloca_initialize                       - Undefined Weak Reference
    __arm_preinit_                            - Undefined Weak Reference
    __cpp_initialize__aeabi_                  - Undefined Weak Reference
    __cxa_finalize                            - Undefined Weak Reference
    __sigvec_lookup                           - Undefined Weak Reference
    _atexit_init                              - Undefined Weak Reference
    _call_atexit_fns                          - Undefined Weak Reference
    _clock_init                               - Undefined Weak Reference
    _fp_trap_init                             - Undefined Weak Reference
    _fp_trap_shutdown                         - Undefined Weak Reference
    _get_lc_collate                           - Undefined Weak Reference
    _get_lc_monetary                          - Undefined Weak Reference
    _get_lc_time                              - Undefined Weak Reference
    _getenv_init                              - Undefined Weak Reference
    _handle_redirection                       - Undefined Weak Reference
    _init_alloc                               - Undefined Weak Reference
    _init_user_alloc                          - Undefined Weak Reference
    _initio                                   - Undefined Weak Reference
    _printf_mbtowc                            - Undefined Weak Reference
    _printf_wc                                - Undefined Weak Reference
    _rand_init                                - Undefined Weak Reference
    _signal_finish                            - Undefined Weak Reference
    _signal_init                              - Undefined Weak Reference
    _terminate_alloc                          - Undefined Weak Reference
    _terminate_user_alloc                     - Undefined Weak Reference
    _terminateio                              - Undefined Weak Reference
    __Vectors_Size                           0x00000188   Number         0  startup_stm32l476xx.o ABSOLUTE
    __Vectors                                0x08000000   Data           4  startup_stm32l476xx.o(RESET)
    __Vectors_End                            0x08000188   Data           0  startup_stm32l476xx.o(RESET)
    __main                                   0x08000189   Thumb Code     8  __main.o(!!!main)
    __scatterload                            0x08000191   Thumb Code     0  __scatter.o(!!!scatter)
    __scatterload_rt2                        0x08000191   Thumb Code    44  __scatter.o(!!!scatter)
    __scatterload_rt2_thumb_only             0x08000191   Thumb Code     0  __scatter.o(!!!scatter)
    __scatterload_null                       0x0800019f   Thumb Code     0  __scatter.o(!!!scatter)
    __scatterload_copy                       0x080001c5   Thumb Code    26  __scatter_copy.o(!!handler_copy)
    __scatterload_zeroinit                   0x080001e1   Thumb Code    28  __scatter_zi.o(!!handler_zi)
    __rt_lib_init                            0x080001fd   Thumb Code     0  libinit.o(.ARM.Collect$$libinit$$00000000)
    __rt_lib_init_fp_1                       0x080001ff   Thumb Code     0  libinit2.o(.ARM.Collect$$libinit$$00000001)
    __rt_lib_init_alloca_1                   0x08000203   Thumb Code     0  libinit2.o(.ARM.Collect$$libinit$$0000002E)
    __rt_lib_init_argv_1                     0x08000203   Thumb Code     0  libinit2.o(.ARM.Collect$$libinit$$0000002C)
    __rt_lib_init_atexit_1                   0x08000203   Thumb Code     0  libinit2.o(.ARM.Collect$$libinit$$0000001B)
    __rt_lib_init_clock_1                    0x08000203   Thumb Code     0  libinit2.o(.ARM.Collect$$libinit$$00000021)
    __rt_lib_init_cpp_1                      0x08000203   Thumb Code     0  libinit2.o(.ARM.Collect$$libinit$$00000032)
    __rt_lib_init_exceptions_1               0x08000203   Thumb Code     0  libinit2.o(.ARM.Collect$$libinit$$00000030)
    __rt_lib_init_fp_trap_1                  0x08000203   Thumb Code     0  libinit2.o(.ARM.Collect$$libinit$$0000001F)
    __rt_lib_init_getenv_1                   0x08000203   Thumb Code     0  libinit2.o(.ARM.Collect$$libinit$$00000023)
    __rt_lib_init_heap_1                     0x08000203   Thumb Code     0  libinit2.o(.ARM.Collect$$libinit$$0000000A)
    __rt_lib_init_lc_collate_1               0x08000203   Thumb Code     0  libinit2.o(.ARM.Collect$$libinit$$00000011)
    __rt_lib_init_lc_ctype_1                 0x08000203   Thumb Code     0  libinit2.o(.ARM.Collect$$libinit$$00000013)
    __rt_lib_init_lc_monetary_1              0x08000203   Thumb Code     0  libinit2.o(.ARM.Collect$$libinit$$00000015)
    __rt_lib_init_lc_numeric_1               0x08000203   Thumb Code     0  libinit2.o(.ARM.Collect$$libinit$$00000017)
    __rt_lib_init_lc_time_1                  0x08000203   Thumb Code     0  libinit2.o(.ARM.Collect$$libinit$$00000019)
    __rt_lib_init_preinit_1                  0x08000203   Thumb Code     0  libinit2.o(.ARM.Collect$$libinit$$00000004)
    __rt_lib_init_rand_1                     0x08000203   Thumb Code     0  libinit2.o(.ARM.Collect$$libinit$$0000000E)
    __rt_lib_init_return                     0x08000203   Thumb Code     0  libinit2.o(.ARM.Collect$$libinit$$00000033)
    __rt_lib_init_signal_1                   0x08000203   Thumb Code     0  libinit2.o(.ARM.Collect$$libinit$$0000001D)
    __rt_lib_init_stdio_1                    0x08000203   Thumb Code     0  libinit2.o(.ARM.Collect$$libinit$$00000025)
    __rt_lib_init_user_alloc_1               0x08000203   Thumb Code     0  libinit2.o(.ARM.Collect$$libinit$$0000000C)
    __rt_lib_shutdown                        0x08000205   Thumb Code     0  libshutdown.o(.ARM.Collect$$libshutdown$$00000000)
    __rt_lib_shutdown_cpp_1                  0x08000207   Thumb Code     0  libshutdown2.o(.ARM.Collect$$libshutdown$$00000002)
    __rt_lib_shutdown_fp_trap_1              0x08000207   Thumb Code     0  libshutdown2.o(.ARM.Collect$$libshutdown$$00000007)
    __rt_lib_shutdown_heap_1                 0x08000207   Thumb Code     0  libshutdown2.o(.ARM.Collect$$libshutdown$$0000000F)
    __rt_lib_shutdown_return                 0x08000207   Thumb Code     0  libshutdown2.o(.ARM.Collect$$libshutdown$$00000010)
    __rt_lib_shutdown_signal_1               0x08000207   Thumb Code     0  libshutdown2.o(.ARM.Collect$$libshutdown$$0000000A)
    __rt_lib_shutdown_stdio_1                0x08000207   Thumb Code     0  libshutdown2.o(.ARM.Collect$$libshutdown$$00000004)
    __rt_lib_shutdown_user_alloc_1           0x08000207   Thumb Code     0  libshutdown2.o(.ARM.Collect$$libshutdown$$0000000C)
    __rt_entry                               0x08000209   Thumb Code     0  __rtentry.o(.ARM.Collect$$rtentry$$00000000)
    __rt_entry_presh_1                       0x08000209   Thumb Code     0  __rtentry2.o(.ARM.Collect$$rtentry$$00000002)
    __rt_entry_sh                            0x08000209   Thumb Code     0  __rtentry4.o(.ARM.Collect$$rtentry$$00000004)
    __rt_entry_li                            0x0800020f   Thumb Code     0  __rtentry2.o(.ARM.Collect$$rtentry$$0000000A)
    __rt_entry_postsh_1                      0x0800020f   Thumb Code     0  __rtentry2.o(.ARM.Collect$$rtentry$$00000009)
    __rt_entry_main                          0x08000213   Thumb Code     0  __rtentry2.o(.ARM.Collect$$rtentry$$0000000D)
    __rt_entry_postli_1                      0x08000213   Thumb Code     0  __rtentry2.o(.ARM.Collect$$rtentry$$0000000C)
    __rt_exit                                0x0800021b   Thumb Code     0  rtexit.o(.ARM.Collect$$rtexit$$00000000)
    __rt_exit_ls                             0x0800021d   Thumb Code     0  rtexit2.o(.ARM.Collect$$rtexit$$00000003)
    __rt_exit_prels_1                        0x0800021d   Thumb Code     0  rtexit2.o(.ARM.Collect$$rtexit$$00000002)
    __rt_exit_exit                           0x08000221   Thumb Code     0  rtexit2.o(.ARM.Collect$$rtexit$$00000004)
    SVC_Handler                              0x08000229   Thumb Code    28  port.o(.emb_text)
    __asm___6_port_c_39a90d8d__prvStartFirstTask 0x08000249   Thumb Code    36  port.o(.emb_text)
    __asm___6_port_c_39a90d8d__prvEnableVFP  0x08000271   Thumb Code    16  port.o(.emb_text)
    PendSV_Handler                           0x08000285   Thumb Code    88  port.o(.emb_text)
    vPortGetIPSR                             0x080002e1   Thumb Code     6  port.o(.emb_text)
    Reset_Handler                            0x08000309   Thumb Code     8  startup_stm32l476xx.o(.text)
    ADC3_IRQHandler                          0x08000323   Thumb Code     0  startup_stm32l476xx.o(.text)
    CAN1_RX0_IRQHandler                      0x08000323   Thumb Code     0  startup_stm32l476xx.o(.text)
    CAN1_RX1_IRQHandler                      0x08000323   Thumb Code     0  startup_stm32l476xx.o(.text)
    CAN1_SCE_IRQHandler                      0x08000323   Thumb Code     0  startup_stm32l476xx.o(.text)
    CAN1_TX_IRQHandler                       0x08000323   Thumb Code     0  startup_stm32l476xx.o(.text)
    COMP_IRQHandler                          0x08000323   Thumb Code     0  startup_stm32l476xx.o(.text)
    DFSDM1_FLT0_IRQHandler                   0x08000323   Thumb Code     0  startup_stm32l476xx.o(.text)
    DFSDM1_FLT1_IRQHandler                   0x08000323   Thumb Code     0  startup_stm32l476xx.o(.text)
    DFSDM1_FLT2_IRQHandler                   0x08000323   Thumb Code     0  startup_stm32l476xx.o(.text)
    DFSDM1_FLT3_IRQHandler                   0x08000323   Thumb Code     0  startup_stm32l476xx.o(.text)
    DMA1_Channel2_IRQHandler                 0x08000323   Thumb Code     0  startup_stm32l476xx.o(.text)
    DMA1_Channel3_IRQHandler                 0x08000323   Thumb Code     0  startup_stm32l476xx.o(.text)
    DMA1_Channel4_IRQHandler                 0x08000323   Thumb Code     0  startup_stm32l476xx.o(.text)
    DMA1_Channel5_IRQHandler                 0x08000323   Thumb Code     0  startup_stm32l476xx.o(.text)
    DMA1_Channel6_IRQHandler                 0x08000323   Thumb Code     0  startup_stm32l476xx.o(.text)
    DMA1_Channel7_IRQHandler                 0x08000323   Thumb Code     0  startup_stm32l476xx.o(.text)
    DMA2_Channel1_IRQHandler                 0x08000323   Thumb Code     0  startup_stm32l476xx.o(.text)
    DMA2_Channel2_IRQHandler                 0x08000323   Thumb Code     0  startup_stm32l476xx.o(.text)
    DMA2_Channel3_IRQHandler                 0x08000323   Thumb Code     0  startup_stm32l476xx.o(.text)
    DMA2_Channel4_IRQHandler                 0x08000323   Thumb Code     0  startup_stm32l476xx.o(.text)
    DMA2_Channel5_IRQHandler                 0x08000323   Thumb Code     0  startup_stm32l476xx.o(.text)
    DMA2_Channel6_IRQHandler                 0x08000323   Thumb Code     0  startup_stm32l476xx.o(.text)
    DMA2_Channel7_IRQHandler                 0x08000323   Thumb Code     0  startup_stm32l476xx.o(.text)
    EXTI0_IRQHandler                         0x08000323   Thumb Code     0  startup_stm32l476xx.o(.text)
    EXTI15_10_IRQHandler                     0x08000323   Thumb Code     0  startup_stm32l476xx.o(.text)
    EXTI1_IRQHandler                         0x08000323   Thumb Code     0  startup_stm32l476xx.o(.text)
    EXTI2_IRQHandler                         0x08000323   Thumb Code     0  startup_stm32l476xx.o(.text)
    EXTI3_IRQHandler                         0x08000323   Thumb Code     0  startup_stm32l476xx.o(.text)
    EXTI4_IRQHandler                         0x08000323   Thumb Code     0  startup_stm32l476xx.o(.text)
    EXTI9_5_IRQHandler                       0x08000323   Thumb Code     0  startup_stm32l476xx.o(.text)
    FLASH_IRQHandler                         0x08000323   Thumb Code     0  startup_stm32l476xx.o(.text)
    FMC_IRQHandler                           0x08000323   Thumb Code     0  startup_stm32l476xx.o(.text)
    FPU_IRQHandler                           0x08000323   Thumb Code     0  startup_stm32l476xx.o(.text)
    I2C1_ER_IRQHandler                       0x08000323   Thumb Code     0  startup_stm32l476xx.o(.text)
    I2C1_EV_IRQHandler                       0x08000323   Thumb Code     0  startup_stm32l476xx.o(.text)
    I2C2_ER_IRQHandler                       0x08000323   Thumb Code     0  startup_stm32l476xx.o(.text)
    I2C2_EV_IRQHandler                       0x08000323   Thumb Code     0  startup_stm32l476xx.o(.text)
    I2C3_ER_IRQHandler                       0x08000323   Thumb Code     0  startup_stm32l476xx.o(.text)
    I2C3_EV_IRQHandler                       0x08000323   Thumb Code     0  startup_stm32l476xx.o(.text)
    LCD_IRQHandler                           0x08000323   Thumb Code     0  startup_stm32l476xx.o(.text)
    LPTIM1_IRQHandler                        0x08000323   Thumb Code     0  startup_stm32l476xx.o(.text)
    LPTIM2_IRQHandler                        0x08000323   Thumb Code     0  startup_stm32l476xx.o(.text)
    LPUART1_IRQHandler                       0x08000323   Thumb Code     0  startup_stm32l476xx.o(.text)
    OTG_FS_IRQHandler                        0x08000323   Thumb Code     0  startup_stm32l476xx.o(.text)
    PVD_PVM_IRQHandler                       0x08000323   Thumb Code     0  startup_stm32l476xx.o(.text)
    QUADSPI_IRQHandler                       0x08000323   Thumb Code     0  startup_stm32l476xx.o(.text)
    RCC_IRQHandler                           0x08000323   Thumb Code     0  startup_stm32l476xx.o(.text)
    RNG_IRQHandler                           0x08000323   Thumb Code     0  startup_stm32l476xx.o(.text)
    RTC_Alarm_IRQHandler                     0x08000323   Thumb Code     0  startup_stm32l476xx.o(.text)
    RTC_WKUP_IRQHandler                      0x08000323   Thumb Code     0  startup_stm32l476xx.o(.text)
    SAI1_IRQHandler                          0x08000323   Thumb Code     0  startup_stm32l476xx.o(.text)
    SAI2_IRQHandler                          0x08000323   Thumb Code     0  startup_stm32l476xx.o(.text)
    SDMMC1_IRQHandler                        0x08000323   Thumb Code     0  startup_stm32l476xx.o(.text)
    SPI1_IRQHandler                          0x08000323   Thumb Code     0  startup_stm32l476xx.o(.text)
    SPI2_IRQHandler                          0x08000323   Thumb Code     0  startup_stm32l476xx.o(.text)
    SPI3_IRQHandler                          0x08000323   Thumb Code     0  startup_stm32l476xx.o(.text)
    SWPMI1_IRQHandler                        0x08000323   Thumb Code     0  startup_stm32l476xx.o(.text)
    TAMP_STAMP_IRQHandler                    0x08000323   Thumb Code     0  startup_stm32l476xx.o(.text)
    TIM1_BRK_TIM15_IRQHandler                0x08000323   Thumb Code     0  startup_stm32l476xx.o(.text)
    TIM1_TRG_COM_TIM17_IRQHandler            0x08000323   Thumb Code     0  startup_stm32l476xx.o(.text)
    TIM1_UP_TIM16_IRQHandler                 0x08000323   Thumb Code     0  startup_stm32l476xx.o(.text)
    TIM3_IRQHandler                          0x08000323   Thumb Code     0  startup_stm32l476xx.o(.text)
    TIM4_IRQHandler                          0x08000323   Thumb Code     0  startup_stm32l476xx.o(.text)
    TIM5_IRQHandler                          0x08000323   Thumb Code     0  startup_stm32l476xx.o(.text)
    TIM6_DAC_IRQHandler                      0x08000323   Thumb Code     0  startup_stm32l476xx.o(.text)
    TIM7_IRQHandler                          0x08000323   Thumb Code     0  startup_stm32l476xx.o(.text)
    TIM8_BRK_IRQHandler                      0x08000323   Thumb Code     0  startup_stm32l476xx.o(.text)
    TIM8_CC_IRQHandler                       0x08000323   Thumb Code     0  startup_stm32l476xx.o(.text)
    TIM8_TRG_COM_IRQHandler                  0x08000323   Thumb Code     0  startup_stm32l476xx.o(.text)
    TIM8_UP_IRQHandler                       0x08000323   Thumb Code     0  startup_stm32l476xx.o(.text)
    TSC_IRQHandler                           0x08000323   Thumb Code     0  startup_stm32l476xx.o(.text)
    UART4_IRQHandler                         0x08000323   Thumb Code     0  startup_stm32l476xx.o(.text)
    UART5_IRQHandler                         0x08000323   Thumb Code     0  startup_stm32l476xx.o(.text)
    USART2_IRQHandler                        0x08000323   Thumb Code     0  startup_stm32l476xx.o(.text)
    USART3_IRQHandler                        0x08000323   Thumb Code     0  startup_stm32l476xx.o(.text)
    WWDG_IRQHandler                          0x08000323   Thumb Code     0  startup_stm32l476xx.o(.text)
    __user_initial_stackheap                 0x08000325   Thumb Code     0  startup_stm32l476xx.o(.text)
    __aeabi_uldivmod                         0x08000349   Thumb Code     0  lludivv7m.o(.text)
    _ll_udiv                                 0x08000349   Thumb Code   238  lludivv7m.o(.text)
    __aeabi_memset                           0x08000437   Thumb Code    16  aeabi_memset.o(.text)
    __aeabi_memclr4                          0x08000447   Thumb Code     0  rt_memclr_w.o(.text)
    __aeabi_memclr8                          0x08000447   Thumb Code     0  rt_memclr_w.o(.text)
    __rt_memclr_w                            0x08000447   Thumb Code    78  rt_memclr_w.o(.text)
    _memset_w                                0x0800044b   Thumb Code     0  rt_memclr_w.o(.text)
    __use_two_region_memory                  0x08000495   Thumb Code     2  heapauxi.o(.text)
    __rt_heap_escrow$2region                 0x08000497   Thumb Code     2  heapauxi.o(.text)
    __rt_heap_expand$2region                 0x08000499   Thumb Code     2  heapauxi.o(.text)
    __aeabi_memclr                           0x0800049b   Thumb Code     0  rt_memclr.o(.text)
    __rt_memclr                              0x0800049b   Thumb Code    68  rt_memclr.o(.text)
    _memset                                  0x0800049f   Thumb Code     0  rt_memclr.o(.text)
    __user_setup_stackheap                   0x080004df   Thumb Code    74  sys_stackheap_outer.o(.text)
    exit                                     0x08000529   Thumb Code    18  exit.o(.text)
    __user_libspace                          0x0800053d   Thumb Code     8  libspace.o(.text)
    __user_perproc_libspace                  0x0800053d   Thumb Code     0  libspace.o(.text)
    __user_perthread_libspace                0x0800053d   Thumb Code     0  libspace.o(.text)
    _sys_exit                                0x08000545   Thumb Code     8  sys_exit.o(.text)
    __I$use$semihosting                      0x08000551   Thumb Code     0  use_no_semi.o(.text)
    __use_no_semihosting_swi                 0x08000551   Thumb Code     2  use_no_semi.o(.text)
    ADC1_2_IRQHandler                        0x08000553   Thumb Code    22  stm32l4xx_it.o(i.ADC1_2_IRQHandler)
    __semihosting_library_function           0x08000553   Thumb Code     0  indicate_semi.o(.text)
    BusFault_Handler                         0x08000569   Thumb Code     2  stm32l4xx_it.o(i.BusFault_Handler)
    DMA1_Channel1_IRQHandler                 0x0800056b   Thumb Code    14  stm32l4xx_it.o(i.DMA1_Channel1_IRQHandler)
    DebugMon_Handler                         0x08000579   Thumb Code     2  stm32l4xx_it.o(i.DebugMon_Handler)
    Error_Handler                            0x0800057b   Thumb Code     4  main.o(i.Error_Handler)
    HAL_ADCEx_EndOfSamplingCallback          0x0800057f   Thumb Code     2  stm32l4xx_hal_adc_ex.o(i.HAL_ADCEx_EndOfSamplingCallback)
    HAL_ADCEx_InjectedConvCpltCallback       0x08000581   Thumb Code     2  stm32l4xx_hal_adc_ex.o(i.HAL_ADCEx_InjectedConvCpltCallback)
    HAL_ADCEx_InjectedQueueOverflowCallback  0x08000583   Thumb Code     2  stm32l4xx_hal_adc_ex.o(i.HAL_ADCEx_InjectedQueueOverflowCallback)
    HAL_ADCEx_LevelOutOfWindow2Callback      0x08000585   Thumb Code     2  stm32l4xx_hal_adc_ex.o(i.HAL_ADCEx_LevelOutOfWindow2Callback)
    HAL_ADCEx_LevelOutOfWindow3Callback      0x08000587   Thumb Code     2  stm32l4xx_hal_adc_ex.o(i.HAL_ADCEx_LevelOutOfWindow3Callback)
    HAL_ADCEx_MultiModeConfigChannel         0x08000589   Thumb Code   234  stm32l4xx_hal_adc_ex.o(i.HAL_ADCEx_MultiModeConfigChannel)
    HAL_ADC_ConfigChannel                    0x08000685   Thumb Code   966  stm32l4xx_hal_adc.o(i.HAL_ADC_ConfigChannel)
    HAL_ADC_ConvCpltCallback                 0x08000a85   Thumb Code    38  mcal_adc.o(i.HAL_ADC_ConvCpltCallback)
    HAL_ADC_ErrorCallback                    0x08000ab1   Thumb Code     2  stm32l4xx_hal_adc.o(i.HAL_ADC_ErrorCallback)
    HAL_ADC_IRQHandler                       0x08000ab5   Thumb Code   612  stm32l4xx_hal_adc.o(i.HAL_ADC_IRQHandler)
    HAL_ADC_Init                             0x08000d35   Thumb Code   410  stm32l4xx_hal_adc.o(i.HAL_ADC_Init)
    HAL_ADC_LevelOutOfWindowCallback         0x08000ef9   Thumb Code     2  stm32l4xx_hal_adc.o(i.HAL_ADC_LevelOutOfWindowCallback)
    HAL_ADC_MspInit                          0x08000efd   Thumb Code   114  mcal_adc.o(i.HAL_ADC_MspInit)
    HAL_DMA_Abort                            0x08000f7d   Thumb Code    76  stm32l4xx_hal_dma.o(i.HAL_DMA_Abort)
    HAL_DMA_Abort_IT                         0x08000fc9   Thumb Code    78  stm32l4xx_hal_dma.o(i.HAL_DMA_Abort_IT)
    HAL_DMA_IRQHandler                       0x08001019   Thumb Code   204  stm32l4xx_hal_dma.o(i.HAL_DMA_IRQHandler)
    HAL_DMA_Init                             0x080010ed   Thumb Code   184  stm32l4xx_hal_dma.o(i.HAL_DMA_Init)
    HAL_Delay                                0x080011b1   Thumb Code    32  stm32l4xx_hal.o(i.HAL_Delay)
    HAL_GPIO_Init                            0x080011d5   Thumb Code   500  stm32l4xx_hal_gpio.o(i.HAL_GPIO_Init)
    HAL_GPIO_ReadPin                         0x080013f3   Thumb Code    10  stm32l4xx_hal_gpio.o(i.HAL_GPIO_ReadPin)
    HAL_GPIO_WritePin                        0x080013fd   Thumb Code    10  stm32l4xx_hal_gpio.o(i.HAL_GPIO_WritePin)
    HAL_GetTick                              0x08001409   Thumb Code     6  stm32l4xx_hal.o(i.HAL_GetTick)
    HAL_I2CEx_ConfigAnalogFilter             0x08001415   Thumb Code    86  stm32l4xx_hal_i2c_ex.o(i.HAL_I2CEx_ConfigAnalogFilter)
    HAL_I2CEx_ConfigDigitalFilter            0x0800146b   Thumb Code    82  stm32l4xx_hal_i2c_ex.o(i.HAL_I2CEx_ConfigDigitalFilter)
    HAL_I2C_Init                             0x080014bd   Thumb Code   184  stm32l4xx_hal_i2c.o(i.HAL_I2C_Init)
    HAL_I2C_MspInit                          0x08001579   Thumb Code    72  mcal_i2c.o(i.HAL_I2C_MspInit)
    HAL_IncTick                              0x080015cd   Thumb Code    12  stm32l4xx_hal.o(i.HAL_IncTick)
    HAL_Init                                 0x080015dd   Thumb Code    30  stm32l4xx_hal.o(i.HAL_Init)
    HAL_InitTick                             0x080015fd   Thumb Code   132  stm32l4xx_hal_timebase_tim.o(i.HAL_InitTick)
    HAL_MspInit                              0x08001695   Thumb Code    48  stm32l4xx_hal_msp.o(i.HAL_MspInit)
    HAL_NVIC_EnableIRQ                       0x080016c9   Thumb Code    26  stm32l4xx_hal_cortex.o(i.HAL_NVIC_EnableIRQ)
    HAL_NVIC_SetPriority                     0x080016e5   Thumb Code    60  stm32l4xx_hal_cortex.o(i.HAL_NVIC_SetPriority)
    HAL_NVIC_SetPriorityGrouping             0x08001725   Thumb Code    26  stm32l4xx_hal_cortex.o(i.HAL_NVIC_SetPriorityGrouping)
    HAL_PWREx_ControlVoltageScaling          0x08001749   Thumb Code    90  stm32l4xx_hal_pwr_ex.o(i.HAL_PWREx_ControlVoltageScaling)
    HAL_PWREx_GetVoltageRange                0x080017b1   Thumb Code    10  stm32l4xx_hal_pwr_ex.o(i.HAL_PWREx_GetVoltageRange)
    HAL_RCCEx_PeriphCLKConfig                0x080017c1   Thumb Code   928  stm32l4xx_hal_rcc_ex.o(i.HAL_RCCEx_PeriphCLKConfig)
    HAL_RCC_ClockConfig                      0x08001b71   Thumb Code   304  stm32l4xx_hal_rcc.o(i.HAL_RCC_ClockConfig)
    HAL_RCC_GetClockConfig                   0x08001cb5   Thumb Code    54  stm32l4xx_hal_rcc.o(i.HAL_RCC_GetClockConfig)
    HAL_RCC_GetPCLK1Freq                     0x08001cf5   Thumb Code    24  stm32l4xx_hal_rcc.o(i.HAL_RCC_GetPCLK1Freq)
    HAL_RCC_GetPCLK2Freq                     0x08001d19   Thumb Code    24  stm32l4xx_hal_rcc.o(i.HAL_RCC_GetPCLK2Freq)
    HAL_RCC_GetSysClockFreq                  0x08001d3d   Thumb Code   150  stm32l4xx_hal_rcc.o(i.HAL_RCC_GetSysClockFreq)
    HAL_RCC_OscConfig                        0x08001de1   Thumb Code  1294  stm32l4xx_hal_rcc.o(i.HAL_RCC_OscConfig)
    HAL_SPI_Init                             0x080022f9   Thumb Code   224  stm32l4xx_hal_spi.o(i.HAL_SPI_Init)
    HAL_SPI_MspInit                          0x080023d9   Thumb Code    72  mcal_spi.o(i.HAL_SPI_MspInit)
    HAL_TIMEx_Break2Callback                 0x08002429   Thumb Code     2  stm32l4xx_hal_tim_ex.o(i.HAL_TIMEx_Break2Callback)
    HAL_TIMEx_BreakCallback                  0x0800242b   Thumb Code     2  stm32l4xx_hal_tim_ex.o(i.HAL_TIMEx_BreakCallback)
    HAL_TIMEx_CommutCallback                 0x0800242d   Thumb Code     2  stm32l4xx_hal_tim_ex.o(i.HAL_TIMEx_CommutCallback)
    HAL_TIMEx_MasterConfigSynchronization    0x08002431   Thumb Code   130  stm32l4xx_hal_tim_ex.o(i.HAL_TIMEx_MasterConfigSynchronization)
    HAL_TIM_Base_Init                        0x080024cd   Thumb Code    98  stm32l4xx_hal_tim.o(i.HAL_TIM_Base_Init)
    HAL_TIM_Base_MspInit                     0x08002531   Thumb Code    72  stm32l4xx_hal_msp.o(i.HAL_TIM_Base_MspInit)
    HAL_TIM_Base_Start_IT                    0x08002581   Thumb Code   100  stm32l4xx_hal_tim.o(i.HAL_TIM_Base_Start_IT)
    HAL_TIM_ConfigClockSource                0x08002601   Thumb Code   220  stm32l4xx_hal_tim.o(i.HAL_TIM_ConfigClockSource)
    HAL_TIM_IC_CaptureCallback               0x080026e1   Thumb Code     2  stm32l4xx_hal_tim.o(i.HAL_TIM_IC_CaptureCallback)
    HAL_TIM_IC_ConfigChannel                 0x080026e5   Thumb Code   310  stm32l4xx_hal_tim.o(i.HAL_TIM_IC_ConfigChannel)
    HAL_TIM_IC_Init                          0x08002825   Thumb Code    98  stm32l4xx_hal_tim.o(i.HAL_TIM_IC_Init)
    HAL_TIM_IC_MspInit                       0x08002889   Thumb Code   106  stm32l4xx_hal_msp.o(i.HAL_TIM_IC_MspInit)
    HAL_TIM_IRQHandler                       0x080028fd   Thumb Code   330  stm32l4xx_hal_tim.o(i.HAL_TIM_IRQHandler)
    HAL_TIM_OC_DelayElapsedCallback          0x08002a47   Thumb Code     2  stm32l4xx_hal_tim.o(i.HAL_TIM_OC_DelayElapsedCallback)
    HAL_TIM_PWM_PulseFinishedCallback        0x08002a49   Thumb Code     2  stm32l4xx_hal_tim.o(i.HAL_TIM_PWM_PulseFinishedCallback)
    HAL_TIM_PeriodElapsedCallback            0x08002a4d   Thumb Code    14  main.o(i.HAL_TIM_PeriodElapsedCallback)
    HAL_TIM_TriggerCallback                  0x08002a61   Thumb Code     2  stm32l4xx_hal_tim.o(i.HAL_TIM_TriggerCallback)
    HAL_UARTEx_RxEventCallback               0x08002a63   Thumb Code     2  stm32l4xx_hal_uart.o(i.HAL_UARTEx_RxEventCallback)
    HAL_UARTEx_WakeupCallback                0x08002a65   Thumb Code     2  stm32l4xx_hal_uart_ex.o(i.HAL_UARTEx_WakeupCallback)
    HAL_UART_ErrorCallback                   0x08002a67   Thumb Code     2  stm32l4xx_hal_uart.o(i.HAL_UART_ErrorCallback)
    HAL_UART_IRQHandler                      0x08002a69   Thumb Code   704  stm32l4xx_hal_uart.o(i.HAL_UART_IRQHandler)
    HAL_UART_Init                            0x08002d31   Thumb Code   102  stm32l4xx_hal_uart.o(i.HAL_UART_Init)
    HAL_UART_MspInit                         0x08002d99   Thumb Code    74  mcal_uart.o(i.HAL_UART_MspInit)
    HAL_UART_TxCpltCallback                  0x08002ded   Thumb Code     2  stm32l4xx_hal_uart.o(i.HAL_UART_TxCpltCallback)
    HardFault_Handler                        0x08002def   Thumb Code     2  stm32l4xx_it.o(i.HardFault_Handler)
    MemManage_Handler                        0x08002e53   Thumb Code     2  stm32l4xx_it.o(i.MemManage_Handler)
    NMI_Handler                              0x08002e55   Thumb Code     2  stm32l4xx_it.o(i.NMI_Handler)
    PostSleepProcessing                      0x08002e57   Thumb Code     2  freertos.o(i.PostSleepProcessing)
    PreSleepProcessing                       0x08002e59   Thumb Code     2  freertos.o(i.PreSleepProcessing)
    SysTick_Handler                          0x0800310d   Thumb Code    38  port.o(i.SysTick_Handler)
    SystemInit                               0x08003139   Thumb Code    12  system_stm32l4xx.o(i.SystemInit)
    TIM1_CC_IRQHandler                       0x08003149   Thumb Code    14  stm32l4xx_it.o(i.TIM1_CC_IRQHandler)
    TIM2_IRQHandler                          0x08003157   Thumb Code    14  stm32l4xx_it.o(i.TIM2_IRQHandler)
    TIM_Base_SetConfig                       0x08003165   Thumb Code   168  stm32l4xx_hal_tim.o(i.TIM_Base_SetConfig)
    TIM_ETR_SetConfig                        0x0800322d   Thumb Code    20  stm32l4xx_hal_tim.o(i.TIM_ETR_SetConfig)
    TIM_TI1_SetConfig                        0x080032ad   Thumb Code   128  stm32l4xx_hal_tim.o(i.TIM_TI1_SetConfig)
    UART_AdvFeatureConfig                    0x080033e1   Thumb Code   200  stm32l4xx_hal_uart.o(i.UART_AdvFeatureConfig)
    UART_CheckIdleState                      0x080034a9   Thumb Code   168  stm32l4xx_hal_uart.o(i.UART_CheckIdleState)
    UART_SetConfig                           0x080035a9   Thumb Code   542  stm32l4xx_hal_uart.o(i.UART_SetConfig)
    UART_WaitOnFlagUntilTimeout              0x080037f1   Thumb Code   148  stm32l4xx_hal_uart.o(i.UART_WaitOnFlagUntilTimeout)
    USART1_IRQHandler                        0x08003885   Thumb Code    14  stm32l4xx_it.o(i.USART1_IRQHandler)
    UsageFault_Handler                       0x08003893   Thumb Code     2  stm32l4xx_it.o(i.UsageFault_Handler)
    app_main_init                            0x08003c81   Thumb Code    76  app_main.o(i.app_main_init)
    app_sensor_init                          0x08003cd1   Thumb Code    30  app_sensor.o(i.app_sensor_init)
    app_sensor_task                          0x08003cf9   Thumb Code    88  app_sensor.o(i.app_sensor_task)
    app_task_create_all                      0x08003d59   Thumb Code   178  app_task.o(i.app_task_create_all)
    app_task_start_scheduler                 0x08003e5d   Thumb Code     4  app_task.o(i.app_task_start_scheduler)
    bsw_bfsk_init                            0x08003e61   Thumb Code    12  bsw_bfsk.o(i.bsw_bfsk_init)
    bsw_ds18b20_get_result                   0x08003e71   Thumb Code   122  bsw_ds18b20.o(i.bsw_ds18b20_get_result)
    bsw_ds18b20_init                         0x08003ef5   Thumb Code    26  bsw_ds18b20.o(i.bsw_ds18b20_init)
    bsw_ds18b20_is_online                    0x08003f15   Thumb Code    12  bsw_ds18b20.o(i.bsw_ds18b20_is_online)
    bsw_frame_init                           0x08003f25   Thumb Code    10  bsw_frame.o(i.bsw_frame_init)
    eTaskConfirmSleepModeStatus              0x08003f35   Thumb Code    38  tasks.o(i.eTaskConfirmSleepModeStatus)
    main                                     0x08003f65   Thumb Code    14  main.o(i.main)
    mcal_adc_get_handle1                     0x08003f75   Thumb Code     4  mcal_adc.o(i.mcal_adc_get_handle1)
    mcal_adc_get_handle2                     0x08003f7d   Thumb Code     4  mcal_adc.o(i.mcal_adc_get_handle2)
    mcal_adc_init                            0x08003f85   Thumb Code    48  mcal_adc.o(i.mcal_adc_init)
    mcal_clock_init                          0x08003fb9   Thumb Code    68  mcal_clock.o(i.mcal_clock_init)
    mcal_dma_get_handle_adc1                 0x08003ffd   Thumb Code     4  mcal_dma.o(i.mcal_dma_get_handle_adc1)
    mcal_dma_init                            0x08004005   Thumb Code    88  mcal_dma.o(i.mcal_dma_init)
    mcal_ds18b20_init                        0x08004069   Thumb Code    16  mcal_ds18b20.o(i.mcal_ds18b20_init)
    mcal_ds18b20_onewire_read_bit            0x08004079   Thumb Code    52  mcal_ds18b20.o(i.mcal_ds18b20_onewire_read_bit)
    mcal_ds18b20_onewire_read_byte           0x080040ad   Thumb Code    30  mcal_ds18b20.o(i.mcal_ds18b20_onewire_read_byte)
    mcal_ds18b20_onewire_reset               0x080040cb   Thumb Code    56  mcal_ds18b20.o(i.mcal_ds18b20_onewire_reset)
    mcal_ds18b20_onewire_write_bit           0x08004103   Thumb Code    72  mcal_ds18b20.o(i.mcal_ds18b20_onewire_write_bit)
    mcal_ds18b20_onewire_write_byte          0x0800414d   Thumb Code    28  mcal_ds18b20.o(i.mcal_ds18b20_onewire_write_byte)
    mcal_ds18b20_read_result                 0x08004169   Thumb Code   178  mcal_ds18b20.o(i.mcal_ds18b20_read_result)
    mcal_ds18b20_start_convert               0x0800421b   Thumb Code    30  mcal_ds18b20.o(i.mcal_ds18b20_start_convert)
    mcal_ds18b20_wait_conversion             0x08004239   Thumb Code    44  mcal_ds18b20.o(i.mcal_ds18b20_wait_conversion)
    mcal_gpio_init                           0x08004265   Thumb Code     2  mcal_gpio.o(i.mcal_gpio_init)
    mcal_gpio_read                           0x08004269   Thumb Code    34  mcal_gpio.o(i.mcal_gpio_read)
    mcal_gpio_set_input                      0x08004291   Thumb Code    56  mcal_gpio.o(i.mcal_gpio_set_input)
    mcal_gpio_set_output_od                  0x080042cd   Thumb Code    60  mcal_gpio.o(i.mcal_gpio_set_output_od)
    mcal_gpio_write                          0x0800430d   Thumb Code    46  mcal_gpio.o(i.mcal_gpio_write)
    mcal_i2c_init                            0x08004341   Thumb Code    10  mcal_i2c.o(i.mcal_i2c_init)
    mcal_spi_init                            0x0800434b   Thumb Code    10  mcal_spi.o(i.mcal_spi_init)
    mcal_timer_delay_ms                      0x08004355   Thumb Code     4  mcal_timer.o(i.mcal_timer_delay_ms)
    mcal_timer_delay_us                      0x08004359   Thumb Code    70  mcal_timer.o(i.mcal_timer_delay_us)
    mcal_timer_get_handle1                   0x080043b5   Thumb Code     4  mcal_timer.o(i.mcal_timer_get_handle1)
    mcal_timer_get_handle2                   0x080043bd   Thumb Code     4  mcal_timer.o(i.mcal_timer_get_handle2)
    mcal_timer_init                          0x080043c5   Thumb Code    18  mcal_timer.o(i.mcal_timer_init)
    mcal_uart_get_handle1                    0x080043d9   Thumb Code     4  mcal_uart.o(i.mcal_uart_get_handle1)
    mcal_uart_init                           0x080043e1   Thumb Code    30  mcal_uart.o(i.mcal_uart_init)
    osKernelStart                            0x08004405   Thumb Code    10  cmsis_os.o(i.osKernelStart)
    pvPortMalloc                             0x080047f9   Thumb Code   216  heap_4.o(i.pvPortMalloc)
    pxPortInitialiseStack                    0x080048d5   Thumb Code    40  port.o(i.pxPortInitialiseStack)
    uxListRemove                             0x08004939   Thumb Code    38  list.o(i.uxListRemove)
    vApplicationGetIdleTaskMemory            0x08004961   Thumb Code    18  freertos.o(i.vApplicationGetIdleTaskMemory)
    vApplicationStackOverflowHook            0x08004979   Thumb Code     2  freertos.o(i.vApplicationStackOverflowHook)
    vListInitialise                          0x0800497b   Thumb Code    22  list.o(i.vListInitialise)
    vListInitialiseItem                      0x08004991   Thumb Code     6  list.o(i.vListInitialiseItem)
    vListInsert                              0x08004997   Thumb Code    48  list.o(i.vListInsert)
    vListInsertEnd                           0x080049c7   Thumb Code    24  list.o(i.vListInsertEnd)
    vPortEnterCritical                       0x080049e1   Thumb Code    54  port.o(i.vPortEnterCritical)
    vPortExitCritical                        0x08004a21   Thumb Code    34  port.o(i.vPortExitCritical)
    vPortFree                                0x08004a49   Thumb Code    94  heap_4.o(i.vPortFree)
    vPortSetupTimerInterrupt                 0x08004aad   Thumb Code    64  port.o(i.vPortSetupTimerInterrupt)
    vPortSuppressTicksAndSleep               0x08004af5   Thumb Code   212  port.o(i.vPortSuppressTicksAndSleep)
    vTaskDelay                               0x08004bcd   Thumb Code    66  tasks.o(i.vTaskDelay)
    vTaskStartScheduler                      0x08004c19   Thumb Code    90  tasks.o(i.vTaskStartScheduler)
    vTaskStepTick                            0x08004c85   Thumb Code    36  tasks.o(i.vTaskStepTick)
    vTaskSuspendAll                          0x08004cad   Thumb Code    10  tasks.o(i.vTaskSuspendAll)
    vTaskSwitchContext                       0x08004cbd   Thumb Code   126  tasks.o(i.vTaskSwitchContext)
    xPortStartScheduler                      0x08004d45   Thumb Code   222  port.o(i.xPortStartScheduler)
    xQueueGenericCreate                      0x08004e39   Thumb Code    66  queue.o(i.xQueueGenericCreate)
    xQueueGenericReset                       0x08004e7d   Thumb Code   132  queue.o(i.xQueueGenericReset)
    xTaskCreate                              0x08004f05   Thumb Code    90  tasks.o(i.xTaskCreate)
    xTaskCreateStatic                        0x08004f65   Thumb Code    86  tasks.o(i.xTaskCreateStatic)
    xTaskIncrementTick                       0x08004fbd   Thumb Code   194  tasks.o(i.xTaskIncrementTick)
    xTaskRemoveFromEventList                 0x08005089   Thumb Code   116  tasks.o(i.xTaskRemoveFromEventList)
    xTaskResumeAll                           0x08005105   Thumb Code   182  tasks.o(i.xTaskResumeAll)
    _fp_init                                 0x080051c9   Thumb Code    10  fpinit.o(x$fpl$fpinit)
    __fplib_config_fpu_vfp                   0x080051d1   Thumb Code     0  fpinit.o(x$fpl$fpinit)
    __fplib_config_pureend_doubles           0x080051d1   Thumb Code     0  fpinit.o(x$fpl$fpinit)
    AHBPrescTable                            0x080051d4   Data          16  system_stm32l4xx.o(.constdata)
    MSIRangeTable                            0x080051e4   Data          48  system_stm32l4xx.o(.constdata)
    APBPrescTable                            0x08005214   Data           8  system_stm32l4xx.o(.constdata)
    Region$$Table$$Base                      0x0800524c   Number         0  anon$$obj.o(Region$$Table)
    Region$$Table$$Limit                     0x0800526c   Number         0  anon$$obj.o(Region$$Table)
    uwTickFreq                               0x20000000   Data           1  stm32l4xx_hal.o(.data)
    uwTickPrio                               0x20000004   Data           4  stm32l4xx_hal.o(.data)
    uwTick                                   0x20000008   Data           4  stm32l4xx_hal.o(.data)
    SystemCoreClock                          0x2000000c   Data           4  system_stm32l4xx.o(.data)
    pxCurrentTCB                             0x20000010   Data           4  tasks.o(.data)
    htim7                                    0x20000514   Data          76  stm32l4xx_hal_timebase_tim.o(.bss)
    __libspace_start                         0x20004618   Data          96  libspace.o(.bss)
    __temporary_stack_top$libspace           0x20004678   Data           0  libspace.o(.bss)



==============================================================================

Memory Map of the image

  Image Entry point : 0x08000189

  Load Region LR_IROM1 (Base: 0x08000000, Size: 0x0000532c, Max: 0x00100000, ABSOLUTE)

    Execution Region ER_IROM1 (Exec base: 0x08000000, Load base: 0x08000000, Size: 0x0000526c, Max: 0x00100000, ABSOLUTE)

    Exec Addr    Load Addr    Size         Type   Attr      Idx    E Section Name        Object

    0x08000000   0x08000000   0x00000188   Data   RO            3    RESET               startup_stm32l476xx.o
    0x08000188   0x08000188   0x00000008   Code   RO         7177  * !!!main             c_w.l(__main.o)
    0x08000190   0x08000190   0x00000034   Code   RO         7486    !!!scatter          c_w.l(__scatter.o)
    0x080001c4   0x080001c4   0x0000001a   Code   RO         7488    !!handler_copy      c_w.l(__scatter_copy.o)
    0x080001de   0x080001de   0x00000002   PAD
    0x080001e0   0x080001e0   0x0000001c   Code   RO         7490    !!handler_zi        c_w.l(__scatter_zi.o)
    0x080001fc   0x080001fc   0x00000002   Code   RO         7346    .ARM.Collect$$libinit$$00000000  c_w.l(libinit.o)
    0x080001fe   0x080001fe   0x00000004   Code   RO         7368    .ARM.Collect$$libinit$$00000001  c_w.l(libinit2.o)
    0x08000202   0x08000202   0x00000000   Code   RO         7371    .ARM.Collect$$libinit$$00000004  c_w.l(libinit2.o)
    0x08000202   0x08000202   0x00000000   Code   RO         7374    .ARM.Collect$$libinit$$0000000A  c_w.l(libinit2.o)
    0x08000202   0x08000202   0x00000000   Code   RO         7376    .ARM.Collect$$libinit$$0000000C  c_w.l(libinit2.o)
    0x08000202   0x08000202   0x00000000   Code   RO         7378    .ARM.Collect$$libinit$$0000000E  c_w.l(libinit2.o)
    0x08000202   0x08000202   0x00000000   Code   RO         7381    .ARM.Collect$$libinit$$00000011  c_w.l(libinit2.o)
    0x08000202   0x08000202   0x00000000   Code   RO         7383    .ARM.Collect$$libinit$$00000013  c_w.l(libinit2.o)
    0x08000202   0x08000202   0x00000000   Code   RO         7385    .ARM.Collect$$libinit$$00000015  c_w.l(libinit2.o)
    0x08000202   0x08000202   0x00000000   Code   RO         7387    .ARM.Collect$$libinit$$00000017  c_w.l(libinit2.o)
    0x08000202   0x08000202   0x00000000   Code   RO         7389    .ARM.Collect$$libinit$$00000019  c_w.l(libinit2.o)
    0x08000202   0x08000202   0x00000000   Code   RO         7391    .ARM.Collect$$libinit$$0000001B  c_w.l(libinit2.o)
    0x08000202   0x08000202   0x00000000   Code   RO         7393    .ARM.Collect$$libinit$$0000001D  c_w.l(libinit2.o)
    0x08000202   0x08000202   0x00000000   Code   RO         7395    .ARM.Collect$$libinit$$0000001F  c_w.l(libinit2.o)
    0x08000202   0x08000202   0x00000000   Code   RO         7397    .ARM.Collect$$libinit$$00000021  c_w.l(libinit2.o)
    0x08000202   0x08000202   0x00000000   Code   RO         7399    .ARM.Collect$$libinit$$00000023  c_w.l(libinit2.o)
    0x08000202   0x08000202   0x00000000   Code   RO         7401    .ARM.Collect$$libinit$$00000025  c_w.l(libinit2.o)
    0x08000202   0x08000202   0x00000000   Code   RO         7405    .ARM.Collect$$libinit$$0000002C  c_w.l(libinit2.o)
    0x08000202   0x08000202   0x00000000   Code   RO         7407    .ARM.Collect$$libinit$$0000002E  c_w.l(libinit2.o)
    0x08000202   0x08000202   0x00000000   Code   RO         7409    .ARM.Collect$$libinit$$00000030  c_w.l(libinit2.o)
    0x08000202   0x08000202   0x00000000   Code   RO         7411    .ARM.Collect$$libinit$$00000032  c_w.l(libinit2.o)
    0x08000202   0x08000202   0x00000002   Code   RO         7412    .ARM.Collect$$libinit$$00000033  c_w.l(libinit2.o)
    0x08000204   0x08000204   0x00000002   Code   RO         7443    .ARM.Collect$$libshutdown$$00000000  c_w.l(libshutdown.o)
    0x08000206   0x08000206   0x00000000   Code   RO         7469    .ARM.Collect$$libshutdown$$00000002  c_w.l(libshutdown2.o)
    0x08000206   0x08000206   0x00000000   Code   RO         7471    .ARM.Collect$$libshutdown$$00000004  c_w.l(libshutdown2.o)
    0x08000206   0x08000206   0x00000000   Code   RO         7474    .ARM.Collect$$libshutdown$$00000007  c_w.l(libshutdown2.o)
    0x08000206   0x08000206   0x00000000   Code   RO         7477    .ARM.Collect$$libshutdown$$0000000A  c_w.l(libshutdown2.o)
    0x08000206   0x08000206   0x00000000   Code   RO         7479    .ARM.Collect$$libshutdown$$0000000C  c_w.l(libshutdown2.o)
    0x08000206   0x08000206   0x00000000   Code   RO         7482    .ARM.Collect$$libshutdown$$0000000F  c_w.l(libshutdown2.o)
    0x08000206   0x08000206   0x00000002   Code   RO         7483    .ARM.Collect$$libshutdown$$00000010  c_w.l(libshutdown2.o)
    0x08000208   0x08000208   0x00000000   Code   RO         7179    .ARM.Collect$$rtentry$$00000000  c_w.l(__rtentry.o)
    0x08000208   0x08000208   0x00000000   Code   RO         7265    .ARM.Collect$$rtentry$$00000002  c_w.l(__rtentry2.o)
    0x08000208   0x08000208   0x00000006   Code   RO         7277    .ARM.Collect$$rtentry$$00000004  c_w.l(__rtentry4.o)
    0x0800020e   0x0800020e   0x00000000   Code   RO         7267    .ARM.Collect$$rtentry$$00000009  c_w.l(__rtentry2.o)
    0x0800020e   0x0800020e   0x00000004   Code   RO         7268    .ARM.Collect$$rtentry$$0000000A  c_w.l(__rtentry2.o)
    0x08000212   0x08000212   0x00000000   Code   RO         7270    .ARM.Collect$$rtentry$$0000000C  c_w.l(__rtentry2.o)
    0x08000212   0x08000212   0x00000008   Code   RO         7271    .ARM.Collect$$rtentry$$0000000D  c_w.l(__rtentry2.o)
    0x0800021a   0x0800021a   0x00000002   Code   RO         7355    .ARM.Collect$$rtexit$$00000000  c_w.l(rtexit.o)
    0x0800021c   0x0800021c   0x00000000   Code   RO         7416    .ARM.Collect$$rtexit$$00000002  c_w.l(rtexit2.o)
    0x0800021c   0x0800021c   0x00000004   Code   RO         7417    .ARM.Collect$$rtexit$$00000003  c_w.l(rtexit2.o)
    0x08000220   0x08000220   0x00000006   Code   RO         7418    .ARM.Collect$$rtexit$$00000004  c_w.l(rtexit2.o)
    0x08000226   0x08000226   0x00000002   PAD
    0x08000228   0x08000228   0x000000de   Code   RO         6015    .emb_text           port.o
    0x08000306   0x08000306   0x00000002   PAD
    0x08000308   0x08000308   0x00000040   Code   RO            4    .text               startup_stm32l476xx.o
    0x08000348   0x08000348   0x000000ee   Code   RO         7129    .text               c_w.l(lludivv7m.o)
    0x08000436   0x08000436   0x00000010   Code   RO         7171    .text               c_w.l(aeabi_memset.o)
    0x08000446   0x08000446   0x0000004e   Code   RO         7173    .text               c_w.l(rt_memclr_w.o)
    0x08000494   0x08000494   0x00000006   Code   RO         7175    .text               c_w.l(heapauxi.o)
    0x0800049a   0x0800049a   0x00000044   Code   RO         7254    .text               c_w.l(rt_memclr.o)
    0x080004de   0x080004de   0x0000004a   Code   RO         7296    .text               c_w.l(sys_stackheap_outer.o)
    0x08000528   0x08000528   0x00000012   Code   RO         7335    .text               c_w.l(exit.o)
    0x0800053a   0x0800053a   0x00000002   PAD
    0x0800053c   0x0800053c   0x00000008   Code   RO         7352    .text               c_w.l(libspace.o)
    0x08000544   0x08000544   0x0000000c   Code   RO         7413    .text               c_w.l(sys_exit.o)
    0x08000550   0x08000550   0x00000002   Code   RO         7432    .text               c_w.l(use_no_semi.o)
    0x08000552   0x08000552   0x00000000   Code   RO         7434    .text               c_w.l(indicate_semi.o)
    0x08000552   0x08000552   0x00000016   Code   RO          268    i.ADC1_2_IRQHandler  stm32l4xx_it.o
    0x08000568   0x08000568   0x00000002   Code   RO          269    i.BusFault_Handler  stm32l4xx_it.o
    0x0800056a   0x0800056a   0x0000000e   Code   RO          270    i.DMA1_Channel1_IRQHandler  stm32l4xx_it.o
    0x08000578   0x08000578   0x00000002   Code   RO          271    i.DebugMon_Handler  stm32l4xx_it.o
    0x0800057a   0x0800057a   0x00000004   Code   RO           13    i.Error_Handler     main.o
    0x0800057e   0x0800057e   0x00000002   Code   RO         1694    i.HAL_ADCEx_EndOfSamplingCallback  stm32l4xx_hal_adc_ex.o
    0x08000580   0x08000580   0x00000002   Code   RO         1697    i.HAL_ADCEx_InjectedConvCpltCallback  stm32l4xx_hal_adc_ex.o
    0x08000582   0x08000582   0x00000002   Code   RO         1700    i.HAL_ADCEx_InjectedQueueOverflowCallback  stm32l4xx_hal_adc_ex.o
    0x08000584   0x08000584   0x00000002   Code   RO         1705    i.HAL_ADCEx_LevelOutOfWindow2Callback  stm32l4xx_hal_adc_ex.o
    0x08000586   0x08000586   0x00000002   Code   RO         1706    i.HAL_ADCEx_LevelOutOfWindow3Callback  stm32l4xx_hal_adc_ex.o
    0x08000588   0x08000588   0x000000fc   Code   RO         1707    i.HAL_ADCEx_MultiModeConfigChannel  stm32l4xx_hal_adc_ex.o
    0x08000684   0x08000684   0x000003fe   Code   RO         1466    i.HAL_ADC_ConfigChannel  stm32l4xx_hal_adc.o
    0x08000a82   0x08000a82   0x00000002   PAD
    0x08000a84   0x08000a84   0x0000002c   Code   RO         6327    i.HAL_ADC_ConvCpltCallback  mcal_adc.o
    0x08000ab0   0x08000ab0   0x00000002   Code   RO         1470    i.HAL_ADC_ErrorCallback  stm32l4xx_hal_adc.o
    0x08000ab2   0x08000ab2   0x00000002   PAD
    0x08000ab4   0x08000ab4   0x00000280   Code   RO         1474    i.HAL_ADC_IRQHandler  stm32l4xx_hal_adc.o
    0x08000d34   0x08000d34   0x000001c4   Code   RO         1475    i.HAL_ADC_Init      stm32l4xx_hal_adc.o
    0x08000ef8   0x08000ef8   0x00000002   Code   RO         1476    i.HAL_ADC_LevelOutOfWindowCallback  stm32l4xx_hal_adc.o
    0x08000efa   0x08000efa   0x00000002   PAD
    0x08000efc   0x08000efc   0x00000080   Code   RO         6329    i.HAL_ADC_MspInit   mcal_adc.o
    0x08000f7c   0x08000f7c   0x0000004c   Code   RO         3189    i.HAL_DMA_Abort     stm32l4xx_hal_dma.o
    0x08000fc8   0x08000fc8   0x0000004e   Code   RO         3190    i.HAL_DMA_Abort_IT  stm32l4xx_hal_dma.o
    0x08001016   0x08001016   0x00000002   PAD
    0x08001018   0x08001018   0x000000d4   Code   RO         3194    i.HAL_DMA_IRQHandler  stm32l4xx_hal_dma.o
    0x080010ec   0x080010ec   0x000000c4   Code   RO         3195    i.HAL_DMA_Init      stm32l4xx_hal_dma.o
    0x080011b0   0x080011b0   0x00000024   Code   RO         1903    i.HAL_Delay         stm32l4xx_hal.o
    0x080011d4   0x080011d4   0x0000021e   Code   RO         2599    i.HAL_GPIO_Init     stm32l4xx_hal_gpio.o
    0x080013f2   0x080013f2   0x0000000a   Code   RO         2601    i.HAL_GPIO_ReadPin  stm32l4xx_hal_gpio.o
    0x080013fc   0x080013fc   0x0000000a   Code   RO         2603    i.HAL_GPIO_WritePin  stm32l4xx_hal_gpio.o
    0x08001406   0x08001406   0x00000002   PAD
    0x08001408   0x08001408   0x0000000c   Code   RO         1907    i.HAL_GetTick       stm32l4xx_hal.o
    0x08001414   0x08001414   0x00000056   Code   RO         3134    i.HAL_I2CEx_ConfigAnalogFilter  stm32l4xx_hal_i2c_ex.o
    0x0800146a   0x0800146a   0x00000052   Code   RO         3135    i.HAL_I2CEx_ConfigDigitalFilter  stm32l4xx_hal_i2c_ex.o
    0x080014bc   0x080014bc   0x000000bc   Code   RO         2673    i.HAL_I2C_Init      stm32l4xx_hal_i2c.o
    0x08001578   0x08001578   0x00000054   Code   RO         6652    i.HAL_I2C_MspInit   mcal_i2c.o
    0x080015cc   0x080015cc   0x00000010   Code   RO         1913    i.HAL_IncTick       stm32l4xx_hal.o
    0x080015dc   0x080015dc   0x0000001e   Code   RO         1914    i.HAL_Init          stm32l4xx_hal.o
    0x080015fa   0x080015fa   0x00000002   PAD
    0x080015fc   0x080015fc   0x00000098   Code   RO          419    i.HAL_InitTick      stm32l4xx_hal_timebase_tim.o
    0x08001694   0x08001694   0x00000034   Code   RO          370    i.HAL_MspInit       stm32l4xx_hal_msp.o
    0x080016c8   0x080016c8   0x0000001a   Code   RO         3686    i.HAL_NVIC_EnableIRQ  stm32l4xx_hal_cortex.o
    0x080016e2   0x080016e2   0x00000002   PAD
    0x080016e4   0x080016e4   0x00000040   Code   RO         3692    i.HAL_NVIC_SetPriority  stm32l4xx_hal_cortex.o
    0x08001724   0x08001724   0x00000024   Code   RO         3693    i.HAL_NVIC_SetPriorityGrouping  stm32l4xx_hal_cortex.o
    0x08001748   0x08001748   0x00000068   Code   RO         3416    i.HAL_PWREx_ControlVoltageScaling  stm32l4xx_hal_pwr_ex.o
    0x080017b0   0x080017b0   0x00000010   Code   RO         3449    i.HAL_PWREx_GetVoltageRange  stm32l4xx_hal_pwr_ex.o
    0x080017c0   0x080017c0   0x000003ae   Code   RO         2252    i.HAL_RCCEx_PeriphCLKConfig  stm32l4xx_hal_rcc_ex.o
    0x08001b6e   0x08001b6e   0x00000002   PAD
    0x08001b70   0x08001b70   0x00000144   Code   RO         2131    i.HAL_RCC_ClockConfig  stm32l4xx_hal_rcc.o
    0x08001cb4   0x08001cb4   0x00000040   Code   RO         2134    i.HAL_RCC_GetClockConfig  stm32l4xx_hal_rcc.o
    0x08001cf4   0x08001cf4   0x00000024   Code   RO         2137    i.HAL_RCC_GetPCLK1Freq  stm32l4xx_hal_rcc.o
    0x08001d18   0x08001d18   0x00000024   Code   RO         2138    i.HAL_RCC_GetPCLK2Freq  stm32l4xx_hal_rcc.o
    0x08001d3c   0x08001d3c   0x000000a4   Code   RO         2140    i.HAL_RCC_GetSysClockFreq  stm32l4xx_hal_rcc.o
    0x08001de0   0x08001de0   0x00000518   Code   RO         2143    i.HAL_RCC_OscConfig  stm32l4xx_hal_rcc.o
    0x080022f8   0x080022f8   0x000000e0   Code   RO         3909    i.HAL_SPI_Init      stm32l4xx_hal_spi.o
    0x080023d8   0x080023d8   0x00000050   Code   RO         6594    i.HAL_SPI_MspInit   mcal_spi.o
    0x08002428   0x08002428   0x00000002   Code   RO         1174    i.HAL_TIMEx_Break2Callback  stm32l4xx_hal_tim_ex.o
    0x0800242a   0x0800242a   0x00000002   Code   RO         1175    i.HAL_TIMEx_BreakCallback  stm32l4xx_hal_tim_ex.o
    0x0800242c   0x0800242c   0x00000002   Code   RO         1176    i.HAL_TIMEx_CommutCallback  stm32l4xx_hal_tim_ex.o
    0x0800242e   0x0800242e   0x00000002   PAD
    0x08002430   0x08002430   0x0000009c   Code   RO         1196    i.HAL_TIMEx_MasterConfigSynchronization  stm32l4xx_hal_tim_ex.o
    0x080024cc   0x080024cc   0x00000062   Code   RO          460    i.HAL_TIM_Base_Init  stm32l4xx_hal_tim.o
    0x0800252e   0x0800252e   0x00000002   PAD
    0x08002530   0x08002530   0x00000050   Code   RO          372    i.HAL_TIM_Base_MspInit  stm32l4xx_hal_msp.o
    0x08002580   0x08002580   0x00000080   Code   RO          465    i.HAL_TIM_Base_Start_IT  stm32l4xx_hal_tim.o
    0x08002600   0x08002600   0x000000e0   Code   RO          469    i.HAL_TIM_ConfigClockSource  stm32l4xx_hal_tim.o
    0x080026e0   0x080026e0   0x00000002   Code   RO          494    i.HAL_TIM_IC_CaptureCallback  stm32l4xx_hal_tim.o
    0x080026e2   0x080026e2   0x00000002   PAD
    0x080026e4   0x080026e4   0x00000140   Code   RO          496    i.HAL_TIM_IC_ConfigChannel  stm32l4xx_hal_tim.o
    0x08002824   0x08002824   0x00000062   Code   RO          499    i.HAL_TIM_IC_Init   stm32l4xx_hal_tim.o
    0x08002886   0x08002886   0x00000002   PAD
    0x08002888   0x08002888   0x00000074   Code   RO          374    i.HAL_TIM_IC_MspInit  stm32l4xx_hal_msp.o
    0x080028fc   0x080028fc   0x0000014a   Code   RO          508    i.HAL_TIM_IRQHandler  stm32l4xx_hal_tim.o
    0x08002a46   0x08002a46   0x00000002   Code   RO          511    i.HAL_TIM_OC_DelayElapsedCallback  stm32l4xx_hal_tim.o
    0x08002a48   0x08002a48   0x00000002   Code   RO          538    i.HAL_TIM_PWM_PulseFinishedCallback  stm32l4xx_hal_tim.o
    0x08002a4a   0x08002a4a   0x00000002   PAD
    0x08002a4c   0x08002a4c   0x00000014   Code   RO           14    i.HAL_TIM_PeriodElapsedCallback  main.o
    0x08002a60   0x08002a60   0x00000002   Code   RO          551    i.HAL_TIM_TriggerCallback  stm32l4xx_hal_tim.o
    0x08002a62   0x08002a62   0x00000002   Code   RO         4258    i.HAL_UARTEx_RxEventCallback  stm32l4xx_hal_uart.o
    0x08002a64   0x08002a64   0x00000002   Code   RO         4652    i.HAL_UARTEx_WakeupCallback  stm32l4xx_hal_uart_ex.o
    0x08002a66   0x08002a66   0x00000002   Code   RO         4274    i.HAL_UART_ErrorCallback  stm32l4xx_hal_uart.o
    0x08002a68   0x08002a68   0x000002c8   Code   RO         4277    i.HAL_UART_IRQHandler  stm32l4xx_hal_uart.o
    0x08002d30   0x08002d30   0x00000066   Code   RO         4278    i.HAL_UART_Init     stm32l4xx_hal_uart.o
    0x08002d96   0x08002d96   0x00000002   PAD
    0x08002d98   0x08002d98   0x00000054   Code   RO         6256    i.HAL_UART_MspInit  mcal_uart.o
    0x08002dec   0x08002dec   0x00000002   Code   RO         4290    i.HAL_UART_TxCpltCallback  stm32l4xx_hal_uart.o
    0x08002dee   0x08002dee   0x00000002   Code   RO          272    i.HardFault_Handler  stm32l4xx_it.o
    0x08002df0   0x08002df0   0x0000000c   Code   RO         1488    i.LL_ADC_GetOffsetChannel  stm32l4xx_hal_adc.o
    0x08002dfc   0x08002dfc   0x00000008   Code   RO         1489    i.LL_ADC_INJ_IsConversionOngoing  stm32l4xx_hal_adc.o
    0x08002e04   0x08002e04   0x00000008   Code   RO         1490    i.LL_ADC_REG_IsConversionOngoing  stm32l4xx_hal_adc.o
    0x08002e0c   0x08002e0c   0x00000008   Code   RO         1717    i.LL_ADC_REG_IsConversionOngoing  stm32l4xx_hal_adc_ex.o
    0x08002e14   0x08002e14   0x00000010   Code   RO         1491    i.LL_ADC_REG_IsTriggerSourceSWStart  stm32l4xx_hal_adc.o
    0x08002e24   0x08002e24   0x0000001e   Code   RO         1493    i.LL_ADC_SetChannelSamplingTime  stm32l4xx_hal_adc.o
    0x08002e42   0x08002e42   0x00000010   Code   RO         1494    i.LL_ADC_SetOffsetState  stm32l4xx_hal_adc.o
    0x08002e52   0x08002e52   0x00000002   Code   RO          273    i.MemManage_Handler  stm32l4xx_it.o
    0x08002e54   0x08002e54   0x00000002   Code   RO          274    i.NMI_Handler       stm32l4xx_it.o
    0x08002e56   0x08002e56   0x00000002   Code   RO          216    i.PostSleepProcessing  freertos.o
    0x08002e58   0x08002e58   0x00000002   Code   RO          217    i.PreSleepProcessing  freertos.o
    0x08002e5a   0x08002e5a   0x00000002   PAD
    0x08002e5c   0x08002e5c   0x0000012c   Code   RO         2256    i.RCCEx_PLLSAI1_Config  stm32l4xx_hal_rcc_ex.o
    0x08002f88   0x08002f88   0x00000108   Code   RO         2257    i.RCCEx_PLLSAI2_Config  stm32l4xx_hal_rcc_ex.o
    0x08003090   0x08003090   0x0000007c   Code   RO         2144    i.RCC_SetFlashLatencyFromMSIRange  stm32l4xx_hal_rcc.o
    0x0800310c   0x0800310c   0x0000002c   Code   RO         6016    i.SysTick_Handler   port.o
    0x08003138   0x08003138   0x00000010   Code   RO         4732    i.SystemInit        system_stm32l4xx.o
    0x08003148   0x08003148   0x0000000e   Code   RO          275    i.TIM1_CC_IRQHandler  stm32l4xx_it.o
    0x08003156   0x08003156   0x0000000e   Code   RO          276    i.TIM2_IRQHandler   stm32l4xx_it.o
    0x08003164   0x08003164   0x000000c8   Code   RO          553    i.TIM_Base_SetConfig  stm32l4xx_hal_tim.o
    0x0800322c   0x0800322c   0x00000014   Code   RO          564    i.TIM_ETR_SetConfig  stm32l4xx_hal_tim.o
    0x08003240   0x08003240   0x00000010   Code   RO          565    i.TIM_ITRx_SetConfig  stm32l4xx_hal_tim.o
    0x08003250   0x08003250   0x0000005c   Code   RO          573    i.TIM_TI1_ConfigInputStage  stm32l4xx_hal_tim.o
    0x080032ac   0x080032ac   0x000000a0   Code   RO          574    i.TIM_TI1_SetConfig  stm32l4xx_hal_tim.o
    0x0800334c   0x0800334c   0x00000040   Code   RO          575    i.TIM_TI2_ConfigInputStage  stm32l4xx_hal_tim.o
    0x0800338c   0x0800338c   0x00000054   Code   RO          576    i.TIM_TI2_SetConfig  stm32l4xx_hal_tim.o
    0x080033e0   0x080033e0   0x000000c8   Code   RO         4292    i.UART_AdvFeatureConfig  stm32l4xx_hal_uart.o
    0x080034a8   0x080034a8   0x000000a8   Code   RO         4293    i.UART_CheckIdleState  stm32l4xx_hal_uart.o
    0x08003550   0x08003550   0x0000000a   Code   RO         4294    i.UART_DMAAbortOnError  stm32l4xx_hal_uart.o
    0x0800355a   0x0800355a   0x0000004c   Code   RO         4304    i.UART_EndRxTransfer  stm32l4xx_hal_uart.o
    0x080035a6   0x080035a6   0x00000002   PAD
    0x080035a8   0x080035a8   0x00000248   Code   RO         4308    i.UART_SetConfig    stm32l4xx_hal_uart.o
    0x080037f0   0x080037f0   0x00000094   Code   RO         4313    i.UART_WaitOnFlagUntilTimeout  stm32l4xx_hal_uart.o
    0x08003884   0x08003884   0x0000000e   Code   RO          277    i.USART1_IRQHandler  stm32l4xx_it.o
    0x08003892   0x08003892   0x00000002   Code   RO          278    i.UsageFault_Handler  stm32l4xx_it.o
    0x08003894   0x08003894   0x00000020   Code   RO         3699    i.__NVIC_SetPriority  stm32l4xx_hal_cortex.o
    0x080038b4   0x080038b4   0x00000098   Code   RO         6330    i._adc1_init        mcal_adc.o
    0x0800394c   0x0800394c   0x0000007c   Code   RO         6331    i._adc2_init        mcal_adc.o
    0x080039c8   0x080039c8   0x0000002c   Code   RO         6332    i._find_dev_by_hadc  mcal_adc.o
    0x080039f4   0x080039f4   0x00000058   Code   RO         6653    i._i2c1_init        mcal_i2c.o
    0x08003a4c   0x08003a4c   0x00000050   Code   RO         6595    i._spi1_init        mcal_spi.o
    0x08003a9c   0x08003a9c   0x00000072   Code   RO         6506    i._system_clock_config  mcal_clock.o
    0x08003b0e   0x08003b0e   0x00000002   PAD
    0x08003b10   0x08003b10   0x00000084   Code   RO         6160    i._tim1_init        mcal_timer.o
    0x08003b94   0x08003b94   0x00000068   Code   RO         6161    i._tim2_init        mcal_timer.o
    0x08003bfc   0x08003bfc   0x00000048   Code   RO         6162    i._tim6_init        mcal_timer.o
    0x08003c44   0x08003c44   0x0000003c   Code   RO         6257    i._usart1_init      mcal_uart.o
    0x08003c80   0x08003c80   0x00000050   Code   RO         6913    i.app_main_init     app_main.o
    0x08003cd0   0x08003cd0   0x00000028   Code   RO         7072    i.app_sensor_init   app_sensor.o
    0x08003cf8   0x08003cf8   0x00000060   Code   RO         7074    i.app_sensor_task   app_sensor.o
    0x08003d58   0x08003d58   0x00000104   Code   RO         6944    i.app_task_create_all  app_task.o
    0x08003e5c   0x08003e5c   0x00000004   Code   RO         6946    i.app_task_start_scheduler  app_task.o
    0x08003e60   0x08003e60   0x00000010   Code   RO         6797    i.bsw_bfsk_init     bsw_bfsk.o
    0x08003e70   0x08003e70   0x00000084   Code   RO         6860    i.bsw_ds18b20_get_result  bsw_ds18b20.o
    0x08003ef4   0x08003ef4   0x00000020   Code   RO         6861    i.bsw_ds18b20_init  bsw_ds18b20.o
    0x08003f14   0x08003f14   0x00000010   Code   RO         6862    i.bsw_ds18b20_is_online  bsw_ds18b20.o
    0x08003f24   0x08003f24   0x00000010   Code   RO         6746    i.bsw_frame_init    bsw_frame.o
    0x08003f34   0x08003f34   0x00000030   Code   RO         5245    i.eTaskConfirmSleepModeStatus  tasks.o
    0x08003f64   0x08003f64   0x0000000e   Code   RO           15    i.main              main.o
    0x08003f72   0x08003f72   0x00000002   PAD
    0x08003f74   0x08003f74   0x00000008   Code   RO         6333    i.mcal_adc_get_handle1  mcal_adc.o
    0x08003f7c   0x08003f7c   0x00000008   Code   RO         6334    i.mcal_adc_get_handle2  mcal_adc.o
    0x08003f84   0x08003f84   0x00000034   Code   RO         6335    i.mcal_adc_init     mcal_adc.o
    0x08003fb8   0x08003fb8   0x00000044   Code   RO         6507    i.mcal_clock_init   mcal_clock.o
    0x08003ffc   0x08003ffc   0x00000008   Code   RO         6540    i.mcal_dma_get_handle_adc1  mcal_dma.o
    0x08004004   0x08004004   0x00000064   Code   RO         6541    i.mcal_dma_init     mcal_dma.o
    0x08004068   0x08004068   0x00000010   Code   RO         6428    i.mcal_ds18b20_init  mcal_ds18b20.o
    0x08004078   0x08004078   0x00000034   Code   RO         6429    i.mcal_ds18b20_onewire_read_bit  mcal_ds18b20.o
    0x080040ac   0x080040ac   0x0000001e   Code   RO         6430    i.mcal_ds18b20_onewire_read_byte  mcal_ds18b20.o
    0x080040ca   0x080040ca   0x00000038   Code   RO         6431    i.mcal_ds18b20_onewire_reset  mcal_ds18b20.o
    0x08004102   0x08004102   0x00000048   Code   RO         6432    i.mcal_ds18b20_onewire_write_bit  mcal_ds18b20.o
    0x0800414a   0x0800414a   0x00000002   PAD
    0x0800414c   0x0800414c   0x0000001c   Code   RO         6433    i.mcal_ds18b20_onewire_write_byte  mcal_ds18b20.o
    0x08004168   0x08004168   0x000000b2   Code   RO         6434    i.mcal_ds18b20_read_result  mcal_ds18b20.o
    0x0800421a   0x0800421a   0x0000001e   Code   RO         6436    i.mcal_ds18b20_start_convert  mcal_ds18b20.o
    0x08004238   0x08004238   0x0000002c   Code   RO         6437    i.mcal_ds18b20_wait_conversion  mcal_ds18b20.o
    0x08004264   0x08004264   0x00000002   Code   RO         6101    i.mcal_gpio_init    mcal_gpio.o
    0x08004266   0x08004266   0x00000002   PAD
    0x08004268   0x08004268   0x00000028   Code   RO         6102    i.mcal_gpio_read    mcal_gpio.o
    0x08004290   0x08004290   0x0000003c   Code   RO         6103    i.mcal_gpio_set_input  mcal_gpio.o
    0x080042cc   0x080042cc   0x00000040   Code   RO         6105    i.mcal_gpio_set_output_od  mcal_gpio.o
    0x0800430c   0x0800430c   0x00000034   Code   RO         6106    i.mcal_gpio_write   mcal_gpio.o
    0x08004340   0x08004340   0x0000000a   Code   RO         6655    i.mcal_i2c_init     mcal_i2c.o
    0x0800434a   0x0800434a   0x0000000a   Code   RO         6597    i.mcal_spi_init     mcal_spi.o
    0x08004354   0x08004354   0x00000004   Code   RO         6164    i.mcal_timer_delay_ms  mcal_timer.o
    0x08004358   0x08004358   0x0000005c   Code   RO         6165    i.mcal_timer_delay_us  mcal_timer.o
    0x080043b4   0x080043b4   0x00000008   Code   RO         6166    i.mcal_timer_get_handle1  mcal_timer.o
    0x080043bc   0x080043bc   0x00000008   Code   RO         6167    i.mcal_timer_get_handle2  mcal_timer.o
    0x080043c4   0x080043c4   0x00000012   Code   RO         6169    i.mcal_timer_init   mcal_timer.o
    0x080043d6   0x080043d6   0x00000002   PAD
    0x080043d8   0x080043d8   0x00000008   Code   RO         6258    i.mcal_uart_get_handle1  mcal_uart.o
    0x080043e0   0x080043e0   0x00000024   Code   RO         6259    i.mcal_uart_init    mcal_uart.o
    0x08004404   0x08004404   0x0000000a   Code   RO         5586    i.osKernelStart     cmsis_os.o
    0x0800440e   0x0800440e   0x00000002   PAD
    0x08004410   0x08004410   0x00000070   Code   RO         5247    i.prvAddCurrentTaskToDelayedList  tasks.o
    0x08004480   0x08004480   0x000000d0   Code   RO         5248    i.prvAddNewTaskToReadyList  tasks.o
    0x08004550   0x08004550   0x00000034   Code   RO         5249    i.prvDeleteTCB      tasks.o
    0x08004584   0x08004584   0x00000034   Code   RO         5250    i.prvGetExpectedIdleTime  tasks.o
    0x080045b8   0x080045b8   0x0000004c   Code   RO         5948    i.prvHeapInit       heap_4.o
    0x08004604   0x08004604   0x00000090   Code   RO         5251    i.prvIdleTask       tasks.o
    0x08004694   0x08004694   0x00000016   Code   RO         4913    i.prvInitialiseNewQueue  queue.o
    0x080046aa   0x080046aa   0x00000002   PAD
    0x080046ac   0x080046ac   0x000000b6   Code   RO         5252    i.prvInitialiseNewTask  tasks.o
    0x08004762   0x08004762   0x00000002   PAD
    0x08004764   0x08004764   0x0000004c   Code   RO         5949    i.prvInsertBlockIntoFreeList  heap_4.o
    0x080047b0   0x080047b0   0x00000020   Code   RO         5253    i.prvResetNextTaskUnblockTime  tasks.o
    0x080047d0   0x080047d0   0x00000028   Code   RO         6017    i.prvTaskExitError  port.o
    0x080047f8   0x080047f8   0x000000dc   Code   RO         5950    i.pvPortMalloc      heap_4.o
    0x080048d4   0x080048d4   0x0000002c   Code   RO         6018    i.pxPortInitialiseStack  port.o
    0x08004900   0x08004900   0x00000008   Code   RO         6947    i.task_app          app_task.o
    0x08004908   0x08004908   0x00000008   Code   RO         6948    i.task_comm         app_task.o
    0x08004910   0x08004910   0x00000008   Code   RO         6949    i.task_demod        app_task.o
    0x08004918   0x08004918   0x0000000c   Code   RO         6950    i.task_print        app_task.o
    0x08004924   0x08004924   0x00000014   Code   RO         6951    i.task_sensor       app_task.o
    0x08004938   0x08004938   0x00000026   Code   RO         4870    i.uxListRemove      list.o
    0x0800495e   0x0800495e   0x00000002   PAD
    0x08004960   0x08004960   0x00000018   Code   RO          218    i.vApplicationGetIdleTaskMemory  freertos.o
    0x08004978   0x08004978   0x00000002   Code   RO          219    i.vApplicationStackOverflowHook  freertos.o
    0x0800497a   0x0800497a   0x00000016   Code   RO         4871    i.vListInitialise   list.o
    0x08004990   0x08004990   0x00000006   Code   RO         4872    i.vListInitialiseItem  list.o
    0x08004996   0x08004996   0x00000030   Code   RO         4873    i.vListInsert       list.o
    0x080049c6   0x080049c6   0x00000018   Code   RO         4874    i.vListInsertEnd    list.o
    0x080049de   0x080049de   0x00000002   PAD
    0x080049e0   0x080049e0   0x00000040   Code   RO         6020    i.vPortEnterCritical  port.o
    0x08004a20   0x08004a20   0x00000028   Code   RO         6021    i.vPortExitCritical  port.o
    0x08004a48   0x08004a48   0x00000064   Code   RO         5951    i.vPortFree         heap_4.o
    0x08004aac   0x08004aac   0x00000048   Code   RO         6022    i.vPortSetupTimerInterrupt  port.o
    0x08004af4   0x08004af4   0x000000d8   Code   RO         6023    i.vPortSuppressTicksAndSleep  port.o
    0x08004bcc   0x08004bcc   0x0000004c   Code   RO         5262    i.vTaskDelay        tasks.o
    0x08004c18   0x08004c18   0x0000006c   Code   RO         5275    i.vTaskStartScheduler  tasks.o
    0x08004c84   0x08004c84   0x00000028   Code   RO         5276    i.vTaskStepTick     tasks.o
    0x08004cac   0x08004cac   0x00000010   Code   RO         5278    i.vTaskSuspendAll   tasks.o
    0x08004cbc   0x08004cbc   0x00000088   Code   RO         5279    i.vTaskSwitchContext  tasks.o
    0x08004d44   0x08004d44   0x000000f4   Code   RO         6025    i.xPortStartScheduler  port.o
    0x08004e38   0x08004e38   0x00000042   Code   RO         4926    i.xQueueGenericCreate  queue.o
    0x08004e7a   0x08004e7a   0x00000002   PAD
    0x08004e7c   0x08004e7c   0x00000088   Code   RO         4928    i.xQueueGenericReset  queue.o
    0x08004f04   0x08004f04   0x00000060   Code   RO         5282    i.xTaskCreate       tasks.o
    0x08004f64   0x08004f64   0x00000056   Code   RO         5283    i.xTaskCreateStatic  tasks.o
    0x08004fba   0x08004fba   0x00000002   PAD
    0x08004fbc   0x08004fbc   0x000000cc   Code   RO         5290    i.xTaskIncrementTick  tasks.o
    0x08005088   0x08005088   0x0000007c   Code   RO         5295    i.xTaskRemoveFromEventList  tasks.o
    0x08005104   0x08005104   0x000000c4   Code   RO         5296    i.xTaskResumeAll    tasks.o
    0x080051c8   0x080051c8   0x0000000a   Code   RO         7428    x$fpl$fpinit        fz_wm.l(fpinit.o)
    0x080051d2   0x080051d2   0x00000002   PAD
    0x080051d4   0x080051d4   0x00000040   Data   RO         4733    .constdata          system_stm32l4xx.o
    0x08005214   0x08005214   0x00000008   Data   RO         4734    .constdata          system_stm32l4xx.o
    0x0800521c   0x0800521c   0x00000020   Data   RO         6107    .constdata          mcal_gpio.o
    0x0800523c   0x0800523c   0x00000010   Data   RO         6914    .constdata          app_main.o
    0x0800524c   0x0800524c   0x00000020   Data   RO         7484    Region$$Table       anon$$obj.o


    Execution Region RW_IRAM2 (Exec base: 0x10000000, Load base: 0x0800532c, Size: 0x00000000, Max: 0x00008000, ABSOLUTE)

    **** No section assigned to this execution region ****


    Execution Region RW_IRAM1 (Exec base: 0x20000000, Load base: 0x0800526c, Size: 0x00004c78, Max: 0x00018000, ABSOLUTE)

    Exec Addr    Load Addr    Size         Type   Attr      Idx    E Section Name        Object

    0x20000000   0x0800526c   0x0000000c   Data   RW         1931    .data               stm32l4xx_hal.o
    0x2000000c   0x08005278   0x00000004   Data   RW         4735    .data               system_stm32l4xx.o
    0x20000010   0x0800527c   0x0000003c   Data   RW         5299    .data               tasks.o
    0x2000004c   0x080052b8   0x00000020   Data   RW         5957    .data               heap_4.o
    0x2000006c   0x080052d8   0x00000018   Data   RW         6026    .data               port.o
    0x20000084   0x080052f0   0x00000004   Data   RW         6174    .data               mcal_timer.o
    0x20000088   0x080052f4   0x00000004   Data   RW         6751    .data               bsw_frame.o
    0x2000008c   0x080052f8   0x00000002   Data   RW         6865    .data               bsw_ds18b20.o
    0x2000008e   0x080052fa   0x00000002   PAD
    0x20000090   0x080052fc   0x00000028   Data   RW         6952    .data               app_task.o
    0x200000b8   0x08005324   0x00000008   Data   RW         7076    .data               app_sensor.o
    0x200000c0        -       0x00000454   Zero   RW          220    .bss                freertos.o
    0x20000514        -       0x0000004c   Zero   RW          422    .bss                stm32l4xx_hal_timebase_tim.o
    0x20000560        -       0x00000104   Zero   RW         5298    .bss                tasks.o
    0x20000664        -       0x00003c00   Zero   RW         5956    .bss                heap_4.o
    0x20004264        -       0x000000e4   Zero   RW         6173    .bss                mcal_timer.o
    0x20004348        -       0x000000a0   Zero   RW         6263    .bss                mcal_uart.o
    0x200043e8        -       0x000000f8   Zero   RW         6341    .bss                mcal_adc.o
    0x200044e0        -       0x00000048   Zero   RW         6544    .bss                mcal_dma.o
    0x20004528        -       0x00000064   Zero   RW         6600    .bss                mcal_spi.o
    0x2000458c        -       0x00000054   Zero   RW         6659    .bss                mcal_i2c.o
    0x200045e0        -       0x00000010   Zero   RW         6801    .bss                bsw_bfsk.o
    0x200045f0        -       0x0000000c   Zero   RW         6864    .bss                bsw_ds18b20.o
    0x200045fc        -       0x0000001c   Zero   RW         7075    .bss                app_sensor.o
    0x20004618        -       0x00000060   Zero   RW         7353    .bss                c_w.l(libspace.o)
    0x20004678        -       0x00000200   Zero   RW            2    HEAP                startup_stm32l476xx.o
    0x20004878        -       0x00000400   Zero   RW            1    STACK               startup_stm32l476xx.o


==============================================================================

Image component sizes


      Code (inc. data)   RO Data    RW Data    ZI Data      Debug   Object Name

        80          4         16          0          0       1196   app_main.o
       136         18          0          8         28       3005   app_sensor.o
       320         82          0         40          0       4029   app_task.o
        16          4          0          0         16       1939   bsw_bfsk.o
       180         20          0          2         12       3332   bsw_ds18b20.o
        16          6          0          4          0       1621   bsw_frame.o
        10          0          0          0          0      21274   cmsis_os.o
         0          0          0          0          0      20004   event_groups.o
        30          6          0          0       1108       2995   freertos.o
       472         24          0         32      15360       7683   heap_4.o
       138          0          0          0          0       3770   list.o
        38          6          0          0          0     921159   main.o
       560         64          0          0        248       5899   mcal_adc.o
       182          0          0          0          0       1786   mcal_clock.o
       108         16          0          0         72       1767   mcal_dma.o
       506          0          0          0          0       8294   mcal_ds18b20.o
       218         20         32          0          0       4052   mcal_gpio.o
       182         24          0          0         84       2450   mcal_i2c.o
       170         16          0          0        100       2430   mcal_spi.o
       438         50          0          4        228       5652   mcal_timer.o
       188         30          0          0        160       3308   mcal_uart.o
       986         80          0         24          0      12793   port.o
       224          4          0          0          0       7659   queue.o
        64         26        392          0       1536        884   startup_stm32l476xx.o
        94         14          0         12          0      13974   stm32l4xx_hal.o
      2208        104          0          0          0      69151   stm32l4xx_hal_adc.o
       270         18          0          0          0      63356   stm32l4xx_hal_adc_ex.o
       158         14          0          0          0      33234   stm32l4xx_hal_cortex.o
       562         20          0          0          0       3675   stm32l4xx_hal_dma.o
       562         36          0          0          0       3175   stm32l4xx_hal_gpio.o
       188          4          0          0          0       3323   stm32l4xx_hal_i2c.o
       168          0          0          0          0       2031   stm32l4xx_hal_i2c_ex.o
       248         22          0          0          0       2498   stm32l4xx_hal_msp.o
       120         20          0          0          0       1442   stm32l4xx_hal_pwr_ex.o
      2052        108          0          0          0       7901   stm32l4xx_hal_rcc.o
      1506         44          0          0          0       4212   stm32l4xx_hal_rcc_ex.o
       224          0          0          0          0       1347   stm32l4xx_hal_spi.o
      1842        144          0          0          0      14662   stm32l4xx_hal_tim.o
       162         26          0          0          0       3300   stm32l4xx_hal_tim_ex.o
       152         20          0          0         76       1595   stm32l4xx_hal_timebase_tim.o
      2006         70          0          0          0      10623   stm32l4xx_hal_uart.o
         2          0          0          0          0       1104   stm32l4xx_hal_uart_ex.o
        90          0          0          0          0       6419   stm32l4xx_it.o
         0          0          0          0          0        384   stream_buffer.o
        16          4         72          4          0       1301   system_stm32l4xx.o
      1912        144          0         60        260      23735   tasks.o

    ----------------------------------------------------------------------
     19862       1312        544        192      19288    1321423   Object Totals
         0          0         32          0          0          0   (incl. Generated)
        58          0          0          2          0          0   (incl. Padding)

    ----------------------------------------------------------------------

      Code (inc. data)   RO Data    RW Data    ZI Data      Debug   Library Member Name

         8          0          0          0          0         68   __main.o
         0          0          0          0          0          0   __rtentry.o
        12          0          0          0          0          0   __rtentry2.o
         6          0          0          0          0          0   __rtentry4.o
        52          8          0          0          0          0   __scatter.o
        26          0          0          0          0          0   __scatter_copy.o
        28          0          0          0          0          0   __scatter_zi.o
        16          0          0          0          0         68   aeabi_memset.o
        18          0          0          0          0         80   exit.o
         6          0          0          0          0        152   heapauxi.o
         0          0          0          0          0          0   indicate_semi.o
         2          0          0          0          0          0   libinit.o
         6          0          0          0          0          0   libinit2.o
         2          0          0          0          0          0   libshutdown.o
         2          0          0          0          0          0   libshutdown2.o
         8          4          0          0         96         68   libspace.o
       238          0          0          0          0        100   lludivv7m.o
        68          0          0          0          0         68   rt_memclr.o
        78          0          0          0          0         80   rt_memclr_w.o
         2          0          0          0          0          0   rtexit.o
        10          0          0          0          0          0   rtexit2.o
        12          4          0          0          0         68   sys_exit.o
        74          0          0          0          0         80   sys_stackheap_outer.o
         2          0          0          0          0         68   use_no_semi.o
        10          0          0          0          0        116   fpinit.o

    ----------------------------------------------------------------------
       694         16          0          0         96       1016   Library Totals
         8          0          0          0          0          0   (incl. Padding)

    ----------------------------------------------------------------------

      Code (inc. data)   RO Data    RW Data    ZI Data      Debug   Library Name

       676         16          0          0         96        900   c_w.l
        10          0          0          0          0        116   fz_wm.l

    ----------------------------------------------------------------------
       694         16          0          0         96       1016   Library Totals

    ----------------------------------------------------------------------

==============================================================================


      Code (inc. data)   RO Data    RW Data    ZI Data      Debug   

     20556       1328        544        192      19384    1302375   Grand Totals
     20556       1328        544        192      19384    1302375   ELF Image Totals
     20556       1328        544        192          0          0   ROM Totals

==============================================================================

    Total RO  Size (Code + RO Data)                21100 (  20.61kB)
    Total RW  Size (RW Data + ZI Data)             19576 (  19.12kB)
    Total ROM Size (Code + RO Data + RW Data)      21292 (  20.79kB)

==============================================================================

