<html>
<body>
<pre>
<h1>µVision Build Log</h1>
<h2>Tool Versions:</h2>
IDE-Version: ¦ÌVision V5.43.1.0
Copyright (C) 2025 ARM Ltd and ARM Germany GmbH. All rights reserved.
License Information: Z hp, HP Inc., LIC=76F5U-SWHDQ-UH68H-W3ARM-XTR51-AI3P3
 
Tool Versions:
Toolchain:       MDK-ARM Plus  Version: 5.43.0.0
Toolchain Path:  D:\Keil5\ARM\ARMCC\Bin
C Compiler:      Armcc.exe V5.06 update 5 (build 528)
Assembler:       Armasm.exe V5.06 update 5 (build 528)
Linker/Locator:  ArmLink.exe V5.06 update 5 (build 528)
Library Manager: ArmAr.exe V5.06 update 5 (build 528)
Hex Converter:   FromElf.exe V5.06 update 5 (build 528)
CPU DLL:         SARMCM3.DLL V5.43.0.0
Dialog DLL:      DCM.DLL V1.17.5.0
Target DLL:      STLink\ST-LINKIII-KEIL_SWO.dll V3.3.1.0
Dialog DLL:      TCM.DLL V1.56.6.0
 
<h2>Project:</h2>
D:\work_code\BFSK_Demodulation\02_CodeProject\02_03_UnderGround\UnderGround\MDK-ARM\UnderGround.uvprojx
Project File Date:  09/25/2026

<h2>Output:</h2>
*** Using Compiler 'V5.06 update 5 (build 528)', folder: 'D:\Keil5\ARM\ARMCC\Bin'
Rebuild target 'UnderGround'
assembling startup_stm32l476xx.s...
compiling stm32l4xx_hal_msp.c...
../Core/Src/stm32l4xx_hal_msp.c(28): warning:  #177-D: variable "HAL_RCC_ADC_CLK_ENABLED"  was declared but never referenced
  static uint32_t HAL_RCC_ADC_CLK_ENABLED = 0; /* å…¼å®¹æ—? msp å¼•ç”¨ */
../Core/Src/stm32l4xx_hal_msp.c: 1 warning, 0 errors
compiling stm32l4xx_it.c...
compiling stm32l4xx_hal_timebase_tim.c...
compiling freertos.c...
compiling stm32l4xx_hal_tim_ex.c...
compiling main.c...
compiling stm32l4xx_hal_adc.c...
compiling stm32l4xx_hal_tim.c...
compiling stm32l4xx_hal.c...
compiling stm32l4xx_hal_adc_ex.c...
compiling stm32l4xx_hal_flash.c...
compiling stm32l4xx_hal_rcc.c...
compiling stm32l4xx_hal_flash_ex.c...
compiling stm32l4xx_hal_rcc_ex.c...
compiling stm32l4xx_hal_flash_ramfunc.c...
compiling stm32l4xx_hal_gpio.c...
compiling stm32l4xx_hal_i2c_ex.c...
compiling stm32l4xx_hal_dma.c...
compiling stm32l4xx_hal_dma_ex.c...
compiling stm32l4xx_hal_pwr.c...
compiling stm32l4xx_hal_cortex.c...
compiling stm32l4xx_hal_i2c.c...
compiling croutine.c...
compiling stm32l4xx_hal_pwr_ex.c...
compiling stm32l4xx_hal_exti.c...
compiling list.c...
compiling event_groups.c...
compiling queue.c...
compiling stream_buffer.c...
compiling timers.c...
compiling tasks.c...
compiling heap_4.c...
compiling cmsis_os.c...
compiling port.c...
compiling stm32l4xx_hal_spi_ex.c...
compiling stm32l4xx_hal_spi.c...
compiling stm32l4xx_hal_uart_ex.c...
compiling stm32l4xx_hal_uart.c...
compiling system_stm32l4xx.c...
compiling mcal_gpio...
compiling mcal_uart...
compiling mcal_timer...
compiling mcal_adc...
compiling mcal_ds18b20...
compiling mcal_clock...
compiling mcal_dma...
compiling mcal_spi...
compiling app_fsm...
compiling bsw_frame...
../../BSW/bsw_frame/bsw_frame.c(4): warning:  #550-D: variable "g_state"  was set but never used
  static frame_state_t g_state = FRAME_STATE_IDLE;
../../BSW/bsw_frame/bsw_frame.c(5): warning:  #550-D: variable "g_frame"  was set but never used
  static frame_t       g_frame;
../../BSW/bsw_frame/bsw_frame.c(6): warning:  #177-D: variable "g_buf"  was declared but never referenced
  static uint8_t       g_buf[FRAME_MAX_PAYLOAD + 8];
../../BSW/bsw_frame/bsw_frame.c(7): warning:  #550-D: variable "g_buf_idx"  was set but never used
  static uint16_t      g_buf_idx = 0;
../../BSW/bsw_frame/bsw_frame.c: 4 warnings, 0 errors
compiling bsw_crc...
compiling mcal_i2c...
compiling bsw_bfsk...
compiling bsw_ds18b20...
compiling app_frame_handler...
compiling app_main...
compiling app_sensor...
compiling app_task...
../../APP/app_task/app_task.c(13): warning:  #550-D: variable "g_queue_demod"  was set but never used
  static QueueHandle_t g_queue_demod;
../../APP/app_task/app_task.c(14): warning:  #550-D: variable "g_queue_comm"  was set but never used
  static QueueHandle_t g_queue_comm;
../../APP/app_task/app_task.c(15): warning:  #550-D: variable "g_queue_sensor"  was set but never used
  static QueueHandle_t g_queue_sensor;
../../APP/app_task/app_task.c(16): warning:  #550-D: variable "g_sem_scan"  was set but never used
  static SemaphoreHandle_t g_sem_scan;
../../APP/app_task/app_task.c(17): warning:  #550-D: variable "g_sem_frame"  was set but never used
  static SemaphoreHandle_t g_sem_frame;
../../APP/app_task/app_task.c: 5 warnings, 0 errors
linking...
Program Size: Code=20556 RO-data=544 RW-data=192 ZI-data=19384  
FromELF: creating hex file...
"UnderGround\UnderGround.axf" - 0 Error(s), 10 Warning(s).

<h2>Software Packages used:</h2>

Package Vendor: ARM
                https://www.keil.com/pack/ARM.CMSIS.6.3.0.pack
                ARM::CMSIS@6.3.0
                CMSIS (Common Microcontroller Software Interface Standard)
   * Component: CORE Version: 6.2.0

Package Vendor: Keil
                http://www.keil.com/pack/Keil.STM32L4xx_DFP.1.4.0.pack
                Keil::STM32L4xx_DFP@1.4.0
                STMicroelectronics STM32L4 Series Device Support, Drivers and Examples

<h2>Collection of Component include folders:</h2>
  ./RTE/_UnderGround
  D:/Keil5/ARM/PACK/ARM/CMSIS/6.3.0/CMSIS/Core/Include
  D:/Keil5/ARM/PACK/Keil/STM32L4xx_DFP/1.4.0/Device/Include

<h2>Collection of Component Files used:</h2>

   * Component: ARM::CMSIS:CORE@6.2.0
      Include file:  CMSIS/Core/Include/tz_context.h
Build Time Elapsed:  00:01:19
</pre>
</body>
</html>
